****************************************
Report : timing
	-path_type full
	-delay_type max
	-max_paths 1
	-sort_by slack
Design : top
Version: S-2021.06-SP1
Date   : Thu Dec 15 11:48:14 2022
****************************************


  Startpoint: inp[8] (input port clocked by clk)
  Endpoint: out[0] (output port clocked by clk)
  Path Group: clk
  Path Type: max

  Point                                    Incr       Path
  ---------------------------------------------------------------
  clock clk (rise edge)                   0.000      0.000
  clock network delay (ideal)             0.000      0.000
  input external delay                    0.000      0.000 f
  inp[8] (in)                             0.000      0.000 f
  U889/Y (OR2X1)                       2121040.000
                                                  2121040.000 f
  U903/Y (NOR2X1)                      1636464.000
                                                  3757504.000 r
  U911/Y (INVX1)                       1007168.000
                                                  4764672.000 f
  U662/Y (AND2X1)                      2036992.000
                                                  6801664.000 f
  U913/Y (NAND2X1)                     859744.000 7661408.000 r
  U304/Y (AND2X1)                      2174352.000
                                                  9835760.000 r
  U305/Y (INVX1)                       732848.000 10568608.000 f
  U914/Y (INVX1)                       474336.000 11042944.000 r
  U86/Y (AND2X1)                       1878448.000
                                                  12921392.000 r
  U87/Y (INVX1)                        715520.000 13636912.000 f
  U296/Y (AND2X1)                      2034880.000
                                                  15671792.000 f
  U297/Y (INVX1)                       -307616.000
                                                  15364176.000 r
  U921/Y (INVX1)                       652016.000 16016192.000 f
  U922/Y (NAND2X1)                     1285840.000
                                                  17302032.000 r
  U106/Y (AND2X1)                      2174544.000
                                                  19476576.000 r
  U107/Y (INVX1)                       715576.000 20192152.000 f
  U394/Y (AND2X1)                      2034872.000
                                                  22227024.000 f
  U395/Y (INVX1)                       -229824.000
                                                  21997200.000 r
  U923/Y (INVX1)                       651864.000 22649064.000 f
  U924/Y (NAND2X1)                     1291784.000
                                                  23940848.000 r
  U928/Y (NAND2X1)                     848656.000 24789504.000 f
  U702/Y (AND2X1)                      2444552.000
                                                  27234056.000 f
  U224/Y (AND2X1)                      2427200.000
                                                  29661256.000 f
  U225/Y (INVX1)                       -1386896.000
                                                  28274360.000 r
  U292/Y (AND2X1)                      1881960.000
                                                  30156320.000 r
  U293/Y (INVX1)                       707784.000 30864104.000 f
  U390/Y (AND2X1)                      2034888.000
                                                  32898992.000 f
  U391/Y (INVX1)                       -1439760.000
                                                  31459232.000 r
  U543/Y (AND2X1)                      1881504.000
                                                  33340736.000 r
  U544/Y (INVX1)                       707704.000 34048440.000 f
  U1002/Y (NAND2X1)                    1362936.000
                                                  35411376.000 r
  U1005/Y (INVX1)                      1069312.000
                                                  36480688.000 f
  U346/Y (AND2X1)                      2458288.000
                                                  38938976.000 f
  U347/Y (INVX1)                       -1173736.000
                                                  37765240.000 r
  U529/Y (AND2X1)                      1881336.000
                                                  39646576.000 r
  U530/Y (INVX1)                       715632.000 40362208.000 f
  U440/Y (AND2X1)                      2460936.000
                                                  42823144.000 f
  U1007/Y (NAND2X1)                    1325256.000
                                                  44148400.000 r
  U698/Y (INVX1)                       913600.000 45062000.000 f
  U699/Y (INVX1)                       446232.000 45508232.000 r
  U1008/Y (NAND2X1)                    1051792.000
                                                  46560024.000 f
  U549/Y (AND2X1)                      2044160.000
                                                  48604184.000 f
  U550/Y (INVX1)                       -1278816.000
                                                  47325368.000 r
  U1013/Y (OR2X1)                      1641584.000
                                                  48966952.000 r
  U571/Y (AND2X1)                      2196632.000
                                                  51163584.000 r
  U572/Y (INVX1)                       708376.000 51871960.000 f
  U1014/Y (NAND2X1)                    924544.000 52796504.000 r
  U1020/Y (OR2X1)                      2330480.000
                                                  55126984.000 r
  U587/Y (AND2X1)                      2196632.000
                                                  57323616.000 r
  U588/Y (INVX1)                       708376.000 58031992.000 f
  U1021/Y (NAND2X1)                    924544.000 58956536.000 r
  U1022/Y (OR2X1)                      2330472.000
                                                  61287008.000 r
  U591/Y (AND2X1)                      2196632.000
                                                  63483640.000 r
  U592/Y (INVX1)                       708376.000 64192016.000 f
  U260/Y (AND2X1)                      2458072.000
                                                  66650088.000 f
  U261/Y (INVX1)                       -1175048.000
                                                  65475040.000 r
  U1027/Y (NOR2X1)                     553552.000 66028592.000 f
  U1028/Y (NOR2X1)                     1193248.000
                                                  67221840.000 r
  U460/Y (AND2X1)                      1837432.000
                                                  69059272.000 r
  U461/Y (INVX1)                       708464.000 69767736.000 f
  U120/Y (AND2X1)                      2034928.000
                                                  71802664.000 f
  U121/Y (INVX1)                       -1291712.000
                                                  70510952.000 r
  U1044/Y (NOR2X1)                     554496.000 71065448.000 f
  U1045/Y (NOR2X1)                     1633904.000
                                                  72699352.000 r
  U1072/Y (INVX1)                      1004952.000
                                                  73704304.000 f
  U1074/Y (XOR2X1)                     5589592.000
                                                  79293896.000 r
  U519/Y (AND2X1)                      1818248.000
                                                  81112144.000 r
  U520/Y (INVX1)                       713304.000 81825448.000 f
  U274/Y (AND2X1)                      2034872.000
                                                  83860320.000 f
  U275/Y (INVX1)                       -1267216.000
                                                  82593104.000 r
  U561/Y (AND2X1)                      2198712.000
                                                  84791816.000 r
  U562/Y (INVX1)                       707704.000 85499520.000 f
  U704/Y (AND2X1)                      2460928.000
                                                  87960448.000 f
  U705/Y (INVX1)                       -1164936.000
                                                  86795512.000 r
  U1086/Y (XOR2X1)                     4508752.000
                                                  91304264.000 f
  U1089/Y (NAND2X1)                    1749472.000
                                                  93053736.000 r
  U710/Y (INVX1)                       982592.000 94036328.000 f
  U711/Y (INVX1)                       458856.000 94495184.000 r
  U1095/Y (NAND2X1)                    1055104.000
                                                  95550288.000 f
  U178/Y (AND2X1)                      2441840.000
                                                  97992128.000 f
  U179/Y (INVX1)                       -1292208.000
                                                  96699920.000 r
  U164/Y (AND2X1)                      1881904.000
                                                  98581824.000 r
  U165/Y (INVX1)                       715552.000 99297376.000 f
  U1099/Y (NOR2X1)                     1163488.000
                                                  100460864.000 r
  U216/Y (AND2X1)                      2181656.000
                                                  102642520.000 r
  U217/Y (INVX1)                       713256.000 103355776.000 f
  U372/Y (AND2X1)                      2034872.000
                                                  105390648.000 f
  U373/Y (INVX1)                       -1324056.000
                                                  104066592.000 r
  U1102/Y (OR2X1)                      1639552.000
                                                  105706144.000 r
  U654/Y (AND2X1)                      2196824.000
                                                  107902968.000 r
  U655/Y (INVX1)                       708536.000 108611504.000 f
  U1103/Y (NOR2X1)                     1157584.000
                                                  109769088.000 r
  U1105/Y (NOR2X1)                     156912.000 109926000.000 f
  U1106/Y (NAND2X1)                    885112.000 110811112.000 r
  U96/Y (AND2X1)                       2174552.000
                                                  112985664.000 r
  U97/Y (INVX1)                        715568.000 113701232.000 f
  U521/Y (AND2X1)                      2034872.000
                                                  115736104.000 f
  U522/Y (INVX1)                       -1291624.000
                                                  114444480.000 r
  U1108/Y (NAND2X1)                    800480.000 115244960.000 f
  U92/Y (AND2X1)                       2441952.000
                                                  117686912.000 f
  U93/Y (INVX1)                        -1291536.000
                                                  116395376.000 r
  U509/Y (AND2X1)                      1881904.000
                                                  118277280.000 r
  U510/Y (INVX1)                       707568.000 118984848.000 f
  U1114/Y (NOR2X1)                     1157504.000
                                                  120142352.000 r
  U436/Y (AND2X1)                      2179616.000
                                                  122321968.000 r
  U434/Y (AND2X1)                      2181040.000
                                                  124503008.000 r
  U435/Y (INVX1)                       713456.000 125216464.000 f
  U328/Y (AND2X1)                      2034872.000
                                                  127251336.000 f
  U329/Y (INVX1)                       -307144.000
                                                  126944192.000 r
  U1126/Y (INVX1)                      652240.000 127596432.000 f
  U1127/Y (NAND2X1)                    1285968.000
                                                  128882400.000 r
  U250/Y (AND2X1)                      2174536.000
                                                  131056936.000 r
  U251/Y (INVX1)                       715792.000 131772728.000 f
  U433/Y (NAND2X1)                     918824.000 132691552.000 r
  U1129/Y (NAND2X1)                    848288.000 133539840.000 f
  U1130/Y (NAND2X1)                    886128.000 134425968.000 r
  U122/Y (AND2X1)                      2174528.000
                                                  136600496.000 r
  U123/Y (INVX1)                       715584.000 137316080.000 f
  U475/Y (AND2X1)                      2034864.000
                                                  139350944.000 f
  U476/Y (INVX1)                       -1449120.000
                                                  137901824.000 r
  U294/Y (AND2X1)                      2199136.000
                                                  140100960.000 r
  U295/Y (INVX1)                       707792.000 140808752.000 f
  U565/Y (AND2X1)                      2034896.000
                                                  142843648.000 f
  U566/Y (INVX1)                       -1452832.000
                                                  141390816.000 r
  U100/Y (AND2X1)                      1882000.000
                                                  143272816.000 r
  U101/Y (INVX1)                       715584.000 143988400.000 f
  U573/Y (AND2X1)                      2034864.000
                                                  146023264.000 f
  U574/Y (INVX1)                       -1340480.000
                                                  144682784.000 r
  U1137/Y (NAND2X1)                    1049888.000
                                                  145732672.000 f
  U499/Y (AND2X1)                      2044128.000
                                                  147776800.000 f
  U500/Y (INVX1)                       -1291664.000
                                                  146485136.000 r
  U648/Y (AND2X1)                      1881888.000
                                                  148367024.000 r
  U649/Y (INVX1)                       708544.000 149075568.000 f
  U1142/Y (AND2X1)                     2235376.000
                                                  151310944.000 f
  out[0] (out)                            0.000   151310944.000 f
  data arrival time                               151310944.000

  clock clk (rise edge)                200000000.000
                                                  200000000.000
  clock network delay (ideal)             0.000   200000000.000
  clock reconvergence pessimism           0.000   200000000.000
  output external delay                   0.000   200000000.000
  data required time                              200000000.000
  ---------------------------------------------------------------
  data required time                              200000000.000
  data arrival time                               -151310944.000
  ---------------------------------------------------------------
  slack (MET)                                     48689056.000


1
