 
****************************************
Report : timing
        -path full
        -delay max
        -max_paths 1
Design : top
Version: S-2021.06-SP2
Date   : Fri Dec 16 10:51:16 2022
****************************************

Operating Conditions: TT   Library: PPDK_Standard_Library_1.0V_25C_TYP_X1
Wire Load Model Mode: top

  Startpoint: inp[12] (input port clocked by clk)
  Endpoint: out[0] (output port clocked by clk)
  Path Group: clk
  Path Type: max

  Point                                    Incr       Path
  -----------------------------------------------------------
  clock clk (rise edge)                   0.000      0.000
  clock network delay (ideal)             0.000      0.000
  input external delay                    0.000      0.000 f
  inp[12] (in)                            0.000      0.000 f
  U1095/Y (NAND2X1)                    1282053.625
                                                  1282053.625 r
  U423/Y (AND2X1)                      2174743.500
                                                  3456797.000 r
  U424/Y (INVX1)                       732733.000 4189530.000 f
  U1098/Y (NAND2X1)                    1302438.000
                                                  5491968.000 r
  U576/Y (AND2X1)                      2173520.000
                                                  7665488.000 r
  U577/Y (INVX1)                       715907.500 8381395.500 f
  U1099/Y (NAND2X1)                    924551.500 9305947.000 r
  U1100/Y (OR2X1)                      2548490.000
                                                  11854437.000 r
  U592/Y (AND2X1)                      2196641.000
                                                  14051078.000 r
  U593/Y (INVX1)                       708595.000 14759673.000 f
  U1138/Y (XOR2X1)                     5588501.000
                                                  20348174.000 r
  U504/Y (NAND2X1)                     848458.000 21196632.000 f
  U1139/Y (NAND2X1)                    1345412.000
                                                  22542044.000 r
  U1141/Y (INVX1)                      1069296.000
                                                  23611340.000 f
  U1142/Y (NAND2X1)                    1357520.000
                                                  24968860.000 r
  U741/Y (INVX1)                       942206.000 25911066.000 f
  U742/Y (INVX1)                       445850.000 26356916.000 r
  U1143/Y (NAND2X1)                    1051798.000
                                                  27408714.000 f
  U1144/Y (NAND2X1)                    1385476.000
                                                  28794190.000 r
  U343/Y (AND2X1)                      2166658.000
                                                  30960848.000 r
  U344/Y (INVX1)                       718362.000 31679210.000 f
  U694/Y (AND2X1)                      2034886.000
                                                  33714096.000 f
  U695/Y (INVX1)                       -1451020.000
                                                  32263076.000 r
  U1150/Y (NAND2X1)                    928772.000 33191848.000 f
  U240/Y (AND2X1)                      2439652.000
                                                  35631500.000 f
  U241/Y (INVX1)                       -1293752.000
                                                  34337748.000 r
  U234/Y (AND2X1)                      1881408.000
                                                  36219156.000 r
  U235/Y (INVX1)                       715452.000 36934608.000 f
  U1153/Y (NAND2X1)                    924544.000 37859152.000 r
  U1156/Y (OR2X1)                      2548208.000
                                                  40407360.000 r
  U264/Y (AND2X1)                      1882936.000
                                                  42290296.000 r
  U265/Y (INVX1)                       718352.000 43008648.000 f
  U526/Y (XNOR2X1)                     4293076.000
                                                  47301724.000 r
  U813/Y (INVX1)                       965968.000 48267692.000 f
  U397/Y (AND2X1)                      2458148.000
                                                  50725840.000 f
  U398/Y (INVX1)                       -1174624.000
                                                  49551216.000 r
  U506/Y (AND2X1)                      2198884.000
                                                  51750100.000 r
  U507/Y (INVX1)                       707644.000 52457744.000 f
  U499/Y (NAND2X1)                     1291604.000
                                                  53749348.000 r
  U564/Y (AND2X1)                      1818352.000
                                                  55567700.000 r
  U565/Y (INVX1)                       715612.000 56283312.000 f
  U496/Y (NAND2X1)                     918812.000 57202124.000 r
  U483/Y (AND2X1)                      1818908.000
                                                  59021032.000 r
  U484/Y (INVX1)                       725112.000 59746144.000 f
  U1289/Y (INVX1)                      439048.000 60185192.000 r
  U521/Y (AND2X1)                      1880836.000
                                                  62066028.000 r
  U522/Y (INVX1)                       714760.000 62780788.000 f
  U1293/Y (NAND2X1)                    1362936.000
                                                  64143724.000 r
  U763/Y (AND2X1)                      1797228.000
                                                  65940952.000 r
  U764/Y (INVX1)                       708272.000 66649224.000 f
  U524/Y (AND2X1)                      2458024.000
                                                  69107248.000 f
  U525/Y (INVX1)                       -205944.000
                                                  68901304.000 r
  U1361/Y (XOR2X1)                     4665064.000
                                                  73566368.000 f
  U1372/Y (NAND2X1)                    835392.000 74401760.000 r
  U244/Y (AND2X1)                      2167728.000
                                                  76569488.000 r
  U245/Y (INVX1)                       718232.000 77287720.000 f
  U302/Y (AND2X1)                      2034896.000
                                                  79322616.000 f
  U303/Y (INVX1)                       -1449208.000
                                                  77873408.000 r
  U429/Y (AND2X1)                      1882000.000
                                                  79755408.000 r
  U430/Y (INVX1)                       716024.000 80471432.000 f
  U529/Y (XNOR2X1)                     6391112.000
                                                  86862544.000 f
  U1381/Y (XOR2X1)                     5289424.000
                                                  92151968.000 r
  U1398/Y (OR2X1)                      2350104.000
                                                  94502072.000 r
  U582/Y (AND2X1)                      1875560.000
                                                  96377632.000 r
  U583/Y (INVX1)                       715832.000 97093464.000 f
  U1440/Y (XOR2X1)                     4914928.000
                                                  102008392.000 r
  U684/Y (AND2X1)                      2173720.000
                                                  104182112.000 r
  U685/Y (INVX1)                       715840.000 104897952.000 f
  U1442/Y (NAND2X1)                    1291584.000
                                                  106189536.000 r
  U1444/Y (OR2X1)                      2340024.000
                                                  108529560.000 r
  U664/Y (AND2X1)                      1876104.000
                                                  110405664.000 r
  U665/Y (INVX1)                       715096.000 111120760.000 f
  U1446/Y (NAND2X1)                    1291592.000
                                                  112412352.000 r
  U1447/Y (OR2X1)                      2340040.000
                                                  114752392.000 r
  U698/Y (AND2X1)                      1876104.000
                                                  116628496.000 r
  U699/Y (INVX1)                       715512.000 117344008.000 f
  U1451/Y (NAND2X1)                    1285616.000
                                                  118629624.000 r
  U1452/Y (NAND2X1)                    1126400.000
                                                  119756024.000 f
  U638/Y (AND2X1)                      2045536.000
                                                  121801560.000 f
  U639/Y (INVX1)                       -1340456.000
                                                  120461104.000 r
  U751/Y (AND2X1)                      2199112.000
                                                  122660216.000 r
  U752/Y (INVX1)                       707568.000 123367784.000 f
  U1511/Y (AND2X1)                     2235376.000
                                                  125603160.000 f
  out[0] (out)                            0.000   125603160.000 f
  data arrival time                               125603160.000

  clock clk (rise edge)                200000000.000
                                                  200000000.000
  clock network delay (ideal)             0.000   200000000.000
  output external delay                   0.000   200000000.000
  data required time                              200000000.000
  -----------------------------------------------------------
  data required time                              200000000.000
  data arrival time                               -125603160.000
  -----------------------------------------------------------
  slack (MET)                                     74396840.000


1
