****************************************
Report : timing
	-path_type full
	-delay_type max
	-max_paths 1
	-sort_by slack
Design : top
Version: S-2021.06-SP1
Date   : Thu Dec 15 12:58:45 2022
****************************************


  Startpoint: inp[3] (input port clocked by clk)
  Endpoint: out[0] (output port clocked by clk)
  Path Group: clk
  Path Type: max

  Point                                    Incr       Path
  ---------------------------------------------------------------
  clock clk (rise edge)                   0.000      0.000
  clock network delay (ideal)             0.000      0.000
  input external delay                    0.000      0.000 f
  inp[3] (in)                             0.000      0.000 f
  U776/Y (INVX1)                       582656.000 582656.000 r
  U732/Y (AND2X1)                      2203904.000
                                                  2786560.000 r
  U733/Y (INVX1)                       717424.000 3503984.000 f
  U878/Y (NAND2X1)                     1291728.000
                                                  4795712.000 r
  U223/Y (AND2X1)                      2174384.000
                                                  6970096.000 r
  U224/Y (INVX1)                       715840.000 7685936.000 f
  U881/Y (AND2X1)                      2249552.000
                                                  9935488.000 f
  U882/Y (XOR2X1)                      5462688.000
                                                  15398176.000 r
  U636/Y (AND2X1)                      2174896.000
                                                  17573072.000 r
  U637/Y (INVX1)                       715456.000 18288528.000 f
  U436/Y (AND2X1)                      2034880.000
                                                  20323408.000 f
  U437/Y (INVX1)                       -1151072.000
                                                  19172336.000 r
  U883/Y (NAND2X1)                     1051808.000
                                                  20224144.000 f
  U512/Y (AND2X1)                      2441920.000
                                                  22666064.000 f
  U513/Y (INVX1)                       -1291792.000
                                                  21374272.000 r
  U676/Y (AND2X1)                      1881904.000
                                                  23256176.000 r
  U677/Y (INVX1)                       708528.000 23964704.000 f
  U219/Y (AND2X1)                      2034896.000
                                                  25999600.000 f
  U220/Y (INVX1)                       -1279328.000
                                                  24720272.000 r
  U506/Y (AND2X1)                      1881408.000
                                                  26601680.000 r
  U507/Y (INVX1)                       707696.000 27309376.000 f
  U71/Y (AND2X1)                       2034880.000
                                                  29344256.000 f
  U72/Y (INVX1)                        -1327920.000
                                                  28016336.000 r
  U75/Y (AND2X1)                       2198912.000
                                                  30215248.000 r
  U76/Y (INVX1)                        707856.000 30923104.000 f
  U121/Y (AND2X1)                      2458048.000
                                                  33381152.000 f
  U122/Y (INVX1)                       -1187472.000
                                                  32193680.000 r
  U478/Y (AND2X1)                      1881840.000
                                                  34075520.000 r
  U479/Y (INVX1)                       708608.000 34784128.000 f
  U891/Y (NAND2X1)                     1357264.000
                                                  36141392.000 r
  U53/Y (INVX1)                        980992.000 37122384.000 f
  U54/Y (INVX1)                        445320.000 37567704.000 r
  U892/Y (NAND2X1)                     1051792.000
                                                  38619496.000 f
  U319/Y (AND2X1)                      2044160.000
                                                  40663656.000 f
  U320/Y (INVX1)                       -331328.000
                                                  40332328.000 r
  U893/Y (INVX1)                       656896.000 40989224.000 f
  U896/Y (NAND2X1)                     1285808.000
                                                  42275032.000 r
  U670/Y (AND2X1)                      1818744.000
                                                  44093776.000 r
  U671/Y (INVX1)                       707912.000 44801688.000 f
  U901/Y (NAND2X1)                     1285928.000
                                                  46087616.000 r
  U658/Y (AND2X1)                      2174536.000
                                                  48262152.000 r
  U659/Y (INVX1)                       716008.000 48978160.000 f
  U906/Y (NAND2X1)                     918760.000 49896920.000 r
  U656/Y (AND2X1)                      1818760.000
                                                  51715680.000 r
  U657/Y (INVX1)                       707856.000 52423536.000 f
  U907/Y (NAND2X1)                     1285776.000
                                                  53709312.000 r
  U43/Y (AND2X1)                       1818752.000
                                                  55528064.000 r
  U44/Y (INVX1)                        714096.000 56242160.000 f
  U159/Y (AND2X1)                      2457912.000
                                                  58700072.000 f
  U160/Y (INVX1)                       -1188376.000
                                                  57511696.000 r
  U758/Y (AND2X1)                      1889000.000
                                                  59400696.000 r
  U759/Y (INVX1)                       713416.000 60114112.000 f
  U1053/Y (NOR2X1)                     1157696.000
                                                  61271808.000 r
  U65/Y (AND2X1)                       2183824.000
                                                  63455632.000 r
  U66/Y (INVX1)                        712552.000 64168184.000 f
  U1054/Y (NOR2X1)                     1163488.000
                                                  65331672.000 r
  U518/Y (AND2X1)                      2183656.000
                                                  67515328.000 r
  U519/Y (INVX1)                       712824.000 68228152.000 f
  U1055/Y (NAND2X1)                    918824.000 69146976.000 r
  U307/Y (AND2X1)                      2174520.000
                                                  71321496.000 r
  U308/Y (INVX1)                       732800.000 72054296.000 f
  U1056/Y (INVX1)                      440384.000 72494680.000 r
  U1057/Y (NAND2X1)                    1053352.000
                                                  73548032.000 f
  U385/Y (NAND2X1)                     891728.000 74439760.000 r
  U740/Y (XNOR2X1)                     6321488.000
                                                  80761248.000 r
  U741/Y (INVX1)                       820976.000 81582224.000 f
  U1064/Y (XOR2X1)                     4910760.000
                                                  86492984.000 r
  U1070/Y (NAND2X1)                    930416.000 87423400.000 f
  U265/Y (AND2X1)                      2045552.000
                                                  89468952.000 f
  U266/Y (INVX1)                       -307600.000
                                                  89161352.000 r
  U550/Y (AND2X1)                      2183840.000
                                                  91345192.000 r
  U551/Y (INVX1)                       712544.000 92057736.000 f
  U255/Y (AND2X1)                      2034872.000
                                                  94092608.000 f
  U256/Y (INVX1)                       -1279680.000
                                                  92812928.000 r
  U460/Y (AND2X1)                      1881400.000
                                                  94694328.000 r
  U461/Y (INVX1)                       708056.000 95402384.000 f
  U1129/Y (AND2X1)                     2241040.000
                                                  97643424.000 f
  U367/Y (XNOR2X1)                     5981408.000
                                                  103624832.000 f
  U368/Y (INVX1)                       -1279400.000
                                                  102345432.000 r
  U1130/Y (NAND2X1)                    1051128.000
                                                  103396560.000 f
  U99/Y (AND2X1)                       2441936.000
                                                  105838496.000 f
  U100/Y (INVX1)                       -1291648.000
                                                  104546848.000 r
  U490/Y (AND2X1)                      1881904.000
                                                  106428752.000 r
  U491/Y (INVX1)                       707640.000 107136392.000 f
  U287/Y (AND2X1)                      2458072.000
                                                  109594464.000 f
  U288/Y (INVX1)                       -1175048.000
                                                  108419416.000 r
  U554/Y (AND2X1)                      1881336.000
                                                  110300752.000 r
  U555/Y (INVX1)                       712608.000 111013360.000 f
  U576/Y (AND2X1)                      2034872.000
                                                  113048232.000 f
  U577/Y (INVX1)                       -1276872.000
                                                  111771360.000 r
  U586/Y (AND2X1)                      1881888.000
                                                  113653248.000 r
  U587/Y (INVX1)                       715576.000 114368824.000 f
  U1136/Y (NOR2X1)                     1627624.000
                                                  115996448.000 r
  U81/Y (AND2X1)                       1806784.000
                                                  117803232.000 r
  U82/Y (INVX1)                        715912.000 118519144.000 f
  U556/Y (AND2X1)                      2034872.000
                                                  120554016.000 f
  U557/Y (INVX1)                       -1452584.000
                                                  119101432.000 r
  U103/Y (AND2X1)                      1882000.000
                                                  120983432.000 r
  U104/Y (INVX1)                       715544.000 121698976.000 f
  U157/Y (AND2X1)                      2034864.000
                                                  123733840.000 f
  U158/Y (INVX1)                       -1187440.000
                                                  122546400.000 r
  U572/Y (AND2X1)                      1881840.000
                                                  124428240.000 r
  U573/Y (INVX1)                       712616.000 125140856.000 f
  U175/Y (AND2X1)                      2034872.000
                                                  127175728.000 f
  U176/Y (INVX1)                       -1354768.000
                                                  125820960.000 r
  U711/Y (AND2X1)                      1889120.000
                                                  127710080.000 r
  U768/Y (INVX1)                       713648.000 128423728.000 f
  U1145/Y (NAND2X1)                    918632.000 129342360.000 r
  U83/Y (AND2X1)                       2174680.000
                                                  131517040.000 r
  U84/Y (INVX1)                        715520.000 132232560.000 f
  U458/Y (AND2X1)                      2458080.000
                                                  134690640.000 f
  U459/Y (INVX1)                       -1187232.000
                                                  133503408.000 r
  U566/Y (AND2X1)                      2199072.000
                                                  135702480.000 r
  U567/Y (INVX1)                       707584.000 136410064.000 f
  U1146/Y (NAND2X1)                    1291616.000
                                                  137701680.000 r
  U588/Y (AND2X1)                      2174400.000
                                                  139876080.000 r
  U589/Y (INVX1)                       715616.000 140591696.000 f
  U424/Y (AND2X1)                      2460944.000
                                                  143052640.000 f
  U185/Y (AND2X1)                      2428960.000
                                                  145481600.000 f
  U186/Y (INVX1)                       -1375536.000
                                                  144106064.000 r
  U129/Y (AND2X1)                      1881952.000
                                                  145988016.000 r
  U130/Y (INVX1)                       715632.000 146703648.000 f
  U1158/Y (NOR2X1)                     1157488.000
                                                  147861136.000 r
  U1159/Y (NAND2X1)                    833328.000 148694464.000 f
  U85/Y (AND2X1)                       2441968.000
                                                  151136432.000 f
  U86/Y (INVX1)                        -1291424.000
                                                  149845008.000 r
  U578/Y (AND2X1)                      1881904.000
                                                  151726912.000 r
  U579/Y (INVX1)                       707584.000 152434496.000 f
  U401/Y (NAND2X1)                     1285632.000
                                                  153720128.000 r
  U203/Y (AND2X1)                      1818784.000
                                                  155538912.000 r
  U204/Y (INVX1)                       715760.000 156254672.000 f
  U464/Y (AND2X1)                      2458064.000
                                                  158712736.000 f
  U465/Y (INVX1)                       -1187440.000
                                                  157525296.000 r
  U430/Y (AND2X1)                      1889008.000
                                                  159414304.000 r
  U431/Y (INVX1)                       712272.000 160126576.000 f
  U548/Y (AND2X1)                      2034864.000
                                                  162161440.000 f
  U549/Y (INVX1)                       -1291696.000
                                                  160869744.000 r
  U558/Y (AND2X1)                      1881904.000
                                                  162751648.000 r
  U559/Y (INVX1)                       713504.000 163465152.000 f
  U1163/Y (NAND2X1)                    1285632.000
                                                  164750784.000 r
  U450/Y (AND2X1)                      2174560.000
                                                  166925344.000 r
  U451/Y (INVX1)                       715568.000 167640912.000 f
  U1164/Y (NOR2X1)                     1151504.000
                                                  168792416.000 r
  out[0] (out)                            0.000   168792416.000 r
  data arrival time                               168792416.000

  clock clk (rise edge)                200000000.000
                                                  200000000.000
  clock network delay (ideal)             0.000   200000000.000
  clock reconvergence pessimism           0.000   200000000.000
  output external delay                   0.000   200000000.000
  data required time                              200000000.000
  ---------------------------------------------------------------
  data required time                              200000000.000
  data arrival time                               -168792416.000
  ---------------------------------------------------------------
  slack (MET)                                     31207584.000


1
