 
****************************************
Report : timing
        -path full
        -delay max
        -max_paths 1
Design : top
Version: S-2021.06-SP2
Date   : Thu Dec 15 10:11:46 2022
****************************************

Operating Conditions: TT   Library: PPDK_Standard_Library_1.0V_25C_TYP_X1
Wire Load Model Mode: top

  Startpoint: inp[8] (input port clocked by clk)
  Endpoint: out[0] (output port clocked by clk)
  Path Group: clk
  Path Type: max

  Point                                    Incr       Path
  -----------------------------------------------------------
  clock clk (rise edge)                   0.000      0.000
  clock network delay (ideal)             0.000      0.000
  input external delay                    0.000      0.000 f
  inp[8] (in)                             0.000      0.000 f
  U741/Y (NAND2X1)                     1282045.000
                                                  1282045.000 r
  U743/Y (NAND2X1)                     849029.000 2131074.000 f
  U757/Y (NAND2X1)                     891582.000 3022656.000 r
  U654/Y (XNOR2X1)                     6468318.000
                                                  9490974.000 r
  U655/Y (INVX1)                       828970.000 10319944.000 f
  U912/Y (XOR2X1)                      4913994.000
                                                  15233938.000 r
  U692/Y (XNOR2X1)                     6360586.000
                                                  21594524.000 r
  U148/Y (AND2X1)                      2178862.000
                                                  23773386.000 r
  U149/Y (INVX1)                       714168.000 24487554.000 f
  U126/Y (AND2X1)                      2458080.000
                                                  26945634.000 f
  U127/Y (INVX1)                       -229812.000
                                                  26715822.000 r
  U983/Y (NAND2X1)                     1097474.000
                                                  27813296.000 f
  U984/Y (NAND2X1)                     1747976.000
                                                  29561272.000 r
  U341/Y (INVX1)                       1114828.000
                                                  30676100.000 f
  U342/Y (INVX1)                       457110.000 31133210.000 r
  U987/Y (XNOR2X1)                     5848570.000
                                                  36981780.000 r
  U988/Y (INVX1)                       828448.000 37810228.000 f
  U989/Y (NAND2X1)                     1285220.000
                                                  39095448.000 r
  U990/Y (NAND2X1)                     929300.000 40024748.000 f
  U991/Y (INVX1)                       -517548.000
                                                  39507200.000 r
  U992/Y (OR2X1)                       1655680.000
                                                  41162880.000 r
  U1020/Y (NAND2X1)                    804816.000 41967696.000 f
  U1022/Y (NAND2X1)                    1336848.000
                                                  43304544.000 r
  U377/Y (INVX1)                       1123268.000
                                                  44427812.000 f
  U378/Y (INVX1)                       457200.000 44885012.000 r
  U1023/Y (OR2X1)                      1662232.000
                                                  46547244.000 r
  U481/Y (AND2X1)                      1876284.000
                                                  48423528.000 r
  U482/Y (INVX1)                       715592.000 49139120.000 f
  U1035/Y (NAND2X1)                    1303520.000
                                                  50442640.000 r
  U1036/Y (NOR2X1)                     -97224.000 50345416.000 f
  U711/Y (OR2X1)                       2090224.000
                                                  52435640.000 f
  U1042/Y (NAND2X1)                    1331208.000
                                                  53766848.000 r
  U373/Y (INVX1)                       1109140.000
                                                  54875988.000 f
  U374/Y (INVX1)                       457392.000 55333380.000 r
  U1043/Y (OR2X1)                      1662236.000
                                                  56995616.000 r
  U59/Y (AND2X1)                       1876168.000
                                                  58871784.000 r
  U60/Y (INVX1)                        718152.000 59589936.000 f
  U1048/Y (NAND2X1)                    1746816.000
                                                  61336752.000 r
  U371/Y (INVX1)                       1217716.000
                                                  62554468.000 f
  U372/Y (INVX1)                       455936.000 63010404.000 r
  U1049/Y (OR2X1)                      1662228.000
                                                  64672632.000 r
  U1053/Y (NAND2X1)                    804728.000 65477360.000 f
  U1055/Y (NAND2X1)                    1336848.000
                                                  66814208.000 r
  U303/Y (INVX1)                       1123136.000
                                                  67937344.000 f
  U304/Y (INVX1)                       450304.000 68387648.000 r
  U1056/Y (NAND2X1)                    1052376.000
                                                  69440024.000 f
  U1058/Y (NAND2X1)                    1345344.000
                                                  70785368.000 r
  U79/Y (AND2X1)                       2165632.000
                                                  72951000.000 r
  U80/Y (INVX1)                        718480.000 73669480.000 f
  U1079/Y (NAND2X1)                    1746816.000
                                                  75416296.000 r
  U1080/Y (INVX1)                      1213088.000
                                                  76629384.000 f
  U1081/Y (NAND2X1)                    1326576.000
                                                  77955960.000 r
  U405/Y (AND2X1)                      1886648.000
                                                  79842608.000 r
  U705/Y (INVX1)                       736368.000 80578976.000 f
  U1540/Y (NAND2X1)                    1286120.000
                                                  81865096.000 r
  U1541/Y (NAND2X1)                    1129176.000
                                                  82994272.000 f
  U63/Y (AND2X1)                       2439520.000
                                                  85433792.000 f
  U64/Y (INVX1)                        -1307224.000
                                                  84126568.000 r
  U612/Y (AND2X1)                      1889064.000
                                                  86015632.000 r
  U613/Y (INVX1)                       725000.000 86740632.000 f
  U1543/Y (NAND2X1)                    918776.000 87659408.000 r
  U485/Y (AND2X1)                      1818728.000
                                                  89478136.000 r
  U486/Y (INVX1)                       715416.000 90193552.000 f
  U1545/Y (NAND2X1)                    1362944.000
                                                  91556496.000 r
  U1549/Y (INVX1)                      1216992.000
                                                  92773488.000 f
  U1550/Y (NAND2X1)                    1284232.000
                                                  94057720.000 r
  U618/Y (AND2X1)                      2169592.000
                                                  96227312.000 r
  U619/Y (INVX1)                       721640.000 96948952.000 f
  U1551/Y (NAND2X1)                    1285864.000
                                                  98234816.000 r
  U483/Y (AND2X1)                      1818728.000
                                                  100053544.000 r
  U484/Y (INVX1)                       716120.000 100769664.000 f
  U1563/Y (NAND2X1)                    1746816.000
                                                  102516480.000 r
  U1564/Y (INVX1)                      1212672.000
                                                  103729152.000 f
  U1565/Y (NAND2X1)                    1284248.000
                                                  105013400.000 r
  U620/Y (AND2X1)                      2169592.000
                                                  107182992.000 r
  U170/Y (AND2X1)                      2181136.000
                                                  109364128.000 r
  U171/Y (INVX1)                       713424.000 110077552.000 f
  U505/Y (AND2X1)                      2034872.000
                                                  112112424.000 f
  U506/Y (INVX1)                       -1452744.000
                                                  110659680.000 r
  U198/Y (AND2X1)                      2199144.000
                                                  112858824.000 r
  U199/Y (INVX1)                       708232.000 113567056.000 f
  U1567/Y (NAND2X1)                    918704.000 114485760.000 r
  U503/Y (AND2X1)                      1818688.000
                                                  116304448.000 r
  U504/Y (INVX1)                       715896.000 117020344.000 f
  U1570/Y (NAND2X1)                    1357296.000
                                                  118377640.000 r
  U1571/Y (INVX1)                      1071160.000
                                                  119448800.000 f
  U1572/Y (NAND2X1)                    1284720.000
                                                  120733520.000 r
  U1573/Y (NAND2X1)                    1128816.000
                                                  121862336.000 f
  U1574/Y (AND2X1)                     1858920.000
                                                  123721256.000 f
  U1681/Y (XOR2X1)                     5952096.000
                                                  129673352.000 r
  U1682/Y (INVX1)                      1237328.000
                                                  130910680.000 f
  U1683/Y (NAND2X1)                    1283824.000
                                                  132194504.000 r
  U1684/Y (NAND2X1)                    1125936.000
                                                  133320440.000 f
  U1688/Y (NAND2X1)                    881232.000 134201672.000 r
  U1689/Y (NAND2X1)                    1126408.000
                                                  135328080.000 f
  U1692/Y (NAND2X1)                    1336880.000
                                                  136664960.000 r
  U1693/Y (INVX1)                      1098448.000
                                                  137763408.000 f
  out[0] (out)                            0.000   137763408.000 f
  data arrival time                               137763408.000

  clock clk (rise edge)                200000000.000
                                                  200000000.000
  clock network delay (ideal)             0.000   200000000.000
  output external delay                   0.000   200000000.000
  data required time                              200000000.000
  -----------------------------------------------------------
  data required time                              200000000.000
  data arrival time                               -137763408.000
  -----------------------------------------------------------
  slack (MET)                                     62236592.000


1
