 
****************************************
Report : timing
        -path full
        -delay max
        -max_paths 1
Design : top
Version: S-2021.06-SP2
Date   : Sun Dec  4 15:44:17 2022
****************************************

Operating Conditions: TT   Library: PPDK_Standard_Library_1.0V_25C_TYP_X1
Wire Load Model Mode: top

  Startpoint: inp[17] (input port clocked by clk)
  Endpoint: out[0] (output port clocked by clk)
  Path Group: clk
  Path Type: max

  Point                                    Incr       Path
  -----------------------------------------------------------
  clock clk (rise edge)                   0.000      0.000
  clock network delay (ideal)             0.000      0.000
  input external delay                    0.000      0.000 r
  inp[17] (in)                            0.000      0.000 r
  U671/Y (AND2X1)                      2207109.000
                                                  2207109.000 r
  U672/Y (INVX1)                       705440.500 2912549.500 f
  U759/Y (NAND2X1)                     918764.250 3831313.750 r
  U359/Y (AND2X1)                      2174743.250
                                                  6006057.000 r
  U360/Y (INVX1)                       732732.500 6738789.500 f
  U760/Y (NAND2X1)                     1355232.500
                                                  8094022.000 r
  U405/Y (INVX1)                       1047952.000
                                                  9141974.000 f
  U406/Y (INVX1)                       444394.000 9586368.000 r
  U765/Y (AND2X1)                      1330674.000
                                                  10917042.000 r
  U646/Y (XNOR2X1)                     6085302.000
                                                  17002344.000 r
  U647/Y (INVX1)                       779162.000 17781506.000 f
  U771/Y (NAND2X1)                     924588.000 18706094.000 r
  U772/Y (NAND2X1)                     863690.000 19569784.000 f
  U773/Y (XOR2X1)                      5390724.000
                                                  24960508.000 r
  U786/Y (XOR2X1)                      4745672.000
                                                  29706180.000 f
  U500/Y (AND2X1)                      2416916.000
                                                  32123096.000 f
  U501/Y (INVX1)                       -1440244.000
                                                  30682852.000 r
  U544/Y (AND2X1)                      1881500.000
                                                  32564352.000 r
  U545/Y (INVX1)                       708594.000 33272946.000 f
  U879/Y (XOR2X1)                      4915030.000
                                                  38187976.000 r
  U880/Y (OR2X1)                       2349728.000
                                                  40537704.000 r
  U570/Y (AND2X1)                      2196644.000
                                                  42734348.000 r
  U571/Y (INVX1)                       708596.000 43442944.000 f
  U881/Y (XOR2X1)                      5588508.000
                                                  49031452.000 r
  U624/Y (AND2X1)                      2173560.000
                                                  51205012.000 r
  U625/Y (INVX1)                       715892.000 51920904.000 f
  U883/Y (NAND2X1)                     1362944.000
                                                  53283848.000 r
  U884/Y (INVX1)                       1069484.000
                                                  54353332.000 f
  U885/Y (NAND2X1)                     1290368.000
                                                  55643700.000 r
  U289/Y (AND2X1)                      2174516.000
                                                  57818216.000 r
  U290/Y (INVX1)                       715804.000 58534020.000 f
  U889/Y (OR2X1)                       2117904.000
                                                  60651924.000 f
  U582/Y (AND2X1)                      2434344.000
                                                  63086268.000 f
  U583/Y (INVX1)                       -1340636.000
                                                  61745632.000 r
  U890/Y (NAND2X1)                     1052052.000
                                                  62797684.000 f
  U894/Y (NAND2X1)                     886128.000 63683812.000 r
  U895/Y (NOR2X1)                      -84616.000 63599196.000 f
  U896/Y (NOR2X1)                      1193076.000
                                                  64792272.000 r
  U691/Y (AND2X1)                      2179084.000
                                                  66971356.000 r
  U692/Y (INVX1)                       718796.000 67690152.000 f
  U909/Y (NOR2X1)                      1157528.000
                                                  68847680.000 r
  U115/Y (AND2X1)                      1838544.000
                                                  70686224.000 r
  U116/Y (INVX1)                       715568.000 71401792.000 f
  U733/Y (AND2X1)                      2041464.000
                                                  73443256.000 f
  U679/Y (AND2X1)                      2428888.000
                                                  75872144.000 f
  U680/Y (INVX1)                       -1350312.000
                                                  74521832.000 r
  U165/Y (AND2X1)                      1880952.000
                                                  76402784.000 r
  U166/Y (INVX1)                       715840.000 77118624.000 f
  U458/Y (XNOR2X1)                     6585936.000
                                                  83704560.000 f
  U1114/Y (NAND2X1)                    858632.000 84563192.000 r
  U185/Y (AND2X1)                      2174488.000
                                                  86737680.000 r
  U186/Y (INVX1)                       715592.000 87453272.000 f
  U267/Y (AND2X1)                      2034872.000
                                                  89488144.000 f
  U268/Y (INVX1)                       -307432.000
                                                  89180712.000 r
  U1120/Y (INVX1)                      652000.000 89832712.000 f
  U1121/Y (NAND2X1)                    1291792.000
                                                  91124504.000 r
  U107/Y (AND2X1)                      2174400.000
                                                  93298904.000 r
  U108/Y (INVX1)                       715624.000 94014528.000 f
  U1122/Y (NAND2X1)                    1752752.000
                                                  95767280.000 r
  U331/Y (AND2X1)                      1785568.000
                                                  97552848.000 r
  U332/Y (INVX1)                       713776.000 98266624.000 f
  U506/Y (AND2X1)                      2458056.000
                                                  100724680.000 f
  U507/Y (INVX1)                       -1175488.000
                                                  99549192.000 r
  U466/Y (XNOR2X1)                     5863000.000
                                                  105412192.000 r
  U467/Y (INVX1)                       829624.000 106241816.000 f
  U249/Y (AND2X1)                      2458144.000
                                                  108699960.000 f
  U250/Y (INVX1)                       -1186840.000
                                                  107513120.000 r
  U520/Y (AND2X1)                      1881840.000
                                                  109394960.000 r
  U521/Y (INVX1)                       707576.000 110102536.000 f
  U1171/Y (NAND2X1)                    918864.000 111021400.000 r
  U221/Y (AND2X1)                      2166688.000
                                                  113188088.000 r
  U222/Y (INVX1)                       718128.000 113906216.000 f
  U1173/Y (NAND2X1)                    924552.000 114830768.000 r
  U1174/Y (NOR2X1)                     -290312.000
                                                  114540456.000 f
  U1177/Y (NOR2X1)                     1195568.000
                                                  115736024.000 r
  U193/Y (AND2X1)                      2181696.000
                                                  117917720.000 r
  U194/Y (INVX1)                       713248.000 118630968.000 f
  U209/Y (AND2X1)                      2034872.000
                                                  120665840.000 f
  U210/Y (INVX1)                       -1175000.000
                                                  119490840.000 r
  U1178/Y (NOR2X1)                     548776.000 120039616.000 f
  U1179/Y (NAND2X1)                    883024.000 120922640.000 r
  U177/Y (AND2X1)                      1818648.000
                                                  122741288.000 r
  U178/Y (INVX1)                       715632.000 123456920.000 f
  U235/Y (AND2X1)                      2034872.000
                                                  125491792.000 f
  U236/Y (INVX1)                       -1307368.000
                                                  124184424.000 r
  U83/Y (AND2X1)                       2199104.000
                                                  126383528.000 r
  U84/Y (INVX1)                        725888.000 127109416.000 f
  U1184/Y (NAND2X1)                    1297184.000
                                                  128406600.000 r
  U169/Y (AND2X1)                      2173624.000
                                                  130580224.000 r
  U170/Y (INVX1)                       716096.000 131296320.000 f
  U1206/Y (NOR2X1)                     1157568.000
                                                  132453888.000 r
  U1216/Y (NOR2X1)                     35528.000  132489416.000 f
  U1218/Y (NAND2X1)                    880624.000 133370040.000 r
  U1219/Y (NAND2X1)                    849352.000 134219392.000 f
  U243/Y (AND2X1)                      2441936.000
                                                  136661328.000 f
  U244/Y (INVX1)                       -1291520.000
                                                  135369808.000 r
  U225/Y (AND2X1)                      2199104.000
                                                  137568912.000 r
  U226/Y (INVX1)                       707568.000 138276480.000 f
  U1229/Y (NAND2X1)                    1357280.000
                                                  139633760.000 r
  U373/Y (INVX1)                       1079360.000
                                                  140713120.000 f
  U374/Y (INVX1)                       444016.000 141157136.000 r
  U1230/Y (NOR2X1)                     538848.000 141695984.000 f
  U1233/Y (NOR2X1)                     1193424.000
                                                  142889408.000 r
  U217/Y (AND2X1)                      2181824.000
                                                  145071232.000 r
  U218/Y (INVX1)                       713200.000 145784432.000 f
  U377/Y (AND2X1)                      2034880.000
                                                  147819312.000 f
  U378/Y (INVX1)                       -1279152.000
                                                  146540160.000 r
  U1235/Y (NAND2X1)                    1050528.000
                                                  147590688.000 f
  U502/Y (AND2X1)                      2441952.000
                                                  150032640.000 f
  U503/Y (INVX1)                       -1291504.000
                                                  148741136.000 r
  U636/Y (AND2X1)                      1881904.000
                                                  150623040.000 r
  U637/Y (INVX1)                       708320.000 151331360.000 f
  U1241/Y (NOR2X1)                     1151520.000
                                                  152482880.000 r
  out[0] (out)                            0.000   152482880.000 r
  data arrival time                               152482880.000

  clock clk (rise edge)                200000000.000
                                                  200000000.000
  clock network delay (ideal)             0.000   200000000.000
  output external delay                   0.000   200000000.000
  data required time                              200000000.000
  -----------------------------------------------------------
  data required time                              200000000.000
  data arrival time                               -152482880.000
  -----------------------------------------------------------
  slack (MET)                                     47517120.000


1
