****************************************
Report : timing
	-path_type full
	-delay_type max
	-max_paths 1
	-sort_by slack
Design : top
Version: S-2021.06-SP1
Date   : Tue Nov 29 17:14:39 2022
****************************************


  Startpoint: inp[62] (input port clocked by clk)
  Endpoint: out[0] (output port clocked by clk)
  Path Group: clk
  Path Type: max

  Point                                    Incr       Path
  ---------------------------------------------------------------
  clock clk (rise edge)                   0.000      0.000
  clock network delay (ideal)             0.000      0.000
  input external delay                    0.000      0.000 f
  inp[62] (in)                            0.000      0.000 f
  U1586/Y (XOR2X1)                     5934672.000
                                                  5934672.000 r
  U1587/Y (AND2X1)                     1930448.000
                                                  7865120.000 r
  U1588/Y (OR2X1)                      3760912.000
                                                  11626032.000 r
  U619/Y (XNOR2X1)                     6763808.000
                                                  18389840.000 r
  U620/Y (INVX1)                       1045808.000
                                                  19435648.000 f
  U571/Y (NAND2X1)                     1255136.000
                                                  20690784.000 r
  U940/Y (INVX1)                       1235328.000
                                                  21926112.000 f
  U1593/Y (OR2X1)                      2437968.000
                                                  24364080.000 f
  U1594/Y (XOR2X1)                     6382096.000
                                                  30746176.000 r
  U719/Y (XNOR2X1)                     7217360.000
                                                  37963536.000 r
  U720/Y (INVX1)                       1097488.000
                                                  39061024.000 f
  U1640/Y (XOR2X1)                     5236000.000
                                                  44297024.000 r
  U803/Y (XNOR2X1)                     7217360.000
                                                  51514384.000 r
  U804/Y (INVX1)                       1094064.000
                                                  52608448.000 f
  U549/Y (OR2X1)                       2434720.000
                                                  55043168.000 f
  U1743/Y (NAND2X1)                    1167120.000
                                                  56210288.000 r
  U1744/Y (NAND2X1)                    1461536.000
                                                  57671824.000 f
  U1781/Y (NAND2X1)                    1270080.000
                                                  58941904.000 r
  U1782/Y (INVX1)                      1241120.000
                                                  60183024.000 f
  U1783/Y (NOR2X1)                     1076672.000
                                                  61259696.000 r
  U212/Y (XNOR2X1)                     6987648.000
                                                  68247344.000 r
  U213/Y (INVX1)                       1002096.000
                                                  69249440.000 f
  U1792/Y (NOR2X1)                     1536000.000
                                                  70785440.000 r
  U1793/Y (INVX1)                      1053088.000
                                                  71838528.000 f
  U520/Y (NAND2X1)                     1191376.000
                                                  73029904.000 r
  U2183/Y (NAND2X1)                    1443184.000
                                                  74473088.000 f
  U2299/Y (XOR2X1)                     3468512.000
                                                  77941600.000 f
  U2357/Y (XOR2X1)                     6276848.000
                                                  84218448.000 r
  U2358/Y (INVX1)                      1349552.000
                                                  85568000.000 f
  U2359/Y (XOR2X1)                     5940912.000
                                                  91508912.000 r
  U2364/Y (XOR2X1)                     2483328.000
                                                  93992240.000 r
  U2377/Y (OR2X1)                      7183584.000
                                                  101175824.000 r
  U2378/Y (NAND2X1)                    1361008.000
                                                  102536832.000 f
  U2379/Y (NAND2X1)                    1183328.000
                                                  103720160.000 r
  U2392/Y (OR2X1)                      5219424.000
                                                  108939584.000 r
  U2393/Y (NAND2X1)                    1361008.000
                                                  110300592.000 f
  U2394/Y (NAND2X1)                    1183568.000
                                                  111484160.000 r
  U1078/Y (OR2X1)                      5203640.000
                                                  116687800.000 r
  U2410/Y (NAND2X1)                    1004968.000
                                                  117692768.000 f
  U2411/Y (NAND2X1)                    1182472.000
                                                  118875240.000 r
  U499/Y (OR2X1)                       5274232.000
                                                  124149472.000 r
  U2419/Y (NAND2X1)                    1004968.000
                                                  125154440.000 f
  U2420/Y (NAND2X1)                    1177184.000
                                                  126331624.000 r
  U2422/Y (NAND2X1)                    1049800.000
                                                  127381424.000 f
  U983/Y (AND2X1)                      2835856.000
                                                  130217280.000 f
  U984/Y (INVX1)                       -1280792.000
                                                  128936488.000 r
  U2427/Y (NAND2X1)                    1004968.000
                                                  129941456.000 f
  U2428/Y (NAND2X1)                    1164968.000
                                                  131106424.000 r
  U2429/Y (NAND2X1)                    2144304.000
                                                  133250728.000 f
  U2503/Y (XOR2X1)                     5566296.000
                                                  138817024.000 r
  U2504/Y (INVX1)                      1406160.000
                                                  140223184.000 f
  U2507/Y (NAND2X1)                    807184.000 141030368.000 r
  U2508/Y (NAND2X1)                    2055056.000
                                                  143085424.000 f
  U2510/Y (NAND2X1)                    842096.000 143927520.000 r
  U2519/Y (NAND2X1)                    1050016.000
                                                  144977536.000 f
  U1083/Y (NAND2X1)                    836544.000 145814080.000 r
  U2522/Y (NAND2X1)                    2063856.000
                                                  147877936.000 f
  U2523/Y (NAND2X1)                    1697856.000
                                                  149575792.000 r
  U3182/Y (NAND2X1)                    1073904.000
                                                  150649696.000 f
  U3184/Y (NAND2X1)                    1275552.000
                                                  151925248.000 r
  U3185/Y (INVX1)                      1243104.000
                                                  153168352.000 f
  U3190/Y (NAND2X1)                    807232.000 153975584.000 r
  U3191/Y (NAND2X1)                    2150224.000
                                                  156125808.000 f
  U3194/Y (NAND2X1)                    836304.000 156962112.000 r
  U3203/Y (NAND2X1)                    1049696.000
                                                  158011808.000 f
  U3206/Y (NAND2X1)                    836480.000 158848288.000 r
  U3207/Y (NAND2X1)                    2161312.000
                                                  161009600.000 f
  U3210/Y (NAND2X1)                    836288.000 161845888.000 r
  U3219/Y (NAND2X1)                    1049696.000
                                                  162895584.000 f
  U3222/Y (NAND2X1)                    836480.000 163732064.000 r
  U3223/Y (NAND2X1)                    2161328.000
                                                  165893392.000 f
  U3226/Y (NAND2X1)                    836304.000 166729696.000 r
  U3235/Y (NAND2X1)                    1049696.000
                                                  167779392.000 f
  U3238/Y (NAND2X1)                    836480.000 168615872.000 r
  U3239/Y (NAND2X1)                    2161312.000
                                                  170777184.000 f
  U3242/Y (NAND2X1)                    836288.000 171613472.000 r
  U3251/Y (NAND2X1)                    1049696.000
                                                  172663168.000 f
  U3254/Y (NAND2X1)                    836480.000 173499648.000 r
  U3255/Y (NAND2X1)                    2161344.000
                                                  175660992.000 f
  U3258/Y (NAND2X1)                    836304.000 176497296.000 r
  U3259/Y (NAND2X1)                    2161328.000
                                                  178658624.000 f
  U367/Y (AND2X1)                      2310624.000
                                                  180969248.000 f
  U368/Y (INVX1)                       37392.000  181006640.000 r
  U4374/Y (NAND2X1)                    1051312.000
                                                  182057952.000 f
  U4376/Y (NAND2X1)                    1279632.000
                                                  183337584.000 r
  U4377/Y (NAND2X1)                    2553712.000
                                                  185891296.000 f
  U4387/Y (NAND2X1)                    1265392.000
                                                  187156688.000 r
  U4388/Y (INVX1)                      1238416.000
                                                  188395104.000 f
  U4392/Y (OR2X1)                      2431536.000
                                                  190826640.000 f
  U4401/Y (NAND2X1)                    845600.000 191672240.000 r
  U4404/Y (NAND2X1)                    1049696.000
                                                  192721936.000 f
  U4413/Y (NAND2X1)                    836464.000 193558400.000 r
  U4416/Y (NAND2X1)                    1049696.000
                                                  194608096.000 f
  U4425/Y (NAND2X1)                    836480.000 195444576.000 r
  U4428/Y (NAND2X1)                    1049696.000
                                                  196494272.000 f
  U4437/Y (NAND2X1)                    836480.000 197330752.000 r
  U4440/Y (NAND2X1)                    1049696.000
                                                  198380448.000 f
  U4449/Y (NAND2X1)                    836464.000 199216912.000 r
  U4452/Y (NAND2X1)                    1049696.000
                                                  200266608.000 f
  U4461/Y (NAND2X1)                    836464.000 201103072.000 r
  U4464/Y (NAND2X1)                    1049696.000
                                                  202152768.000 f
  U4473/Y (NAND2X1)                    1268304.000
                                                  203421072.000 r
  U4474/Y (INVX1)                      1238416.000
                                                  204659488.000 f
  U1070/Y (OR2X1)                      2431552.000
                                                  207091040.000 f
  U4479/Y (AND2X1)                     2045792.000
                                                  209136832.000 f
  U4480/Y (NAND2X1)                    1172624.000
                                                  210309456.000 r
  U4482/Y (NAND2X1)                    1224784.000
                                                  211534240.000 f
  U657/Y (INVX1)                       -549920.000
                                                  210984320.000 r
  U4484/Y (NAND2X1)                    1011568.000
                                                  211995888.000 f
  U4485/Y (NAND2X1)                    1171008.000
                                                  213166896.000 r
  U4489/Y (NOR2X1)                     959632.000 214126528.000 f
  U4493/Y (NOR2X1)                     1068416.000
                                                  215194944.000 r
  U4498/Y (NAND2X1)                    1037296.000
                                                  216232240.000 f
  U4500/Y (NAND2X1)                    1273088.000
                                                  217505328.000 r
  U4501/Y (INVX1)                      1242080.000
                                                  218747408.000 f
  U4506/Y (NAND2X1)                    807232.000 219554640.000 r
  U4510/Y (NAND2X1)                    1052240.000
                                                  220606880.000 f
  U4512/Y (NAND2X1)                    836848.000 221443728.000 r
  U4520/Y (NAND2X1)                    1048624.000
                                                  222492352.000 f
  U4522/Y (NAND2X1)                    1273840.000
                                                  223766192.000 r
  U4523/Y (INVX1)                      1242128.000
                                                  225008320.000 f
  U4528/Y (NAND2X1)                    807232.000 225815552.000 r
  U4532/Y (NAND2X1)                    1052224.000
                                                  226867776.000 f
  U4534/Y (NAND2X1)                    836864.000 227704640.000 r
  U4542/Y (NAND2X1)                    1048608.000
                                                  228753248.000 f
  U4544/Y (NAND2X1)                    1273840.000
                                                  230027088.000 r
  U4545/Y (INVX1)                      1242128.000
                                                  231269216.000 f
  U4550/Y (NAND2X1)                    807232.000 232076448.000 r
  U4554/Y (NAND2X1)                    1052224.000
                                                  233128672.000 f
  U4556/Y (NAND2X1)                    836864.000 233965536.000 r
  U4564/Y (NAND2X1)                    1048608.000
                                                  235014144.000 f
  U4566/Y (NAND2X1)                    836304.000 235850448.000 r
  U4574/Y (NAND2X1)                    1048992.000
                                                  236899440.000 f
  U4576/Y (NAND2X1)                    836368.000 237735808.000 r
  U4583/Y (NAND2X1)                    1048976.000
                                                  238784784.000 f
  U4585/Y (NAND2X1)                    836384.000 239621168.000 r
  U500/Y (OR2X1)                       5147568.000
                                                  244768736.000 r
  U4587/Y (NAND2X1)                    1205264.000
                                                  245974000.000 f
  U4588/Y (INVX1)                      -649904.000
                                                  245324096.000 r
  U4589/Y (NOR2X1)                     956352.000 246280448.000 f
  U4600/Y (NAND2X1)                    1164560.000
                                                  247445008.000 r
  U4601/Y (NAND2X1)                    2177136.000
                                                  249622144.000 f
  out[0] (out)                            0.000   249622144.000 f
  data arrival time                               249622144.000

  clock clk (rise edge)                250000000.000
                                                  250000000.000
  clock network delay (ideal)             0.000   250000000.000
  clock reconvergence pessimism           0.000   250000000.000
  output external delay                   0.000   250000000.000
  data required time                              250000000.000
  ---------------------------------------------------------------
  data required time                              250000000.000
  data arrival time                               -249622144.000
  ---------------------------------------------------------------
  slack (MET)                                     377856.000


1
