 
****************************************
Report : timing
        -path full
        -delay max
        -max_paths 1
Design : top
Version: S-2021.06-SP2
Date   : Fri Dec 16 15:56:01 2022
****************************************

Operating Conditions: TT   Library: PPDK_Standard_Library_0.8V_25C_TYP_X1
Wire Load Model Mode: top

  Startpoint: inp[40] (input port clocked by clk)
  Endpoint: out[0] (output port clocked by clk)
  Path Group: clk
  Path Type: max

  Point                                    Incr       Path
  -----------------------------------------------------------
  clock clk (rise edge)                   0.000      0.000
  clock network delay (ideal)             0.000      0.000
  input external delay                    0.000      0.000 f
  inp[40] (in)                            0.000      0.000 f
  U897/Y (NAND2X1)                     1626520.125
                                                  1626520.125 r
  U704/Y (AND2X1)                      2961123.000
                                                  4587643.000 r
  U272/Y (XNOR2X1)                     6625671.000
                                                  11213314.000 r
  U273/Y (INVX1)                       1002542.000
                                                  12215856.000 f
  U949/Y (XOR2X1)                      6257686.000
                                                  18473542.000 r
  U950/Y (INVX1)                       1337618.000
                                                  19811160.000 f
  U955/Y (OR2X1)                       2431444.000
                                                  22242604.000 f
  U956/Y (NAND2X1)                     845606.000 23088210.000 r
  U957/Y (NAND2X1)                     2177336.000
                                                  25265546.000 f
  U971/Y (OR2X1)                       2403722.000
                                                  27669268.000 f
  U972/Y (NAND2X1)                     1167106.000
                                                  28836374.000 r
  U973/Y (NAND2X1)                     2113822.000
                                                  30950196.000 f
  U975/Y (NAND2X1)                     836376.000 31786572.000 r
  U976/Y (NAND2X1)                     2113820.000
                                                  33900392.000 f
  U994/Y (XOR2X1)                      5542596.000
                                                  39442988.000 r
  U995/Y (INVX1)                       1402464.000
                                                  40845452.000 f
  U996/Y (XOR2X1)                      5948500.000
                                                  46793952.000 r
  U1072/Y (NOR2X1)                     1196292.000
                                                  47990244.000 f
  U1073/Y (INVX1)                      -559024.000
                                                  47431220.000 r
  U1074/Y (NAND2X1)                    1008204.000
                                                  48439424.000 f
  U1075/Y (NAND2X1)                    1636420.000
                                                  50075844.000 r
  U1125/Y (INVX1)                      1252164.000
                                                  51328008.000 f
  U1126/Y (NAND2X1)                    807240.000 52135248.000 r
  U1127/Y (NAND2X1)                    2206208.000
                                                  54341456.000 f
  U1128/Y (NAND2X1)                    1630992.000
                                                  55972448.000 r
  U1129/Y (INVX1)                      1247624.000
                                                  57220072.000 f
  U1143/Y (NAND2X1)                    807288.000 58027360.000 r
  U1144/Y (NAND2X1)                    2206088.000
                                                  60233448.000 f
  U1146/Y (NAND2X1)                    850832.000 61084280.000 r
  U762/Y (XNOR2X1)                     7202472.000
                                                  68286752.000 r
  U1162/Y (NAND2X1)                    2728744.000
                                                  71015496.000 f
  U1163/Y (NAND2X1)                    1189120.000
                                                  72204616.000 r
  U2449/Y (NAND2X1)                    1471672.000
                                                  73676288.000 f
  U367/Y (INVX1)                       340440.000 74016728.000 r
  U368/Y (INVX1)                       806592.000 74823320.000 f
  U2689/Y (XOR2X1)                     6261912.000
                                                  81085232.000 r
  U2752/Y (INVX1)                      1418344.000
                                                  82503576.000 f
  U459/Y (XNOR2X1)                     6588096.000
                                                  89091672.000 f
  U2762/Y (XOR2X1)                     6462520.000
                                                  95554192.000 r
  U482/Y (XNOR2X1)                     7245064.000
                                                  102799256.000 r
  U483/Y (INVX1)                       1097024.000
                                                  103896280.000 f
  U449/Y (XNOR2X1)                     4352704.000
                                                  108248984.000 r
  U778/Y (OR2X1)                       4058184.000
                                                  112307168.000 r
  U2797/Y (NAND2X1)                    1361000.000
                                                  113668168.000 f
  U2798/Y (NAND2X1)                    1631456.000
                                                  115299624.000 r
  U2804/Y (INVX1)                      1247120.000
                                                  116546744.000 f
  U2805/Y (NAND2X1)                    807288.000 117354032.000 r
  U2806/Y (NAND2X1)                    2206064.000
                                                  119560096.000 f
  U2807/Y (NAND2X1)                    1631000.000
                                                  121191096.000 r
  U2811/Y (NAND2X1)                    1071752.000
                                                  122262848.000 f
  U2812/Y (NAND2X1)                    1177936.000
                                                  123440784.000 r
  U2816/Y (NAND2X1)                    1049184.000
                                                  124489968.000 f
  U2817/Y (NAND2X1)                    1177480.000
                                                  125667448.000 r
  U615/Y (XNOR2X1)                     7044368.000
                                                  132711816.000 r
  U616/Y (INVX1)                       1044136.000
                                                  133755952.000 f
  U2952/Y (NAND2X1)                    1161952.000
                                                  134917904.000 r
  U2953/Y (NAND2X1)                    1052224.000
                                                  135970128.000 f
  U2954/Y (NAND2X1)                    1165920.000
                                                  137136048.000 r
  U2957/Y (NAND2X1)                    1227312.000
                                                  138363360.000 f
  U3193/Y (NOR2X1)                     1081872.000
                                                  139445232.000 r
  U242/Y (XNOR2X1)                     6984992.000
                                                  146430224.000 r
  U243/Y (INVX1)                       1044224.000
                                                  147474448.000 f
  U3201/Y (NAND2X1)                    1161952.000
                                                  148636400.000 r
  U3210/Y (NAND2X1)                    1052208.000
                                                  149688608.000 f
  U3213/Y (NAND2X1)                    836864.000 150525472.000 r
  U3214/Y (NAND2X1)                    2161328.000
                                                  152686800.000 f
  U3217/Y (NAND2X1)                    836864.000 153523664.000 r
  U3226/Y (NAND2X1)                    1048608.000
                                                  154572272.000 f
  U3229/Y (NAND2X1)                    836320.000 155408592.000 r
  U3230/Y (NAND2X1)                    2142000.000
                                                  157550592.000 f
  U3233/Y (NAND2X1)                    836864.000 158387456.000 r
  U3242/Y (NAND2X1)                    1048608.000
                                                  159436064.000 f
  U3245/Y (NAND2X1)                    836320.000 160272384.000 r
  U3246/Y (NAND2X1)                    2142032.000
                                                  162414416.000 f
  U3249/Y (NAND2X1)                    836864.000 163251280.000 r
  U3250/Y (NAND2X1)                    2142016.000
                                                  165393296.000 f
  U476/Y (AND2X1)                      2312816.000
                                                  167706112.000 f
  U477/Y (INVX1)                       -22288.000 167683824.000 r
  U3800/Y (NAND2X1)                    1050096.000
                                                  168733920.000 f
  U3802/Y (NAND2X1)                    1279552.000
                                                  170013472.000 r
  U3803/Y (INVX1)                      1247776.000
                                                  171261248.000 f
  U3807/Y (NAND2X1)                    807248.000 172068496.000 r
  U3808/Y (NAND2X1)                    2140816.000
                                                  174209312.000 f
  U3811/Y (NAND2X1)                    836864.000 175046176.000 r
  U3812/Y (NAND2X1)                    2161328.000
                                                  177207504.000 f
  U3815/Y (NAND2X1)                    836864.000 178044368.000 r
  U3824/Y (NAND2X1)                    1048608.000
                                                  179092976.000 f
  U3827/Y (NAND2X1)                    836320.000 179929296.000 r
  U3828/Y (NAND2X1)                    2142016.000
                                                  182071312.000 f
  U3831/Y (NAND2X1)                    836864.000 182908176.000 r
  U3840/Y (NAND2X1)                    1048608.000
                                                  183956784.000 f
  U3843/Y (NAND2X1)                    836320.000 184793104.000 r
  U3844/Y (NAND2X1)                    2142016.000
                                                  186935120.000 f
  U3847/Y (NAND2X1)                    836864.000 187771984.000 r
  U3848/Y (NAND2X1)                    1476656.000
                                                  189248640.000 f
  U3849/Y (INVX1)                      -658112.000
                                                  188590528.000 r
  U364/Y (OR2X1)                       2022704.000
                                                  190613232.000 r
  U365/Y (INVX1)                       812128.000 191425360.000 f
  U3879/Y (NAND2X1)                    811088.000 192236448.000 r
  U3880/Y (NAND2X1)                    2141664.000
                                                  194378112.000 f
  U3884/Y (NAND2X1)                    836864.000 195214976.000 r
  U3885/Y (NAND2X1)                    2149040.000
                                                  197364016.000 f
  U3887/Y (NAND2X1)                    841984.000 198206000.000 r
  U3888/Y (OR2X1)                      5096336.000
                                                  203302336.000 r
  U3889/Y (NAND2X1)                    1360992.000
                                                  204663328.000 f
  U3891/Y (NAND2X1)                    842032.000 205505360.000 r
  U3895/Y (OR2X1)                      5171184.000
                                                  210676544.000 r
  U3896/Y (NAND2X1)                    1360992.000
                                                  212037536.000 f
  U3898/Y (NAND2X1)                    842032.000 212879568.000 r
  U3899/Y (OR2X1)                      5169904.000
                                                  218049472.000 r
  U3900/Y (NAND2X1)                    1360992.000
                                                  219410464.000 f
  U3902/Y (NAND2X1)                    842032.000 220252496.000 r
  U779/Y (OR2X1)                       5170032.000
                                                  225422528.000 r
  U3907/Y (NAND2X1)                    1004960.000
                                                  226427488.000 f
  U3908/Y (NAND2X1)                    1170864.000
                                                  227598352.000 r
  U3912/Y (OR2X1)                      5229856.000
                                                  232828208.000 r
  U3913/Y (NAND2X1)                    1360992.000
                                                  234189200.000 f
  U3915/Y (NAND2X1)                    842096.000 235031296.000 r
  U780/Y (OR2X1)                       5170480.000
                                                  240201776.000 r
  U3924/Y (NAND2X1)                    1004960.000
                                                  241206736.000 f
  U3925/Y (NAND2X1)                    1624576.000
                                                  242831312.000 r
  U3926/Y (INVX1)                      1243968.000
                                                  244075280.000 f
  U3927/Y (NOR2X1)                     1070752.000
                                                  245146032.000 r
  U3939/Y (NAND2X1)                    1991552.000
                                                  247137584.000 f
  U3940/Y (NAND2X1)                    1159984.000
                                                  248297568.000 r
  out[0] (out)                            0.000   248297568.000 r
  data arrival time                               248297568.000

  clock clk (rise edge)                250000000.000
                                                  250000000.000
  clock network delay (ideal)             0.000   250000000.000
  output external delay                   0.000   250000000.000
  data required time                              250000000.000
  -----------------------------------------------------------
  data required time                              250000000.000
  data arrival time                               -248297568.000
  -----------------------------------------------------------
  slack (MET)                                     1702432.000


1
