 
****************************************
Report : timing
        -path full
        -delay max
        -max_paths 1
Design : top
Version: S-2021.06-SP2
Date   : Tue Nov 29 16:49:16 2022
****************************************

Operating Conditions: TT   Library: PPDK_Standard_Library_0.8V_25C_TYP_X1
Wire Load Model Mode: top

  Startpoint: inp[14] (input port clocked by clk)
  Endpoint: out[0] (output port clocked by clk)
  Path Group: clk
  Path Type: max

  Point                                    Incr       Path
  -----------------------------------------------------------
  clock clk (rise edge)                   0.000      0.000
  clock network delay (ideal)             0.000      0.000
  input external delay                    0.000      0.000 f
  inp[14] (in)                            0.000      0.000 f
  U2404/Y (NAND2X1)                    1174671.250
                                                  1174671.250 r
  U2406/Y (NAND2X1)                    1052834.250
                                                  2227505.500 f
  U2407/Y (NAND2X1)                    1171834.500
                                                  3399340.000 r
  U2408/Y (NAND2X1)                    2135156.000
                                                  5534496.000 f
  U2461/Y (NAND2X1)                    1171311.000
                                                  6705807.000 r
  U2462/Y (NAND2X1)                    2142539.000
                                                  8848346.000 f
  U2464/Y (NAND2X1)                    836417.000 9684763.000 r
  U2465/Y (NAND2X1)                    2130532.000
                                                  11815295.000 f
  U2466/Y (XOR2X1)                     4928345.000
                                                  16743640.000 r
  U2520/Y (NAND2X1)                    2233976.000
                                                  18977616.000 f
  U2522/Y (NAND2X1)                    853568.000 19831184.000 r
  U581/Y (XNOR2X1)                     7049094.000
                                                  26880278.000 r
  U582/Y (INVX1)                       1044046.000
                                                  27924324.000 f
  U2529/Y (XOR2X1)                     5613064.000
                                                  33537388.000 r
  U2537/Y (NAND2X1)                    2649292.000
                                                  36186680.000 f
  U2540/Y (NAND2X1)                    840800.000 37027480.000 r
  U2545/Y (XOR2X1)                     6043660.000
                                                  43071140.000 f
  U2551/Y (XOR2X1)                     6282868.000
                                                  49354008.000 r
  U2552/Y (INVX1)                      1337616.000
                                                  50691624.000 f
  U2553/Y (XOR2X1)                     5941512.000
                                                  56633136.000 r
  U2554/Y (XOR2X1)                     5492344.000
                                                  62125480.000 f
  U342/Y (INVX1)                       -761616.000
                                                  61363864.000 r
  U343/Y (INVX1)                       847740.000 62211604.000 f
  U2590/Y (OR2X1)                      2431312.000
                                                  64642916.000 f
  U2591/Y (NAND2X1)                    1167108.000
                                                  65810024.000 r
  U2592/Y (NAND2X1)                    2105320.000
                                                  67915344.000 f
  U2597/Y (AND2X1)                     2054872.000
                                                  69970216.000 f
  U405/Y (OR2X1)                       2409432.000
                                                  72379648.000 f
  U2613/Y (XOR2X1)                     6377312.000
                                                  78756960.000 r
  U730/Y (XNOR2X1)                     7215880.000
                                                  85972840.000 r
  U731/Y (INVX1)                       1095648.000
                                                  87068488.000 f
  U2614/Y (NOR2X1)                     1064640.000
                                                  88133128.000 r
  U526/Y (OR2X1)                       4303968.000
                                                  92437096.000 r
  U2657/Y (NAND2X1)                    1601392.000
                                                  94038488.000 f
  U264/Y (INVX1)                       247816.000 94286304.000 r
  U265/Y (INVX1)                       813472.000 95099776.000 f
  U897/Y (INVX1)                       457648.000 95557424.000 r
  U3645/Y (XOR2X1)                     5642056.000
                                                  101199480.000 f
  U3649/Y (XOR2X1)                     5449256.000
                                                  106648736.000 r
  U3650/Y (INVX1)                      1498984.000
                                                  108147720.000 f
  U3651/Y (XOR2X1)                     5942656.000
                                                  114090376.000 r
  U290/Y (XNOR2X1)                     6627656.000
                                                  120718032.000 r
  U291/Y (INVX1)                       1093496.000
                                                  121811528.000 f
  U3652/Y (NAND2X1)                    1162456.000
                                                  122973984.000 r
  U3653/Y (NAND2X1)                    2198992.000
                                                  125172976.000 f
  U3656/Y (NAND2X1)                    1273904.000
                                                  126446880.000 r
  U3657/Y (INVX1)                      1244144.000
                                                  127691024.000 f
  U3675/Y (NAND2X1)                    807328.000 128498352.000 r
  U3680/Y (NAND2X1)                    1051808.000
                                                  129550160.000 f
  U3683/Y (NAND2X1)                    1274056.000
                                                  130824216.000 r
  U3684/Y (INVX1)                      1244144.000
                                                  132068360.000 f
  U3711/Y (NAND2X1)                    807336.000 132875696.000 r
  U3712/Y (NAND2X1)                    2054576.000
                                                  134930272.000 f
  U3713/Y (NAND2X1)                    1183424.000
                                                  136113696.000 r
  U925/Y (OR2X1)                       5214400.000
                                                  141328096.000 r
  U3719/Y (NAND2X1)                    1715792.000
                                                  143043888.000 f
  U3720/Y (NAND2X1)                    1177536.000
                                                  144221424.000 r
  U3797/Y (XOR2X1)                     5905072.000
                                                  150126496.000 f
  U3849/Y (NAND2X1)                    883744.000 151010240.000 r
  U926/Y (NAND2X1)                     2206352.000
                                                  153216592.000 f
  U3850/Y (NAND2X1)                    1165856.000
                                                  154382448.000 r
  U423/Y (NAND2X1)                     1243696.000
                                                  155626144.000 f
  U460/Y (INVX1)                       -664816.000
                                                  154961328.000 r
  U3868/Y (AND2X1)                     1340832.000
                                                  156302160.000 r
  U228/Y (XNOR2X1)                     6934528.000
                                                  163236688.000 r
  U229/Y (INVX1)                       1021392.000
                                                  164258080.000 f
  U3869/Y (NAND2X1)                    1161968.000
                                                  165420048.000 r
  U3878/Y (NAND2X1)                    1052208.000
                                                  166472256.000 f
  U3881/Y (NAND2X1)                    836848.000 167309104.000 r
  U3890/Y (NAND2X1)                    1048592.000
                                                  168357696.000 f
  U3893/Y (NAND2X1)                    836304.000 169194000.000 r
  U3902/Y (NAND2X1)                    1048608.000
                                                  170242608.000 f
  U3905/Y (NAND2X1)                    836320.000 171078928.000 r
  U3906/Y (NAND2X1)                    2142032.000
                                                  173220960.000 f
  U3909/Y (NAND2X1)                    836864.000 174057824.000 r
  U3910/Y (NAND2X1)                    1048608.000
                                                  175106432.000 f
  U3913/Y (NAND2X1)                    836304.000 175942736.000 r
  U3922/Y (NAND2X1)                    1048608.000
                                                  176991344.000 f
  U3925/Y (NAND2X1)                    836304.000 177827648.000 r
  U3934/Y (NAND2X1)                    1048608.000
                                                  178876256.000 f
  U3946/Y (NAND2X1)                    836304.000 179712560.000 r
  U421/Y (NAND2X1)                     1229264.000
                                                  180941824.000 f
  U461/Y (INVX1)                       361936.000 181303760.000 r
  U275/Y (INVX1)                       838400.000 182142160.000 f
  U4435/Y (NAND2X1)                    807728.000 182949888.000 r
  U4436/Y (NAND2X1)                    2132352.000
                                                  185082240.000 f
  U4441/Y (NAND2X1)                    836864.000 185919104.000 r
  U4442/Y (NAND2X1)                    2206352.000
                                                  188125456.000 f
  U4445/Y (NAND2X1)                    836304.000 188961760.000 r
  U4454/Y (NAND2X1)                    1048608.000
                                                  190010368.000 f
  U4457/Y (NAND2X1)                    836304.000 190846672.000 r
  U4466/Y (NAND2X1)                    1048608.000
                                                  191895280.000 f
  U4469/Y (NAND2X1)                    836304.000 192731584.000 r
  U4478/Y (NAND2X1)                    1048608.000
                                                  193780192.000 f
  U4481/Y (NAND2X1)                    836304.000 194616496.000 r
  U4490/Y (NAND2X1)                    1048608.000
                                                  195665104.000 f
  U4493/Y (NAND2X1)                    836304.000 196501408.000 r
  U4502/Y (NAND2X1)                    1048608.000
                                                  197550016.000 f
  U4505/Y (NAND2X1)                    836304.000 198386320.000 r
  U918/Y (NAND2X1)                     1048608.000
                                                  199434928.000 f
  U4529/Y (NAND2X1)                    1273824.000
                                                  200708752.000 r
  U4530/Y (INVX1)                      1293744.000
                                                  202002496.000 f
  U4542/Y (NAND2X1)                    817040.000 202819536.000 r
  U4557/Y (NAND2X1)                    2146016.000
                                                  204965552.000 f
  U4558/Y (NAND2X1)                    1166320.000
                                                  206131872.000 r
  U4559/Y (NAND2X1)                    2133424.000
                                                  208265296.000 f
  U4560/Y (OR2X1)                      2404160.000
                                                  210669456.000 f
  U4564/Y (NAND2X1)                    844720.000 211514176.000 r
  U4566/Y (NAND2X1)                    1051376.000
                                                  212565552.000 f
  U531/Y (NOR2X1)                      1556512.000
                                                  214122064.000 r
  U532/Y (INVX1)                       1043456.000
                                                  215165520.000 f
  U4573/Y (NAND2X1)                    1255104.000
                                                  216420624.000 r
  U4574/Y (INVX1)                      1237328.000
                                                  217657952.000 f
  U910/Y (OR2X1)                       2434816.000
                                                  220092768.000 f
  U4577/Y (NOR2X1)                     1077712.000
                                                  221170480.000 r
  U4581/Y (OR2X1)                      3871584.000
                                                  225042064.000 r
  U529/Y (AND2X1)                      2102944.000
                                                  227145008.000 r
  U530/Y (INVX1)                       774320.000 227919328.000 f
  U4583/Y (OR2X1)                      2431360.000
                                                  230350688.000 f
  U4587/Y (NAND2X1)                    845600.000 231196288.000 r
  U4589/Y (NAND2X1)                    1227376.000
                                                  232423664.000 f
  U4600/Y (NAND2X1)                    1166352.000
                                                  233590016.000 r
  U4601/Y (NAND2X1)                    2133008.000
                                                  235723024.000 f
  U4606/Y (NAND2X1)                    1165872.000
                                                  236888896.000 r
  U4607/Y (NAND2X1)                    2140000.000
                                                  239028896.000 f
  U911/Y (OR2X1)                       2404160.000
                                                  241433056.000 f
  U4614/Y (NAND2X1)                    1272032.000
                                                  242705088.000 r
  U4615/Y (INVX1)                      1236400.000
                                                  243941488.000 f
  U4618/Y (OR2X1)                      2684336.000
                                                  246625824.000 f
  U4619/Y (INVX1)                      -990848.000
                                                  245634976.000 r
  U4620/Y (NOR2X1)                     955952.000 246590928.000 f
  U4631/Y (NAND2X1)                    1164624.000
                                                  247755552.000 r
  U4632/Y (NAND2X1)                    2176112.000
                                                  249931664.000 f
  out[0] (out)                            0.000   249931664.000 f
  data arrival time                               249931664.000

  clock clk (rise edge)                250000000.000
                                                  250000000.000
  clock network delay (ideal)             0.000   250000000.000
  output external delay                   0.000   250000000.000
  data required time                              250000000.000
  -----------------------------------------------------------
  data required time                              250000000.000
  data arrival time                               -249931664.000
  -----------------------------------------------------------
  slack (MET)                                     68336.000


1
