****************************************
Report : Averaged Power
Design : top
Version: S-2021.06-SP1
Date   : Sat Dec  3 11:41:56 2022
****************************************



  Attributes
  ----------
      i  -  Including register clock pin internal power
      u  -  User defined power group

                        Internal  Switching  Leakage    Total
Power Group             Power     Power      Power      Power   (     %)  Attrs
--------------------------------------------------------------------------------
clock_network              0.0000    0.0000    0.0000    0.0000 ( 0.00%)  i
register                   0.0000    0.0000    0.0000    0.0000 ( 0.00%)  
combinational           6.551e-07 1.318e-08 3.986e-05 4.053e-05 (100.00%) 
sequential                 0.0000    0.0000    0.0000    0.0000 ( 0.00%)  
memory                     0.0000    0.0000    0.0000    0.0000 ( 0.00%)  
io_pad                     0.0000    0.0000    0.0000    0.0000 ( 0.00%)  
black_box                  0.0000    0.0000    0.0000    0.0000 ( 0.00%)  

  Net Switching Power  = 1.318e-08   ( 0.03%)
  Cell Internal Power  = 6.551e-07   ( 1.62%)
  Cell Leakage Power   = 3.986e-05   (98.35%)
                         ---------
Total Power            = 4.053e-05  (100.00%)

1
