 
****************************************
Report : timing
        -path full
        -delay max
        -max_paths 1
Design : top
Version: S-2021.06-SP2
Date   : Fri Dec 16 11:17:29 2022
****************************************

Operating Conditions: TT   Library: PPDK_Standard_Library_1.0V_25C_TYP_X1
Wire Load Model Mode: top

  Startpoint: inp[32] (input port clocked by clk)
  Endpoint: out[0] (output port clocked by clk)
  Path Group: clk
  Path Type: max

  Point                                    Incr       Path
  -----------------------------------------------------------
  clock clk (rise edge)                   0.000      0.000
  clock network delay (ideal)             0.000      0.000
  input external delay                    0.000      0.000 r
  inp[32] (in)                            0.000      0.000 r
  U937/Y (NAND2X1)                     1027202.000
                                                  1027202.000 f
  U431/Y (AND2X1)                      2442884.750
                                                  3470086.750 f
  U432/Y (INVX1)                       -1272937.000
                                                  2197149.750 r
  U323/Y (AND2X1)                      1881396.250
                                                  4078546.000 r
  U324/Y (INVX1)                       715780.500 4794326.500 f
  U946/Y (XOR2X1)                      4919793.500
                                                  9714120.000 r
  U817/Y (XNOR2X1)                     6363212.000
                                                  16077332.000 r
  U818/Y (INVX1)                       779162.000 16856494.000 f
  U309/Y (AND2X1)                      2458118.000
                                                  19314612.000 f
  U310/Y (INVX1)                       -1174842.000
                                                  18139770.000 r
  U952/Y (NAND2X1)                     804154.000 18943924.000 f
  U957/Y (XOR2X1)                      5245348.000
                                                  24189272.000 r
  U1004/Y (XOR2X1)                     4758430.000
                                                  28947702.000 f
  U1006/Y (NAND2X1)                    1749520.000
                                                  30697222.000 r
  U273/Y (INVX1)                       978018.000 31675240.000 f
  U274/Y (INVX1)                       445366.000 32120606.000 r
  U1007/Y (NAND2X1)                    1053898.000
                                                  33174504.000 f
  U1008/Y (XOR2X1)                     5383292.000
                                                  38557796.000 r
  U303/Y (AND2X1)                      1819724.000
                                                  40377520.000 r
  U304/Y (INVX1)                       707856.000 41085376.000 f
  U357/Y (AND2X1)                      2458052.000
                                                  43543428.000 f
  U358/Y (INVX1)                       -1187452.000
                                                  42355976.000 r
  U661/Y (AND2X1)                      1881836.000
                                                  44237812.000 r
  U662/Y (INVX1)                       708600.000 44946412.000 f
  U1012/Y (OR2X1)                      2117892.000
                                                  47064304.000 f
  U1023/Y (NAND2X1)                    876488.000 47940792.000 r
  U576/Y (XNOR2X1)                     5490568.000
                                                  53431360.000 r
  U881/Y (INVX1)                       966164.000 54397524.000 f
  U1027/Y (NAND2X1)                    1290860.000
                                                  55688384.000 r
  U1053/Y (NAND2X1)                    848496.000 56536880.000 f
  U515/Y (AND2X1)                      2441928.000
                                                  58978808.000 f
  U516/Y (INVX1)                       -307324.000
                                                  58671484.000 r
  U287/Y (AND2X1)                      2183852.000
                                                  60855336.000 r
  U288/Y (INVX1)                       712984.000 61568320.000 f
  U289/Y (AND2X1)                      2458032.000
                                                  64026352.000 f
  U290/Y (INVX1)                       -1187560.000
                                                  62838792.000 r
  U789/Y (AND2X1)                      2199080.000
                                                  65037872.000 r
  U790/Y (INVX1)                       708024.000 65745896.000 f
  U1060/Y (XOR2X1)                     5583856.000
                                                  71329752.000 r
  U1061/Y (NOR2X1)                     -81872.000 71247880.000 f
  U577/Y (NOR2X1)                      1209896.000
                                                  72457776.000 r
  U279/Y (AND2X1)                      2181384.000
                                                  74639160.000 r
  U280/Y (INVX1)                       713344.000 75352504.000 f
  U1114/Y (NOR2X1)                     1157520.000
                                                  76510024.000 r
  U888/Y (OR2X1)                       1626816.000
                                                  78136840.000 r
  U892/Y (INVX1)                       721320.000 78858160.000 f
  U1131/Y (XOR2X1)                     5586536.000
                                                  84444696.000 r
  U1133/Y (OR2X1)                      2322344.000
                                                  86767040.000 r
  U535/Y (AND2X1)                      2199672.000
                                                  88966712.000 r
  U536/Y (INVX1)                       707832.000 89674544.000 f
  U1134/Y (XOR2X1)                     5588200.000
                                                  95262744.000 r
  U1225/Y (XOR2X1)                     4343544.000
                                                  99606288.000 f
  U573/Y (XNOR2X1)                     5969848.000
                                                  105576136.000 f
  U574/Y (INVX1)                       -1310152.000
                                                  104265984.000 r
  U1234/Y (OR2X1)                      1650624.000
                                                  105916608.000 r
  U659/Y (AND2X1)                      2196872.000
                                                  108113480.000 r
  U660/Y (INVX1)                       708304.000 108821784.000 f
  U1239/Y (NAND2X1)                    924544.000 109746328.000 r
  U335/Y (AND2X1)                      2174416.000
                                                  111920744.000 r
  U336/Y (INVX1)                       715616.000 112636360.000 f
  U409/Y (AND2X1)                      2034872.000
                                                  114671232.000 f
  U410/Y (INVX1)                       -1379040.000
                                                  113292192.000 r
  U799/Y (AND2X1)                      1881952.000
                                                  115174144.000 r
  U800/Y (INVX1)                       707592.000 115881736.000 f
  U1248/Y (NAND2X1)                    1285792.000
                                                  117167528.000 r
  U337/Y (AND2X1)                      2174568.000
                                                  119342096.000 r
  U338/Y (INVX1)                       715568.000 120057664.000 f
  U413/Y (AND2X1)                      2034872.000
                                                  122092536.000 f
  U414/Y (INVX1)                       -343592.000
                                                  121748944.000 r
  U1254/Y (INVX1)                      652064.000 122401008.000 f
  U1256/Y (NAND2X1)                    1285824.000
                                                  123686832.000 r
  U397/Y (AND2X1)                      1818736.000
                                                  125505568.000 r
  U398/Y (INVX1)                       707704.000 126213272.000 f
  U499/Y (AND2X1)                      2034872.000
                                                  128248144.000 f
  U500/Y (INVX1)                       -1288600.000
                                                  126959544.000 r
  U657/Y (AND2X1)                      1881408.000
                                                  128840952.000 r
  U658/Y (INVX1)                       707648.000 129548600.000 f
  U533/Y (AND2X1)                      2458072.000
                                                  132006672.000 f
  U534/Y (INVX1)                       -242032.000
                                                  131764640.000 r
  U1262/Y (INVX1)                      646936.000 132411576.000 f
  U1301/Y (NOR2X1)                     1151592.000
                                                  133563168.000 r
  out[0] (out)                            0.000   133563168.000 r
  data arrival time                               133563168.000

  clock clk (rise edge)                200000000.000
                                                  200000000.000
  clock network delay (ideal)             0.000   200000000.000
  output external delay                   0.000   200000000.000
  data required time                              200000000.000
  -----------------------------------------------------------
  data required time                              200000000.000
  data arrival time                               -133563168.000
  -----------------------------------------------------------
  slack (MET)                                     66436832.000


1
