 
****************************************
Report : timing
        -path full
        -delay max
        -max_paths 1
Design : top
Version: S-2021.06-SP2
Date   : Sun Dec 18 18:35:40 2022
****************************************

Operating Conditions: TT   Library: PPDK_Standard_Library_1.0V_25C_TYP_X1
Wire Load Model Mode: top

  Startpoint: inp[18] (input port clocked by clk)
  Endpoint: out[0] (output port clocked by clk)
  Path Group: clk
  Path Type: max

  Point                                    Incr       Path
  -----------------------------------------------------------
  clock clk (rise edge)                   0.000      0.000
  clock network delay (ideal)             0.000      0.000
  input external delay                    0.000      0.000 r
  inp[18] (in)                            0.000      0.000 r
  U943/Y (AND2X1)                      2212706.500
                                                  2212706.500 r
  U944/Y (INVX1)                       710006.250 2922712.750 f
  U968/Y (NAND2X1)                     918720.750 3841433.500 r
  U918/Y (AND2X1)                      2164571.500
                                                  6006005.000 r
  U919/Y (INVX1)                       727068.500 6733073.500 f
  U969/Y (NAND2X1)                     924485.000 7657558.500 r
  U554/Y (AND2X1)                      2174576.500
                                                  9832135.000 r
  U555/Y (INVX1)                       732786.000 10564921.000 f
  U970/Y (INVX1)                       440372.000 11005293.000 r
  U974/Y (NAND2X1)                     802916.000 11808209.000 f
  U488/Y (AND2X1)                      2441880.000
                                                  14250089.000 f
  U489/Y (INVX1)                       -307571.000
                                                  13942518.000 r
  U1021/Y (INVX1)                      651998.000 14594516.000 f
  U1022/Y (NAND2X1)                    918798.000 15513314.000 r
  U931/Y (AND2X1)                      2163962.000
                                                  17677276.000 r
  U932/Y (INVX1)                       727664.000 18404940.000 f
  U1104/Y (NAND2X1)                    1291944.000
                                                  19696884.000 r
  U310/Y (AND2X1)                      2174388.000
                                                  21871272.000 r
  U311/Y (INVX1)                       715624.000 22586896.000 f
  U538/Y (AND2X1)                      2034872.000
                                                  24621768.000 f
  U539/Y (INVX1)                       -1175442.000
                                                  23446326.000 r
  U1123/Y (OR2X1)                      1642274.000
                                                  25088600.000 r
  U780/Y (AND2X1)                      2196644.000
                                                  27285244.000 r
  U781/Y (INVX1)                       708376.000 27993620.000 f
  U574/Y (AND2X1)                      2034876.000
                                                  30028496.000 f
  U575/Y (INVX1)                       -229940.000
                                                  29798556.000 r
  U1135/Y (INVX1)                      651868.000 30450424.000 f
  U562/Y (AND2X1)                      2458042.000
                                                  32908466.000 f
  U563/Y (INVX1)                       -1175334.000
                                                  31733132.000 r
  U702/Y (AND2X1)                      1881340.000
                                                  33614472.000 r
  U703/Y (INVX1)                       715836.000 34330308.000 f
  U592/Y (XNOR2X1)                     6580884.000
                                                  40911192.000 f
  U593/Y (INVX1)                       -1311972.000
                                                  39599220.000 r
  U1158/Y (OR2X1)                      1650456.000
                                                  41249676.000 r
  U824/Y (AND2X1)                      1876160.000
                                                  43125836.000 r
  U825/Y (INVX1)                       715628.000 43841464.000 f
  U655/Y (AND2X1)                      2460944.000
                                                  46302408.000 f
  U1179/Y (NAND2X1)                    1748732.000
                                                  48051140.000 r
  U578/Y (INVX1)                       1047752.000
                                                  49098892.000 f
  U579/Y (INVX1)                       444408.000 49543300.000 r
  U308/Y (AND2X1)                      1880356.000
                                                  51423656.000 r
  U309/Y (INVX1)                       715792.000 52139448.000 f
  U1210/Y (OR2X1)                      2117904.000
                                                  54257352.000 f
  U1216/Y (AND2X1)                     2244368.000
                                                  56501720.000 f
  U1217/Y (XOR2X1)                     5486660.000
                                                  61988380.000 r
  U266/Y (AND2X1)                      1820788.000
                                                  63809168.000 r
  U267/Y (INVX1)                       715568.000 64524736.000 f
  U945/Y (AND2X1)                      2034872.000
                                                  66559608.000 f
  U946/Y (INVX1)                       -1139188.000
                                                  65420420.000 r
  U938/Y (AND2X1)                      2200956.000
                                                  67621376.000 r
  U939/Y (INVX1)                       713416.000 68334792.000 f
  U1246/Y (XOR2X1)                     4916440.000
                                                  73251232.000 r
  U1247/Y (OR2X1)                      2349632.000
                                                  75600864.000 r
  U838/Y (AND2X1)                      2196664.000
                                                  77797528.000 r
  U839/Y (INVX1)                       708808.000 78506336.000 f
  U1377/Y (XOR2X1)                     5296152.000
                                                  83802488.000 r
  U1378/Y (INVX1)                      1233104.000
                                                  85035592.000 f
  U1379/Y (NOR2X1)                     1156936.000
                                                  86192528.000 r
  U1380/Y (NAND2X1)                    931040.000 87123568.000 f
  U382/Y (AND2X1)                      2439408.000
                                                  89562976.000 f
  U383/Y (INVX1)                       -1282704.000
                                                  88280272.000 r
  U380/Y (AND2X1)                      1880912.000
                                                  90161184.000 r
  U381/Y (INVX1)                       707632.000 90868816.000 f
  U1388/Y (NAND2X1)                    918856.000 91787672.000 r
  U1390/Y (NAND2X1)                    930360.000 92718032.000 f
  U1391/Y (NAND2X1)                    881416.000 93599448.000 r
  U674/Y (AND2X1)                      1818696.000
                                                  95418144.000 r
  U675/Y (INVX1)                       713232.000 96131376.000 f
  U253/Y (AND2X1)                      2034872.000
                                                  98166248.000 f
  U254/Y (INVX1)                       -1291496.000
                                                  96874752.000 r
  U264/Y (AND2X1)                      1881904.000
                                                  98756656.000 r
  U265/Y (INVX1)                       715760.000 99472416.000 f
  U1398/Y (NAND2X1)                    918824.000 100391240.000 r
  U290/Y (AND2X1)                      2174544.000
                                                  102565784.000 r
  U291/Y (INVX1)                       715576.000 103281360.000 f
  U438/Y (AND2X1)                      2034872.000
                                                  105316232.000 f
  U439/Y (INVX1)                       -1186168.000
                                                  104130064.000 r
  U716/Y (AND2X1)                      1881832.000
                                                  106011896.000 r
  U717/Y (INVX1)                       713376.000 106725272.000 f
  U620/Y (AND2X1)                      2469496.000
                                                  109194768.000 f
  U448/Y (AND2X1)                      2428864.000
                                                  111623632.000 f
  U449/Y (INVX1)                       -1376072.000
                                                  110247560.000 r
  U255/Y (AND2X1)                      1881952.000
                                                  112129512.000 r
  U256/Y (INVX1)                       715736.000 112845248.000 f
  U442/Y (AND2X1)                      2458056.000
                                                  115303304.000 f
  U443/Y (INVX1)                       -1187424.000
                                                  114115880.000 r
  U706/Y (AND2X1)                      1881840.000
                                                  115997720.000 r
  U707/Y (INVX1)                       715576.000 116713296.000 f
  U770/Y (AND2X1)                      2034872.000
                                                  118748168.000 f
  U771/Y (INVX1)                       -1327712.000
                                                  117420456.000 r
  U1410/Y (OR2X1)                      1639528.000
                                                  119059984.000 r
  U832/Y (AND2X1)                      1876040.000
                                                  120936024.000 r
  U833/Y (INVX1)                       715792.000 121651816.000 f
  U1413/Y (NAND2X1)                    1285616.000
                                                  122937432.000 r
  U251/Y (AND2X1)                      2174584.000
                                                  125112016.000 r
  U252/Y (INVX1)                       715560.000 125827576.000 f
  U736/Y (AND2X1)                      2034872.000
                                                  127862448.000 f
  U737/Y (INVX1)                       -1288568.000
                                                  126573880.000 r
  U647/Y (NAND2X1)                     1050520.000
                                                  127624400.000 f
  U820/Y (AND2X1)                      2044144.000
                                                  129668544.000 f
  U821/Y (INVX1)                       -1447288.000
                                                  128221256.000 r
  U1417/Y (NAND2X1)                    1049808.000
                                                  129271064.000 f
  U758/Y (AND2X1)                      2441976.000
                                                  131713040.000 f
  U759/Y (INVX1)                       -1291328.000
                                                  130421712.000 r
  U756/Y (AND2X1)                      2199104.000
                                                  132620816.000 r
  U757/Y (INVX1)                       707576.000 133328392.000 f
  U1419/Y (AND2X1)                     2238248.000
                                                  135566640.000 f
  U1420/Y (NOR2X1)                     1206272.000
                                                  136772912.000 r
  out[0] (out)                            0.000   136772912.000 r
  data arrival time                               136772912.000

  clock clk (rise edge)                200000000.000
                                                  200000000.000
  clock network delay (ideal)             0.000   200000000.000
  output external delay                   0.000   200000000.000
  data required time                              200000000.000
  -----------------------------------------------------------
  data required time                              200000000.000
  data arrival time                               -136772912.000
  -----------------------------------------------------------
  slack (MET)                                     63227088.000


1
