****************************************
Report : timing
	-path_type full
	-delay_type max
	-max_paths 1
	-sort_by slack
Design : top
Version: S-2021.06-SP1
Date   : Tue Nov 29 17:23:02 2022
****************************************


  Startpoint: inp[2] (input port clocked by clk)
  Endpoint: out[0] (output port clocked by clk)
  Path Group: clk
  Path Type: max

  Point                                    Incr       Path
  ---------------------------------------------------------------
  clock clk (rise edge)                   0.000      0.000
  clock network delay (ideal)             0.000      0.000
  input external delay                    0.000      0.000 r
  inp[2] (in)                             0.000      0.000 r
  U200/Y (AND2X1)                      2207112.000
                                                  2207112.000 r
  U201/Y (INVX1)                       705216.000 2912328.000 f
  U351/Y (AND2X1)                      2037096.000
                                                  4949424.000 f
  U496/Y (NAND2X1)                     854464.000 5803888.000 r
  U403/Y (AND2X1)                      1819200.000
                                                  7623088.000 r
  U404/Y (INVX1)                       716072.000 8339160.000 f
  U231/Y (NAND2X1)                     918760.000 9257920.000 r
  U224/Y (AND2X1)                      1818752.000
                                                  11076672.000 r
  U225/Y (INVX1)                       708312.000 11784984.000 f
  U503/Y (OR2X1)                       2115216.000
                                                  13900200.000 f
  U397/Y (AND2X1)                      2434376.000
                                                  16334576.000 f
  U398/Y (INVX1)                       -1327704.000
                                                  15006872.000 r
  U367/Y (AND2X1)                      2201776.000
                                                  17208648.000 r
  U337/Y (AND2X1)                      2181464.000
                                                  19390112.000 r
  U338/Y (INVX1)                       713536.000 20103648.000 f
  U515/Y (NAND2X1)                     1285752.000
                                                  21389400.000 r
  U240/Y (AND2X1)                      1842164.000
                                                  23231564.000 r
  U447/Y (INVX1)                       717784.000 23949348.000 f
  U417/Y (AND2X1)                      2458008.000
                                                  26407356.000 f
  U418/Y (INVX1)                       -1151380.000
                                                  25255976.000 r
  U391/Y (AND2X1)                      2203952.000
                                                  27459928.000 r
  U392/Y (INVX1)                       717184.000 28177112.000 f
  U516/Y (NAND2X1)                     918876.000 29095988.000 r
  U517/Y (AND2X1)                      2558408.000
                                                  31654396.000 r
  U523/Y (NAND2X1)                     834944.000 32489340.000 f
  U273/Y (AND2X1)                      2441932.000
                                                  34931272.000 f
  U274/Y (INVX1)                       -1291620.000
                                                  33639652.000 r
  U389/Y (AND2X1)                      2199100.000
                                                  35838752.000 r
  U390/Y (INVX1)                       707800.000 36546552.000 f
  U245/Y (AND2X1)                      2034888.000
                                                  38581440.000 f
  U246/Y (INVX1)                       -1174792.000
                                                  37406648.000 r
  U533/Y (NAND2X1)                     1052724.000
                                                  38459372.000 f
  U534/Y (XOR2X1)                      5242664.000
                                                  43702036.000 r
  U243/Y (AND2X1)                      2174716.000
                                                  45876752.000 r
  U244/Y (INVX1)                       715956.000 46592708.000 f
  U448/Y (AND2X1)                      2043752.000
                                                  48636460.000 f
  U535/Y (NAND2X1)                     1752484.000
                                                  50388944.000 r
  U536/Y (INVX1)                       1018816.000
                                                  51407760.000 f
  U537/Y (NAND2X1)                     919220.000 52326980.000 r
  U411/Y (AND2X1)                      1830364.000
                                                  54157344.000 r
  U548/Y (NAND2X1)                     834832.000 54992176.000 f
  U255/Y (AND2X1)                      2044136.000
                                                  57036312.000 f
  U256/Y (INVX1)                       -1291652.000
                                                  55744660.000 r
  U303/Y (AND2X1)                      1881900.000
                                                  57626560.000 r
  U304/Y (INVX1)                       708448.000 58335008.000 f
  U425/Y (AND2X1)                      2037084.000
                                                  60372092.000 f
  U557/Y (NAND2X1)                     859748.000 61231840.000 r
  U379/Y (AND2X1)                      2169480.000
                                                  63401320.000 r
  U380/Y (INVX1)                       721232.000 64122552.000 f
  U229/Y (NAND2X1)                     1285584.000
                                                  65408136.000 r
  U307/Y (AND2X1)                      1818792.000
                                                  67226928.000 r
  U308/Y (INVX1)                       713512.000 67940440.000 f
  U271/Y (AND2X1)                      2034872.000
                                                  69975312.000 f
  U272/Y (INVX1)                       -1291752.000
                                                  68683560.000 r
  U236/Y (NAND2X1)                     800472.000 69484032.000 f
  U381/Y (AND2X1)                      2044128.000
                                                  71528160.000 f
  U382/Y (INVX1)                       -1279248.000
                                                  70248912.000 r
  U291/Y (AND2X1)                      1881408.000
                                                  72130320.000 r
  U292/Y (INVX1)                       716232.000 72846552.000 f
  U234/Y (NAND2X1)                     918712.000 73765264.000 r
  U285/Y (AND2X1)                      1818760.000
                                                  75584024.000 r
  U286/Y (INVX1)                       715576.000 76299600.000 f
  U567/Y (AND2X1)                      2238240.000
                                                  78537840.000 f
  U269/Y (AND2X1)                      2431264.000
                                                  80969104.000 f
  U270/Y (INVX1)                       -1360616.000
                                                  79608488.000 r
  U311/Y (AND2X1)                      1881944.000
                                                  81490432.000 r
  U312/Y (INVX1)                       715576.000 82206008.000 f
  U181/Y (AND2X1)                      1866984.000
                                                  84072992.000 f
  U569/Y (NOR2X1)                      1213352.000
                                                  85286344.000 r
  U190/Y (AND2X1)                      1834504.000
                                                  87120848.000 r
  U191/Y (INVX1)                       707792.000 87828640.000 f
  U571/Y (NAND2X1)                     1279688.000
                                                  89108328.000 r
  out[0] (out)                            0.000   89108328.000 r
  data arrival time                               89108328.000

  clock clk (rise edge)                250000000.000
                                                  250000000.000
  clock network delay (ideal)             0.000   250000000.000
  clock reconvergence pessimism           0.000   250000000.000
  output external delay                   0.000   250000000.000
  data required time                              250000000.000
  ---------------------------------------------------------------
  data required time                              250000000.000
  data arrival time                               -89108328.000
  ---------------------------------------------------------------
  slack (MET)                                     160891680.000


1
