****************************************
Report : timing
	-path_type full
	-delay_type max
	-max_paths 1
	-sort_by slack
Design : top
Version: S-2021.06-SP1
Date   : Tue Nov 29 16:58:38 2022
****************************************


  Startpoint: inp[52] (input port clocked by clk)
  Endpoint: out[0] (output port clocked by clk)
  Path Group: clk
  Path Type: max

  Point                                    Incr       Path
  ---------------------------------------------------------------
  clock clk (rise edge)                   0.000      0.000
  clock network delay (ideal)             0.000      0.000
  input external delay                    0.000      0.000 r
  inp[52] (in)                            0.000      0.000 r
  U1175/Y (XNOR2X1)                    6402240.000
                                                  6402240.000 r
  U1176/Y (AND2X1)                     2001152.000
                                                  8403392.000 r
  U1177/Y (OR2X1)                      7330064.000
                                                  15733456.000 r
  U1178/Y (XOR2X1)                     5299568.000
                                                  21033024.000 f
  U1180/Y (XOR2X1)                     5447664.000
                                                  26480688.000 r
  U429/Y (INVX1)                       1539360.000
                                                  28020048.000 f
  U430/Y (INVX1)                       963568.000 28983616.000 r
  U979/Y (INVX1)                       716576.000 29700192.000 f
  U1205/Y (XOR2X1)                     5946848.000
                                                  35647040.000 r
  U1216/Y (AND2X1)                     -1074528.000
                                                  34572512.000 r
  U1054/Y (OR2X1)                      7330176.000
                                                  41902688.000 r
  U1264/Y (XOR2X1)                     2535776.000
                                                  44438464.000 r
  U357/Y (XNOR2X1)                     7217360.000
                                                  51655824.000 r
  U358/Y (INVX1)                       1097440.000
                                                  52753264.000 f
  U1466/Y (XOR2X1)                     5236016.000
                                                  57989280.000 r
  U1467/Y (AND2X1)                     1874864.000
                                                  59864144.000 r
  U1468/Y (OR2X1)                      4728256.000
                                                  64592400.000 r
  U536/Y (OR2X1)                       2967776.000
                                                  67560176.000 r
  U1498/Y (NAND2X1)                    1025088.000
                                                  68585264.000 f
  U1499/Y (NAND2X1)                    1624608.000
                                                  70209872.000 r
  U1543/Y (NAND2X1)                    1071472.000
                                                  71281344.000 f
  U1544/Y (NAND2X1)                    1625584.000
                                                  72906928.000 r
  U1545/Y (INVX1)                      1242112.000
                                                  74149040.000 f
  U1020/Y (XNOR2X1)                    6581504.000
                                                  80730544.000 f
  U1550/Y (NAND2X1)                    1168016.000
                                                  81898560.000 r
  U393/Y (AND2X1)                      1875216.000
                                                  83773776.000 r
  U394/Y (INVX1)                       846000.000 84619776.000 f
  U492/Y (NAND2X1)                     1668320.000
                                                  86288096.000 r
  U448/Y (INVX1)                       1325712.000
                                                  87613808.000 f
  U449/Y (INVX1)                       951232.000 88565040.000 r
  U4095/Y (XOR2X1)                     5914880.000
                                                  94479920.000 f
  U529/Y (XOR2X1)                      6282848.000
                                                  100762768.000 r
  U415/Y (INVX1)                       1445328.000
                                                  102208096.000 f
  U416/Y (INVX1)                       414400.000 102622496.000 r
  U4124/Y (XOR2X1)                     5615296.000
                                                  108237792.000 f
  U395/Y (XNOR2X1)                     7449688.000
                                                  115687480.000 f
  U396/Y (INVX1)                       -116680.000
                                                  115570800.000 r
  U4125/Y (NAND2X1)                    2113192.000
                                                  117683992.000 f
  U4130/Y (NAND2X1)                    1265272.000
                                                  118949264.000 r
  U4131/Y (INVX1)                      1237072.000
                                                  120186336.000 f
  U4135/Y (OR2X1)                      2684336.000
                                                  122870672.000 f
  U4136/Y (INVX1)                      -991312.000
                                                  121879360.000 r
  U4138/Y (NAND2X1)                    1005504.000
                                                  122884864.000 f
  U4139/Y (NAND2X1)                    1618336.000
                                                  124503200.000 r
  U4140/Y (INVX1)                      1238464.000
                                                  125741664.000 f
  U4144/Y (OR2X1)                      2684336.000
                                                  128426000.000 f
  U4149/Y (NAND2X1)                    1167608.000
                                                  129593608.000 r
  U4150/Y (NAND2X1)                    2098216.000
                                                  131691824.000 f
  U4155/Y (OR2X1)                      2404136.000
                                                  134095960.000 f
  U4156/Y (NAND2X1)                    1167096.000
                                                  135263056.000 r
  U4158/Y (NAND2X1)                    1052496.000
                                                  136315552.000 f
  U4165/Y (XOR2X1)                     5551136.000
                                                  141866688.000 r
  U4167/Y (INVX1)                      1408608.000
                                                  143275296.000 f
  U4168/Y (NAND2X1)                    1161936.000
                                                  144437232.000 r
  U4223/Y (NAND2X1)                    1052208.000
                                                  145489440.000 f
  U4224/Y (NAND2X1)                    1165920.000
                                                  146655360.000 r
  U4238/Y (NAND2X1)                    1048944.000
                                                  147704304.000 f
  U513/Y (NAND2X1)                     1312896.000
                                                  149017200.000 r
  U452/Y (INVX1)                       1319584.000
                                                  150336784.000 f
  U453/Y (INVX1)                       937392.000 151274176.000 r
  U4241/Y (INVX1)                      700576.000 151974752.000 f
  U4242/Y (AND2X1)                     2085904.000
                                                  154060656.000 f
  U4243/Y (XOR2X1)                     4880656.000
                                                  158941312.000 r
  U4244/Y (NAND2X1)                    2225280.000
                                                  161166592.000 f
  U4253/Y (NAND2X1)                    830048.000 161996640.000 r
  U4256/Y (NAND2X1)                    1048608.000
                                                  163045248.000 f
  U4265/Y (NAND2X1)                    836320.000 163881568.000 r
  U4268/Y (NAND2X1)                    1048608.000
                                                  164930176.000 f
  U4277/Y (NAND2X1)                    836288.000 165766464.000 r
  U4280/Y (NAND2X1)                    1048608.000
                                                  166815072.000 f
  U4289/Y (NAND2X1)                    836320.000 167651392.000 r
  U4292/Y (NAND2X1)                    1048608.000
                                                  168700000.000 f
  U4301/Y (NAND2X1)                    836288.000 169536288.000 r
  U4304/Y (NAND2X1)                    1048608.000
                                                  170584896.000 f
  U4313/Y (NAND2X1)                    836320.000 171421216.000 r
  U4316/Y (NAND2X1)                    1048608.000
                                                  172469824.000 f
  U4325/Y (NAND2X1)                    836288.000 173306112.000 r
  U4328/Y (NAND2X1)                    1048608.000
                                                  174354720.000 f
  U4337/Y (NAND2X1)                    836320.000 175191040.000 r
  U4340/Y (NAND2X1)                    1227728.000
                                                  176418768.000 f
  U462/Y (INVX1)                       257856.000 176676624.000 r
  U463/Y (INVX1)                       810880.000 177487504.000 f
  U1008/Y (INVX1)                      459824.000 177947328.000 r
  U4346/Y (NAND2X1)                    1018960.000
                                                  178966288.000 f
  U4348/Y (NAND2X1)                    837456.000 179803744.000 r
  U4353/Y (NAND2X1)                    1049376.000
                                                  180853120.000 f
  U4354/Y (NAND2X1)                    1619232.000
                                                  182472352.000 r
  U4355/Y (INVX1)                      1237152.000
                                                  183709504.000 f
  U1016/Y (OR2X1)                      2431552.000
                                                  186141056.000 f
  U4367/Y (NAND2X1)                    845600.000 186986656.000 r
  U4370/Y (NAND2X1)                    1048608.000
                                                  188035264.000 f
  U4379/Y (NAND2X1)                    836304.000 188871568.000 r
  U4382/Y (NAND2X1)                    1048608.000
                                                  189920176.000 f
  U4391/Y (NAND2X1)                    836304.000 190756480.000 r
  U4394/Y (NAND2X1)                    1048608.000
                                                  191805088.000 f
  U4403/Y (NAND2X1)                    836304.000 192641392.000 r
  U4406/Y (NAND2X1)                    1048608.000
                                                  193690000.000 f
  U4415/Y (NAND2X1)                    836304.000 194526304.000 r
  U4418/Y (NAND2X1)                    1048608.000
                                                  195574912.000 f
  U4427/Y (NAND2X1)                    836320.000 196411232.000 r
  U4430/Y (NAND2X1)                    1227728.000
                                                  197638960.000 f
  U476/Y (INVX1)                       257872.000 197896832.000 r
  U477/Y (INVX1)                       811744.000 198708576.000 f
  U4432/Y (INVX1)                      452064.000 199160640.000 r
  U4439/Y (NAND2X1)                    1610080.000
                                                  200770720.000 f
  U4440/Y (NAND2X1)                    1172224.000
                                                  201942944.000 r
  U4444/Y (OR2X1)                      5139952.000
                                                  207082896.000 r
  U4452/Y (NAND2X1)                    1004960.000
                                                  208087856.000 f
  U4454/Y (NAND2X1)                    1270848.000
                                                  209358704.000 r
  U4455/Y (INVX1)                      1242096.000
                                                  210600800.000 f
  U4460/Y (NAND2X1)                    807232.000 211408032.000 r
  U4464/Y (NAND2X1)                    1052224.000
                                                  212460256.000 f
  U4466/Y (NAND2X1)                    1274096.000
                                                  213734352.000 r
  U4467/Y (INVX1)                      1241520.000
                                                  214975872.000 f
  U4472/Y (NAND2X1)                    807232.000 215783104.000 r
  U4476/Y (NAND2X1)                    1052224.000
                                                  216835328.000 f
  U4478/Y (NAND2X1)                    1274064.000
                                                  218109392.000 r
  U4479/Y (INVX1)                      1241520.000
                                                  219350912.000 f
  U4484/Y (NAND2X1)                    807248.000 220158160.000 r
  U4485/Y (NAND2X1)                    1466384.000
                                                  221624544.000 f
  U4486/Y (INVX1)                      -655456.000
                                                  220969088.000 r
  U1023/Y (OR2X1)                      1803776.000
                                                  222772864.000 r
  U1039/Y (OR2X1)                      2967088.000
                                                  225739952.000 r
  U4492/Y (NAND2X1)                    1007056.000
                                                  226747008.000 f
  U4494/Y (NAND2X1)                    1271040.000
                                                  228018048.000 r
  U4495/Y (INVX1)                      1242832.000
                                                  229260880.000 f
  U4500/Y (NAND2X1)                    807232.000 230068112.000 r
  U4504/Y (NAND2X1)                    1052224.000
                                                  231120336.000 f
  U4506/Y (NAND2X1)                    842480.000 231962816.000 r
  U4507/Y (NAND2X1)                    1475808.000
                                                  233438624.000 f
  U4508/Y (INVX1)                      -657904.000
                                                  232780720.000 r
  U1025/Y (OR2X1)                      1802224.000
                                                  234582944.000 r
  U1024/Y (OR2X1)                      2968656.000
                                                  237551600.000 r
  U4528/Y (NAND2X1)                    1007024.000
                                                  238558624.000 f
  U4530/Y (NAND2X1)                    1272112.000
                                                  239830736.000 r
  U4531/Y (INVX1)                      1244000.000
                                                  241074736.000 f
  U4532/Y (NOR2X1)                     1070752.000
                                                  242145488.000 r
  U4543/Y (NAND2X1)                    1991536.000
                                                  244137024.000 f
  U4544/Y (NAND2X1)                    1159968.000
                                                  245296992.000 r
  out[0] (out)                            0.000   245296992.000 r
  data arrival time                               245296992.000

  clock clk (rise edge)                250000000.000
                                                  250000000.000
  clock network delay (ideal)             0.000   250000000.000
  clock reconvergence pessimism           0.000   250000000.000
  output external delay                   0.000   250000000.000
  data required time                              250000000.000
  ---------------------------------------------------------------
  data required time                              250000000.000
  data arrival time                               -245296992.000
  ---------------------------------------------------------------
  slack (MET)                                     4703008.000


1
