 
****************************************
Report : timing
        -path full
        -delay max
        -max_paths 1
Design : top
Version: S-2021.06-SP2
Date   : Fri Dec 16 11:09:59 2022
****************************************

Operating Conditions: TT   Library: PPDK_Standard_Library_1.0V_25C_TYP_X1
Wire Load Model Mode: top

  Startpoint: inp[13] (input port clocked by clk)
  Endpoint: out[0] (output port clocked by clk)
  Path Group: clk
  Path Type: max

  Point                                    Incr       Path
  -----------------------------------------------------------
  clock clk (rise edge)                   0.000      0.000
  clock network delay (ideal)             0.000      0.000
  input external delay                    0.000      0.000 f
  inp[13] (in)                            0.000      0.000 f
  U852/Y (INVX1)                       614762.250 614762.250 r
  U1217/Y (NAND2X1)                    1054817.375
                                                  1669579.625 f
  U1218/Y (NAND2X1)                    1752620.375
                                                  3422200.000 r
  U1219/Y (INVX1)                      1115740.000
                                                  4537940.000 f
  U1220/Y (NAND2X1)                    1290197.000
                                                  5828137.000 r
  U1221/Y (NAND2X1)                    1230492.000
                                                  7058629.000 f
  U1237/Y (NAND2X1)                    1399533.000
                                                  8458162.000 r
  U284/Y (AND2X1)                      2165494.000
                                                  10623656.000 r
  U285/Y (INVX1)                       718522.000 11342178.000 f
  U372/Y (AND2X1)                      2458082.000
                                                  13800260.000 f
  U373/Y (INVX1)                       -1174988.000
                                                  12625272.000 r
  U360/Y (AND2X1)                      2198884.000
                                                  14824156.000 r
  U361/Y (INVX1)                       707870.000 15532026.000 f
  U1322/Y (NAND2X1)                    1291596.000
                                                  16823622.000 r
  U1323/Y (XOR2X1)                     4768306.000
                                                  21591928.000 f
  U1351/Y (NAND2X1)                    1750420.000
                                                  23342348.000 r
  U754/Y (INVX1)                       898376.000 24240724.000 f
  U755/Y (INVX1)                       446424.000 24687148.000 r
  U1352/Y (NAND2X1)                    1053898.000
                                                  25741046.000 f
  U1355/Y (XOR2X1)                     5344922.000
                                                  31085968.000 r
  U1356/Y (NAND2X1)                    1236444.000
                                                  32322412.000 f
  U495/Y (INVX1)                       221400.000 32543812.000 r
  U496/Y (INVX1)                       646460.000 33190272.000 f
  U1359/Y (NAND2X1)                    924268.000 34114540.000 r
  U469/Y (XNOR2X1)                     5382468.000
                                                  39497008.000 r
  U470/Y (INVX1)                       989996.000 40487004.000 f
  U1411/Y (OR2X1)                      2115440.000
                                                  42602444.000 f
  U1412/Y (NAND2X1)                    1752544.000
                                                  44354988.000 r
  U1427/Y (NAND2X1)                    863044.000 45218032.000 f
  U1428/Y (NAND2X1)                    1380644.000
                                                  46598676.000 r
  U1429/Y (NAND2X1)                    1152132.000
                                                  47750808.000 f
  U1433/Y (OR2X1)                      2091000.000
                                                  49841808.000 f
  U598/Y (AND2X1)                      2435024.000
                                                  52276832.000 f
  U599/Y (INVX1)                       -1336244.000
                                                  50940588.000 r
  U1435/Y (NAND2X1)                    927124.000 51867712.000 f
  U491/Y (INVX1)                       223220.000 52090932.000 r
  U492/Y (INVX1)                       646940.000 52737872.000 f
  U1437/Y (NAND2X1)                    918636.000 53656508.000 r
  U684/Y (AND2X1)                      1818644.000
                                                  55475152.000 r
  U685/Y (INVX1)                       715892.000 56191044.000 f
  U1484/Y (NAND2X1)                    1357292.000
                                                  57548336.000 r
  U509/Y (INVX1)                       1079384.000
                                                  58627720.000 f
  U510/Y (INVX1)                       457584.000 59085304.000 r
  U1517/Y (XOR2X1)                     4514528.000
                                                  63599832.000 f
  U1518/Y (XOR2X1)                     5062648.000
                                                  68662480.000 r
  U1520/Y (NAND2X1)                    849672.000 69512152.000 f
  U522/Y (NOR2X1)                      1628936.000
                                                  71141088.000 r
  U485/Y (INVX1)                       1011032.000
                                                  72152120.000 f
  U486/Y (INVX1)                       458664.000 72610784.000 r
  U550/Y (AND2X1)                      2198128.000
                                                  74808912.000 r
  U551/Y (INVX1)                       707896.000 75516808.000 f
  U1837/Y (NOR2X1)                     1157528.000
                                                  76674336.000 r
  U848/Y (OR2X1)                       1622920.000
                                                  78297256.000 r
  U1839/Y (XOR2X1)                     4374952.000
                                                  82672208.000 f
  U1870/Y (XOR2X1)                     5742864.000
                                                  88415072.000 r
  U1874/Y (OR2X1)                      2290840.000
                                                  90705912.000 r
  U1875/Y (NAND2X1)                    800016.000 91505928.000 f
  U1876/Y (NAND2X1)                    1385480.000
                                                  92891408.000 r
  U1877/Y (OR2X1)                      2548312.000
                                                  95439720.000 r
  U628/Y (AND2X1)                      2196704.000
                                                  97636424.000 r
  U629/Y (INVX1)                       708352.000 98344776.000 f
  U1879/Y (NAND2X1)                    1291616.000
                                                  99636392.000 r
  U1882/Y (OR2X1)                      2330208.000
                                                  101966600.000 r
  U588/Y (AND2X1)                      2199504.000
                                                  104166104.000 r
  U589/Y (INVX1)                       707664.000 104873768.000 f
  U1885/Y (OR2X1)                      2117888.000
                                                  106991656.000 f
  U1944/Y (AND2X1)                     1853496.000
                                                  108845152.000 f
  U531/Y (XNOR2X1)                     5980704.000
                                                  114825856.000 f
  U532/Y (INVX1)                       -1281920.000
                                                  113543936.000 r
  U642/Y (AND2X1)                      2198720.000
                                                  115742656.000 r
  U643/Y (INVX1)                       707704.000 116450360.000 f
  U1950/Y (NAND2X1)                    1291600.000
                                                  117741960.000 r
  U1953/Y (OR2X1)                      2340064.000
                                                  120082024.000 r
  U616/Y (AND2X1)                      2199720.000
                                                  122281744.000 r
  U617/Y (INVX1)                       707376.000 122989120.000 f
  U1958/Y (NAND2X1)                    918864.000 123907984.000 r
  U1959/Y (NAND2X1)                    1126400.000
                                                  125034384.000 f
  U1961/Y (NAND2X1)                    1342752.000
                                                  126377136.000 r
  U1962/Y (INVX1)                      1069472.000
                                                  127446608.000 f
  U1963/Y (NAND2X1)                    1284400.000
                                                  128731008.000 r
  U1964/Y (NAND2X1)                    1126088.000
                                                  129857096.000 f
  U1999/Y (NAND2X1)                    881224.000 130738320.000 r
  U2000/Y (NAND2X1)                    1125080.000
                                                  131863400.000 f
  out[0] (out)                            0.000   131863400.000 f
  data arrival time                               131863400.000

  clock clk (rise edge)                200000000.000
                                                  200000000.000
  clock network delay (ideal)             0.000   200000000.000
  output external delay                   0.000   200000000.000
  data required time                              200000000.000
  -----------------------------------------------------------
  data required time                              200000000.000
  data arrival time                               -131863400.000
  -----------------------------------------------------------
  slack (MET)                                     68136600.000


1
