****************************************
Report : timing
	-path_type full
	-delay_type max
	-max_paths 1
	-sort_by slack
Design : top
Version: S-2021.06-SP1
Date   : Sun Dec 18 12:20:36 2022
****************************************


  Startpoint: inp[23] (input port clocked by clk)
  Endpoint: out[0] (output port clocked by clk)
  Path Group: clk
  Path Type: max

  Point                                    Incr       Path
  ---------------------------------------------------------------
  clock clk (rise edge)                   0.000      0.000
  clock network delay (ideal)             0.000      0.000
  input external delay                    0.000      0.000 r
  inp[23] (in)                            0.000      0.000 r
  U307/Y (AND2X1)                      2207104.000
                                                  2207104.000 r
  U308/Y (INVX1)                       705440.000 2912544.000 f
  U665/Y (NAND2X1)                     918768.000 3831312.000 r
  U666/Y (NAND2X1)                     1128576.000
                                                  4959888.000 f
  U667/Y (NAND2X1)                     881232.000 5841120.000 r
  U668/Y (NAND2X1)                     1230400.000
                                                  7071520.000 f
  U671/Y (NAND2X1)                     1399504.000
                                                  8471024.000 r
  U424/Y (AND2X1)                      1795392.000
                                                  10266416.000 r
  U425/Y (INVX1)                       714416.000 10980832.000 f
  U675/Y (NAND2X1)                     1752768.000
                                                  12733600.000 r
  U677/Y (INVX1)                       1216864.000
                                                  13950464.000 f
  U678/Y (NAND2X1)                     1289856.000
                                                  15240320.000 r
  U679/Y (NAND2X1)                     1127792.000
                                                  16368112.000 f
  U689/Y (XOR2X1)                      5351376.000
                                                  21719488.000 r
  U690/Y (INVX1)                       1252944.000
                                                  22972432.000 f
  U714/Y (NAND2X1)                     925152.000 23897584.000 r
  U832/Y (NAND2X1)                     866880.000 24764464.000 f
  U833/Y (XOR2X1)                      5383328.000
                                                  30147792.000 r
  U835/Y (OR2X1)                       2268736.000
                                                  32416528.000 r
  U132/Y (AND2X1)                      2199248.000
                                                  34615776.000 r
  U133/Y (INVX1)                       707520.000 35323296.000 f
  U837/Y (NAND2X1)                     1297408.000
                                                  36620704.000 r
  U633/Y (XNOR2X1)                     6352016.000
                                                  42972720.000 r
  U634/Y (INVX1)                       958040.000 43930760.000 f
  U593/Y (XNOR2X1)                     6588288.000
                                                  50519048.000 f
  U1565/Y (XOR2X1)                     5213352.000
                                                  55732400.000 r
  U1587/Y (XOR2X1)                     4766848.000
                                                  60499248.000 f
  U1588/Y (OR2X1)                      2060656.000
                                                  62559904.000 f
  U1590/Y (AND2X1)                     1853840.000
                                                  64413744.000 f
  U1597/Y (XOR2X1)                     5478816.000
                                                  69892560.000 r
  U158/Y (AND2X1)                      1819760.000
                                                  71712320.000 r
  U159/Y (INVX1)                       707152.000 72419472.000 f
  U1599/Y (NAND2X1)                    1291608.000
                                                  73711080.000 r
  U1602/Y (OR2X1)                      2330216.000
                                                  76041296.000 r
  U140/Y (AND2X1)                      2199504.000
                                                  78240800.000 r
  U141/Y (INVX1)                       707440.000 78948240.000 f
  U1604/Y (NAND2X1)                    1291600.000
                                                  80239840.000 r
  U458/Y (AND2X1)                      1818360.000
                                                  82058200.000 r
  U459/Y (INVX1)                       716072.000 82774272.000 f
  U1611/Y (NAND2X1)                    918808.000 83693080.000 r
  U118/Y (AND2X1)                      1819072.000
                                                  85512152.000 r
  U119/Y (INVX1)                       707888.000 86220040.000 f
  U1623/Y (XOR2X1)                     5579376.000
                                                  91799416.000 r
  U644/Y (AND2X1)                      1845352.000
                                                  93644768.000 r
  U601/Y (OR2X1)                       1624400.000
                                                  95269168.000 r
  U192/Y (AND2X1)                      2181368.000
                                                  97450536.000 r
  U193/Y (INVX1)                       713568.000 98164104.000 f
  U1675/Y (NAND2X1)                    924344.000 99088448.000 r
  U1676/Y (XOR2X1)                     4837664.000
                                                  103926112.000 f
  U1691/Y (NAND2X1)                    1749480.000
                                                  105675592.000 r
  U434/Y (INVX1)                       981632.000 106657224.000 f
  U435/Y (INVX1)                       445312.000 107102536.000 r
  U1692/Y (NAND2X1)                    1051800.000
                                                  108154336.000 f
  U1693/Y (NAND2X1)                    1385472.000
                                                  109539808.000 r
  U1697/Y (OR2X1)                      2548384.000
                                                  112088192.000 r
  U466/Y (AND2X1)                      1885280.000
                                                  113973472.000 r
  U467/Y (INVX1)                       715592.000 114689064.000 f
  U1700/Y (NAND2X1)                    1291592.000
                                                  115980656.000 r
  U1702/Y (OR2X1)                      2330144.000
                                                  118310800.000 r
  U446/Y (AND2X1)                      1882944.000
                                                  120193744.000 r
  U447/Y (INVX1)                       715440.000 120909184.000 f
  U1722/Y (AND2X1)                     2243888.000
                                                  123153072.000 f
  U343/Y (XNOR2X1)                     6627152.000
                                                  129780224.000 f
  U344/Y (INVX1)                       -286672.000
                                                  129493552.000 r
  U1905/Y (INVX1)                      657168.000 130150720.000 f
  U1906/Y (NAND2X1)                    1285952.000
                                                  131436672.000 r
  U1936/Y (NAND2X1)                    848344.000 132285016.000 f
  U1938/Y (NAND2X1)                    885512.000 133170528.000 r
  U1941/Y (OR2X1)                      2561296.000
                                                  135731824.000 r
  U124/Y (AND2X1)                      2199728.000
                                                  137931552.000 r
  U125/Y (INVX1)                       707584.000 138639136.000 f
  U1942/Y (NOR2X1)                     1157584.000
                                                  139796720.000 r
  U1945/Y (NOR2X1)                     156912.000 139953632.000 f
  U1947/Y (NAND2X1)                    885072.000 140838704.000 r
  U1948/Y (NAND2X1)                    1151104.000
                                                  141989808.000 f
  U1949/Y (NAND2X1)                    1399424.000
                                                  143389232.000 r
  U1950/Y (NOR2X1)                     -330976.000
                                                  143058256.000 f
  U422/Y (AND2X1)                      2441584.000
                                                  145499840.000 f
  U234/Y (AND2X1)                      2426880.000
                                                  147926720.000 f
  U235/Y (INVX1)                       -1388896.000
                                                  146537824.000 r
  U413/Y (AND2X1)                      2199120.000
                                                  148736944.000 r
  U360/Y (INVX1)                       724752.000 149461696.000 f
  U655/Y (INVX1)                       1027712.000
                                                  150489408.000 r
  U1985/Y (NAND2X1)                    1101360.000
                                                  151590768.000 f
  U1986/Y (NAND2X1)                    1752608.000
                                                  153343376.000 r
  U1990/Y (INVX1)                      1106592.000
                                                  154449968.000 f
  U1991/Y (NAND2X1)                    1284432.000
                                                  155734400.000 r
  U1992/Y (NAND2X1)                    1126112.000
                                                  156860512.000 f
  U1993/Y (NAND2X1)                    1394704.000
                                                  158255216.000 r
  U1997/Y (NAND2X1)                    866000.000 159121216.000 f
  U1998/Y (NAND2X1)                    1400080.000
                                                  160521296.000 r
  U1999/Y (NAND2X1)                    866880.000 161388176.000 f
  U2000/Y (NAND2X1)                    1380336.000
                                                  162768512.000 r
  U2002/Y (NAND2X1)                    863664.000 163632176.000 f
  U2003/Y (NAND2X1)                    879360.000 164511536.000 r
  U2004/Y (NAND2X1)                    1126432.000
                                                  165637968.000 f
  U2005/Y (NAND2X1)                    1748032.000
                                                  167386000.000 r
  U327/Y (INVX1)                       1109424.000
                                                  168495424.000 f
  U328/Y (INVX1)                       450480.000 168945904.000 r
  U454/Y (AND2X1)                      1879856.000
                                                  170825760.000 r
  U455/Y (INVX1)                       715536.000 171541296.000 f
  U2007/Y (NAND2X1)                    924544.000 172465840.000 r
  U2008/Y (NAND2X1)                    863776.000 173329616.000 f
  U2020/Y (NAND2X1)                    882624.000 174212240.000 r
  U2023/Y (NAND2X1)                    865296.000 175077536.000 f
  U2024/Y (NOR2X1)                     1189424.000
                                                  176266960.000 r
  out[0] (out)                            0.000   176266960.000 r
  data arrival time                               176266960.000

  clock clk (rise edge)                200000000.000
                                                  200000000.000
  clock network delay (ideal)             0.000   200000000.000
  clock reconvergence pessimism           0.000   200000000.000
  output external delay                   0.000   200000000.000
  data required time                              200000000.000
  ---------------------------------------------------------------
  data required time                              200000000.000
  data arrival time                               -176266960.000
  ---------------------------------------------------------------
  slack (MET)                                     23733040.000


1
