****************************************
Report : timing
	-path_type full
	-delay_type max
	-max_paths 1
	-sort_by slack
Design : top
Version: S-2021.06-SP1
Date   : Tue Nov 29 16:52:37 2022
****************************************


  Startpoint: inp[29] (input port clocked by clk)
  Endpoint: out[0] (output port clocked by clk)
  Path Group: clk
  Path Type: max

  Point                                    Incr       Path
  ---------------------------------------------------------------
  clock clk (rise edge)                   0.000      0.000
  clock network delay (ideal)             0.000      0.000
  input external delay                    0.000      0.000 f
  inp[29] (in)                            0.000      0.000 f
  U1392/Y (XOR2X1)                     5930368.000
                                                  5930368.000 r
  U380/Y (XNOR2X1)                     6627696.000
                                                  12558064.000 r
  U601/Y (INVX1)                       1046256.000
                                                  13604320.000 f
  U1423/Y (NOR2X1)                     1064704.000
                                                  14669024.000 r
  U1424/Y (OR2X1)                      4410752.000
                                                  19079776.000 r
  U1425/Y (NAND2X1)                    1370320.000
                                                  20450096.000 f
  U1426/Y (XOR2X1)                     6277008.000
                                                  26727104.000 r
  U238/Y (XNOR2X1)                     7181536.000
                                                  33908640.000 r
  U239/Y (INVX1)                       1095088.000
                                                  35003728.000 f
  U398/Y (XNOR2X1)                     7361728.000
                                                  42365456.000 f
  U399/Y (INVX1)                       -1294144.000
                                                  41071312.000 r
  U260/Y (XNOR2X1)                     6619360.000
                                                  47690672.000 r
  U261/Y (INVX1)                       1036064.000
                                                  48726736.000 f
  U1480/Y (INVX1)                      393952.000 49120688.000 r
  U1481/Y (NAND2X1)                    1015920.000
                                                  50136608.000 f
  U1482/Y (NAND2X1)                    1165200.000
                                                  51301808.000 r
  U1483/Y (NAND2X1)                    2141088.000
                                                  53442896.000 f
  U1487/Y (NAND2X1)                    836800.000 54279696.000 r
  U1488/Y (NAND2X1)                    1448640.000
                                                  55728336.000 f
  U1505/Y (XOR2X1)                     4872032.000
                                                  60600368.000 r
  U1506/Y (XOR2X1)                     6322112.000
                                                  66922480.000 f
  U1507/Y (NAND2X1)                    1189296.000
                                                  68111776.000 r
  U220/Y (AND2X1)                      2801520.000
                                                  70913296.000 r
  U330/Y (INVX1)                       840096.000 71753392.000 f
  U1794/Y (XOR2X1)                     6273968.000
                                                  78027360.000 r
  U2135/Y (XOR2X1)                     6460912.000
                                                  84488272.000 f
  U2136/Y (XOR2X1)                     6270608.000
                                                  90758880.000 r
  U2258/Y (INVX1)                      1404832.000
                                                  92163712.000 f
  U2313/Y (NAND2X1)                    807376.000 92971088.000 r
  U2314/Y (NAND2X1)                    2198528.000
                                                  95169616.000 f
  U2315/Y (NAND2X1)                    1183472.000
                                                  96353088.000 r
  U2317/Y (OR2X1)                      5210336.000
                                                  101563424.000 r
  U2318/Y (NAND2X1)                    1683648.000
                                                  103247072.000 f
  U2319/Y (NAND2X1)                    1182528.000
                                                  104429600.000 r
  U2321/Y (OR2X1)                      5272056.000
                                                  109701656.000 r
  U2322/Y (NAND2X1)                    1361000.000
                                                  111062656.000 f
  U2323/Y (NAND2X1)                    1183848.000
                                                  112246504.000 r
  U2326/Y (OR2X1)                      5186816.000
                                                  117433320.000 r
  U2327/Y (NAND2X1)                    1472896.000
                                                  118906216.000 f
  U2328/Y (NAND2X1)                    1177936.000
                                                  120084152.000 r
  U2331/Y (NAND2X1)                    1049168.000
                                                  121133320.000 f
  U2332/Y (NAND2X1)                    1183392.000
                                                  122316712.000 r
  U2334/Y (OR2X1)                      5215824.000
                                                  127532536.000 r
  U2335/Y (NAND2X1)                    1361000.000
                                                  128893536.000 f
  U2336/Y (NAND2X1)                    1177192.000
                                                  130070728.000 r
  U2465/Y (XOR2X1)                     6038904.000
                                                  136109632.000 f
  U2466/Y (NAND2X1)                    1171472.000
                                                  137281104.000 r
  U2467/Y (NAND2X1)                    2066384.000
                                                  139347488.000 f
  U391/Y (AND2X1)                      2338912.000
                                                  141686400.000 f
  U2524/Y (NAND2X1)                    1168864.000
                                                  142855264.000 r
  U2525/Y (NAND2X1)                    2096544.000
                                                  144951808.000 f
  U2531/Y (NAND2X1)                    836864.000 145788672.000 r
  U2532/Y (NAND2X1)                    2206352.000
                                                  147995024.000 f
  U2535/Y (NAND2X1)                    836304.000 148831328.000 r
  U2536/Y (NAND2X1)                    2161344.000
                                                  150992672.000 f
  U2539/Y (NAND2X1)                    836864.000 151829536.000 r
  U2540/Y (NAND2X1)                    2142000.000
                                                  153971536.000 f
  U2543/Y (NAND2X1)                    836864.000 154808400.000 r
  U2544/Y (NAND2X1)                    2142000.000
                                                  156950400.000 f
  U2547/Y (NAND2X1)                    836864.000 157787264.000 r
  U2548/Y (NAND2X1)                    2142016.000
                                                  159929280.000 f
  U2551/Y (NAND2X1)                    836864.000 160766144.000 r
  U2552/Y (NAND2X1)                    1476656.000
                                                  162242800.000 f
  U2553/Y (INVX1)                      -658160.000
                                                  161584640.000 r
  U2554/Y (NAND2X1)                    1410272.000
                                                  162994912.000 f
  U2557/Y (NAND2X1)                    1318336.000
                                                  164313248.000 r
  U312/Y (INVX1)                       1322784.000
                                                  165636032.000 f
  U313/Y (INVX1)                       937360.000 166573392.000 r
  U2558/Y (INVX1)                      700592.000 167273984.000 f
  U2588/Y (NAND2X1)                    807808.000 168081792.000 r
  U2589/Y (NAND2X1)                    2132944.000
                                                  170214736.000 f
  U2594/Y (NAND2X1)                    836368.000 171051104.000 r
  U2595/Y (NAND2X1)                    2206368.000
                                                  173257472.000 f
  U2598/Y (NAND2X1)                    836304.000 174093776.000 r
  U2599/Y (NAND2X1)                    2161328.000
                                                  176255104.000 f
  U2602/Y (NAND2X1)                    836848.000 177091952.000 r
  U2620/Y (NAND2X1)                    1048608.000
                                                  178140560.000 f
  U2625/Y (AND2X1)                     2054992.000
                                                  180195552.000 f
  U2628/Y (NAND2X1)                    839056.000 181034608.000 r
  U2629/Y (NAND2X1)                    2142016.000
                                                  183176624.000 f
  U2632/Y (NAND2X1)                    836864.000 184013488.000 r
  U2633/Y (NAND2X1)                    2142016.000
                                                  186155504.000 f
  U2636/Y (NAND2X1)                    1323824.000
                                                  187479328.000 r
  U328/Y (INVX1)                       1326016.000
                                                  188805344.000 f
  U329/Y (INVX1)                       937344.000 189742688.000 r
  U2637/Y (INVX1)                      699936.000 190442624.000 f
  U2912/Y (NAND2X1)                    807776.000 191250400.000 r
  U2913/Y (NAND2X1)                    2141664.000
                                                  193392064.000 f
  U2917/Y (NAND2X1)                    836384.000 194228448.000 r
  U2918/Y (NAND2X1)                    2147808.000
                                                  196376256.000 f
  U2919/Y (NAND2X1)                    1171744.000
                                                  197548000.000 r
  U2927/Y (OR2X1)                      5170320.000
                                                  202718320.000 r
  U2928/Y (NAND2X1)                    1361008.000
                                                  204079328.000 f
  U2929/Y (NAND2X1)                    1171776.000
                                                  205251104.000 r
  U2934/Y (OR2X1)                      5169664.000
                                                  210420768.000 r
  U2935/Y (NAND2X1)                    1360992.000
                                                  211781760.000 f
  U2936/Y (NAND2X1)                    1171776.000
                                                  212953536.000 r
  U2944/Y (OR2X1)                      5169632.000
                                                  218123168.000 r
  U2945/Y (NAND2X1)                    1360992.000
                                                  219484160.000 f
  U2946/Y (NAND2X1)                    1171776.000
                                                  220655936.000 r
  U2954/Y (OR2X1)                      5169616.000
                                                  225825552.000 r
  U2955/Y (NAND2X1)                    1361008.000
                                                  227186560.000 f
  U2956/Y (NAND2X1)                    1171760.000
                                                  228358320.000 r
  U2959/Y (NAND2X1)                    2153728.000
                                                  230512048.000 f
  U2960/Y (NAND2X1)                    1171824.000
                                                  231683872.000 r
  U2965/Y (NOR2X1)                     959568.000 232643440.000 f
  U2969/Y (OR2X1)                      2420928.000
                                                  235064368.000 f
  U2970/Y (NAND2X1)                    1626288.000
                                                  236690656.000 r
  U2981/Y (NAND2X1)                    2546256.000
                                                  239236912.000 f
  U2983/Y (NAND2X1)                    836272.000 240073184.000 r
  U2984/Y (NAND2X1)                    2169984.000
                                                  242243168.000 f
  out[0] (out)                            0.000   242243168.000 f
  data arrival time                               242243168.000

  clock clk (rise edge)                250000000.000
                                                  250000000.000
  clock network delay (ideal)             0.000   250000000.000
  clock reconvergence pessimism           0.000   250000000.000
  output external delay                   0.000   250000000.000
  data required time                              250000000.000
  ---------------------------------------------------------------
  data required time                              250000000.000
  data arrival time                               -242243168.000
  ---------------------------------------------------------------
  slack (MET)                                     7756832.000


1
