 
****************************************
Report : timing
        -path full
        -delay max
        -max_paths 1
Design : top
Version: S-2021.06-SP2
Date   : Fri Dec  2 17:48:16 2022
****************************************

Operating Conditions: TT   Library: PPDK_Standard_Library_1.0V_25C_TYP_X1
Wire Load Model Mode: top

  Startpoint: inp[13] (input port clocked by clk)
  Endpoint: out[0] (output port clocked by clk)
  Path Group: clk
  Path Type: max

  Point                                    Incr       Path
  -----------------------------------------------------------
  clock clk (rise edge)                   0.000      0.000
  clock network delay (ideal)             0.000      0.000
  input external delay                    0.000      0.000 r
  inp[13] (in)                            0.000      0.000 r
  U953/Y (INVX1)                       54332.559  54332.559 f
  U954/Y (NAND2X1)                     1288098.250
                                                  1342430.750 r
  U381/Y (AND2X1)                      2174376.750
                                                  3516807.500 r
  U382/Y (INVX1)                       732848.500 4249656.000 f
  U955/Y (INVX1)                       440383.500 4690039.500 r
  U956/Y (NAND2X1)                     1053359.500
                                                  5743399.000 f
  U391/Y (AND2X1)                      2441899.000
                                                  8185298.000 f
  U392/Y (INVX1)                       -307496.000
                                                  7877802.000 r
  U147/Y (AND2X1)                      1842647.000
                                                  9720449.000 r
  U148/Y (INVX1)                       713536.000 10433985.000 f
  U413/Y (AND2X1)                      2458055.000
                                                  12892040.000 f
  U414/Y (INVX1)                       -229948.000
                                                  12662092.000 r
  U964/Y (INVX1)                       651868.000 13313960.000 f
  U965/Y (NAND2X1)                     918798.000 14232758.000 r
  U347/Y (AND2X1)                      2174377.000
                                                  16407135.000 r
  U348/Y (INVX1)                       715851.000 17122986.000 f
  U975/Y (OR2X1)                       2117904.000
                                                  19240890.000 f
  U583/Y (AND2X1)                      2434342.000
                                                  21675232.000 f
  U584/Y (INVX1)                       -1328234.000
                                                  20346998.000 r
  U477/Y (XNOR2X1)                     5857352.000
                                                  26204350.000 r
  U478/Y (INVX1)                       833534.000 27037884.000 f
  U990/Y (INVX1)                       452526.000 27490410.000 r
  U1003/Y (NAND2X1)                    1052362.000
                                                  28542772.000 f
  U687/Y (AND2X1)                      2044174.000
                                                  30586946.000 f
  U688/Y (INVX1)                       -1449372.000
                                                  29137574.000 r
  U273/Y (AND2X1)                      1881998.000
                                                  31019572.000 r
  U274/Y (INVX1)                       715796.000 31735368.000 f
  U127/Y (AND2X1)                      2034888.000
                                                  33770256.000 f
  U128/Y (INVX1)                       -1436366.000
                                                  32333890.000 r
  U333/Y (AND2X1)                      1881494.000
                                                  34215384.000 r
  U334/Y (INVX1)                       714756.000 34930140.000 f
  U377/Y (AND2X1)                      2034872.000
                                                  36965012.000 f
  U378/Y (INVX1)                       -1327924.000
                                                  35637088.000 r
  U1008/Y (OR2X1)                      1641264.000
                                                  37278352.000 r
  U671/Y (AND2X1)                      2196640.000
                                                  39474992.000 r
  U672/Y (INVX1)                       708376.000 40183368.000 f
  U1018/Y (NAND2X1)                    1291616.000
                                                  41474984.000 r
  U1021/Y (NOR2X1)                     1075316.000
                                                  42550300.000 f
  U151/Y (AND2X1)                      2042964.000
                                                  44593264.000 f
  U152/Y (INVX1)                       -1187508.000
                                                  43405756.000 r
  U195/Y (AND2X1)                      1881836.000
                                                  45287592.000 r
  U196/Y (INVX1)                       715568.000 46003160.000 f
  U1032/Y (NOR2X1)                     1157500.000
                                                  47160660.000 r
  U309/Y (AND2X1)                      2181780.000
                                                  49342440.000 r
  U310/Y (INVX1)                       713216.000 50055656.000 f
  U514/Y (NOR2X1)                      1175480.000
                                                  51231136.000 r
  U135/Y (AND2X1)                      2181384.000
                                                  53412520.000 r
  U136/Y (INVX1)                       713348.000 54125868.000 f
  U539/Y (AND2X1)                      2034872.000
                                                  56160740.000 f
  U540/Y (INVX1)                       -1201752.000
                                                  54958988.000 r
  U1143/Y (NAND2X1)                    1054720.000
                                                  56013708.000 f
  U371/Y (AND2X1)                      2441816.000
                                                  58455524.000 f
  U372/Y (INVX1)                       -307880.000
                                                  58147644.000 r
  U1145/Y (INVX1)                      652000.000 58799644.000 f
  U1146/Y (NAND2X1)                    1291780.000
                                                  60091424.000 r
  U1147/Y (NAND2X1)                    848644.000 60940068.000 f
  U379/Y (AND2X1)                      2441892.000
                                                  63381960.000 f
  U380/Y (INVX1)                       -307524.000
                                                  63074436.000 r
  U1151/Y (INVX1)                      652000.000 63726436.000 f
  U1152/Y (NAND2X1)                    1291788.000
                                                  65018224.000 r
  U263/Y (AND2X1)                      2174400.000
                                                  67192624.000 r
  U264/Y (INVX1)                       715840.000 67908464.000 f
  U1162/Y (XOR2X1)                     4914944.000
                                                  72823408.000 r
  U1163/Y (OR2X1)                      2349736.000
                                                  75173144.000 r
  U675/Y (AND2X1)                      2196648.000
                                                  77369792.000 r
  U676/Y (INVX1)                       708376.000 78078168.000 f
  U457/Y (AND2X1)                      2034872.000
                                                  80113040.000 f
  U458/Y (INVX1)                       -229944.000
                                                  79883096.000 r
  U1165/Y (INVX1)                      651872.000 80534968.000 f
  U555/Y (AND2X1)                      2458040.000
                                                  82993008.000 f
  U556/Y (INVX1)                       -1175320.000
                                                  81817688.000 r
  U625/Y (AND2X1)                      1881336.000
                                                  83699024.000 r
  U626/Y (INVX1)                       715840.000 84414864.000 f
  U523/Y (XNOR2X1)                     6585936.000
                                                  91000800.000 f
  U1167/Y (NAND2X1)                    858624.000 91859424.000 r
  U317/Y (AND2X1)                      2173640.000
                                                  94033064.000 r
  U318/Y (INVX1)                       715864.000 94748928.000 f
  U201/Y (AND2X1)                      2034872.000
                                                  96783800.000 f
  U202/Y (INVX1)                       -1291752.000
                                                  95492048.000 r
  U1187/Y (NAND2X1)                    802128.000 96294176.000 f
  U1192/Y (OR2X1)                      2092416.000
                                                  98386592.000 f
  U541/Y (AND2X1)                      2434368.000
                                                  100820960.000 f
  U510/Y (INVX1)                       -356296.000
                                                  100464664.000 r
  U1215/Y (INVX1)                      666976.000 101131640.000 f
  U1226/Y (NAND2X1)                    920464.000 102052104.000 r
  U1227/Y (XOR2X1)                     4758328.000
                                                  106810432.000 f
  U1228/Y (NOR2X1)                     1240456.000
                                                  108050888.000 r
  U1229/Y (NAND2X1)                    839368.000 108890256.000 f
  U518/Y (NAND2X1)                     886072.000 109776328.000 r
  U653/Y (AND2X1)                      1818776.000
                                                  111595104.000 r
  U654/Y (INVX1)                       708312.000 112303416.000 f
  U1230/Y (NAND2X1)                    918864.000 113222280.000 r
  U177/Y (AND2X1)                      2174584.000
                                                  115396864.000 r
  U178/Y (INVX1)                       715560.000 116112424.000 f
  U605/Y (AND2X1)                      2034872.000
                                                  118147296.000 f
  U606/Y (INVX1)                       -1175032.000
                                                  116972264.000 r
  U637/Y (AND2X1)                      1881336.000
                                                  118853600.000 r
  U638/Y (INVX1)                       715568.000 119569168.000 f
  U315/Y (AND2X1)                      2458080.000
                                                  122027248.000 f
  U316/Y (INVX1)                       -1187272.000
                                                  120839976.000 r
  U659/Y (AND2X1)                      1881840.000
                                                  122721816.000 r
  U660/Y (INVX1)                       708312.000 123430128.000 f
  U1234/Y (NAND2X1)                    924528.000 124354656.000 r
  U193/Y (AND2X1)                      1818360.000
                                                  126173016.000 r
  U194/Y (INVX1)                       715616.000 126888632.000 f
  U721/Y (AND2X1)                      2034872.000
                                                  128923504.000 f
  U722/Y (INVX1)                       -1291576.000
                                                  127631928.000 r
  U1242/Y (NOR2X1)                     549832.000 128181760.000 f
  out[0] (out)                            0.000   128181760.000 f
  data arrival time                               128181760.000

  clock clk (rise edge)                200000000.000
                                                  200000000.000
  clock network delay (ideal)             0.000   200000000.000
  output external delay                   0.000   200000000.000
  data required time                              200000000.000
  -----------------------------------------------------------
  data required time                              200000000.000
  data arrival time                               -128181760.000
  -----------------------------------------------------------
  slack (MET)                                     71818240.000


1
