 
****************************************
Report : timing
        -path full
        -delay max
        -max_paths 1
Design : top
Version: S-2021.06-SP2
Date   : Sun Dec 18 18:47:49 2022
****************************************

Operating Conditions: TT   Library: PPDK_Standard_Library_1.0V_25C_TYP_X1
Wire Load Model Mode: top

  Startpoint: inp[23] (input port clocked by clk)
  Endpoint: out[1] (output port clocked by clk)
  Path Group: clk
  Path Type: max

  Point                                    Incr       Path
  -----------------------------------------------------------
  clock clk (rise edge)                   0.000      0.000
  clock network delay (ideal)             0.000      0.000
  input external delay                    0.000      0.000 r
  inp[23] (in)                            0.000      0.000 r
  U557/Y (AND2X1)                      2207109.000
                                                  2207109.000 r
  U558/Y (INVX1)                       705440.500 2912549.500 f
  U647/Y (NAND2X1)                     918764.250 3831313.750 r
  U237/Y (AND2X1)                      2174743.250
                                                  6006057.000 r
  U238/Y (INVX1)                       715946.000 6722003.000 f
  U680/Y (XOR2X1)                      5929547.000
                                                  12651550.000 r
  U681/Y (INVX1)                       1237586.000
                                                  13889136.000 f
  U682/Y (NAND2X1)                     1289782.000
                                                  15178918.000 r
  U149/Y (AND2X1)                      2174566.000
                                                  17353484.000 r
  U150/Y (INVX1)                       715784.000 18069268.000 f
  U685/Y (XOR2X1)                      5584220.000
                                                  23653488.000 r
  U694/Y (OR2X1)                       2310774.000
                                                  25964262.000 r
  U456/Y (AND2X1)                      2199426.000
                                                  28163688.000 r
  U457/Y (INVX1)                       707688.000 28871376.000 f
  U217/Y (XNOR2X1)                     6580892.000
                                                  35452268.000 f
  U218/Y (INVX1)                       -1199380.000
                                                  34252888.000 r
  U482/Y (AND2X1)                      2198704.000
                                                  36451592.000 r
  U483/Y (INVX1)                       707704.000 37159296.000 f
  U527/Y (AND2X1)                      2034876.000
                                                  39194172.000 f
  U528/Y (INVX1)                       -1327728.000
                                                  37866444.000 r
  U107/Y (AND2X1)                      1881428.000
                                                  39747872.000 r
  U108/Y (INVX1)                       715612.000 40463484.000 f
  U721/Y (NAND2X1)                     918812.000 41382296.000 r
  U291/Y (AND2X1)                      1818888.000
                                                  43201184.000 r
  U292/Y (INVX1)                       725992.000 43927176.000 f
  U722/Y (INVX1)                       439060.000 44366236.000 r
  U131/Y (AND2X1)                      1880836.000
                                                  46247072.000 r
  U132/Y (INVX1)                       715568.000 46962640.000 f
  U273/Y (AND2X1)                      2034872.000
                                                  48997512.000 f
  U274/Y (INVX1)                       -230132.000
                                                  48767380.000 r
  U725/Y (INVX1)                       651868.000 49419248.000 f
  U333/Y (NAND2X1)                     1291776.000
                                                  50711024.000 r
  U203/Y (AND2X1)                      2174400.000
                                                  52885424.000 r
  U204/Y (INVX1)                       715620.000 53601044.000 f
  U173/Y (AND2X1)                      2034872.000
                                                  55635916.000 f
  U174/Y (INVX1)                       -1291836.000
                                                  54344080.000 r
  U438/Y (AND2X1)                      1881900.000
                                                  56225980.000 r
  U439/Y (INVX1)                       715576.000 56941556.000 f
  U571/Y (AND2X1)                      2037088.000
                                                  58978644.000 f
  U572/Y (INVX1)                       -1330532.000
                                                  57648112.000 r
  U881/Y (NOR2X1)                      549700.000 58197812.000 f
  U581/Y (AND2X1)                      2046780.000
                                                  60244592.000 f
  U582/Y (INVX1)                       -1282096.000
                                                  58962496.000 r
  U883/Y (NAND2X1)                     1054796.000
                                                  60017292.000 f
  U891/Y (XOR2X1)                      5344892.000
                                                  65362184.000 r
  U898/Y (NAND2X1)                     1236444.000
                                                  66598628.000 f
  U565/Y (INVX1)                       221400.000 66820028.000 r
  U566/Y (INVX1)                       646460.000 67466488.000 f
  U899/Y (NAND2X1)                     1285992.000
                                                  68752480.000 r
  U900/Y (AND2X1)                      2563736.000
                                                  71316216.000 r
  U901/Y (XOR2X1)                      4355648.000
                                                  75671864.000 f
  U903/Y (XOR2X1)                      5745592.000
                                                  81417456.000 r
  U161/Y (AND2X1)                      1822488.000
                                                  83239944.000 r
  U162/Y (INVX1)                       715568.000 83955512.000 f
  U907/Y (NAND2X1)                     1746816.000
                                                  85702328.000 r
  U908/Y (INVX1)                       1212688.000
                                                  86915016.000 f
  U353/Y (NAND2X1)                     1283888.000
                                                  88198904.000 r
  U159/Y (AND2X1)                      1819152.000
                                                  90018056.000 r
  U160/Y (INVX1)                       715576.000 90733632.000 f
  U913/Y (NOR2X1)                      1157520.000
                                                  91891152.000 r
  U914/Y (NOR2X1)                      104040.000 91995192.000 f
  out[1] (out)                            0.000   91995192.000 f
  data arrival time                               91995192.000

  clock clk (rise edge)                200000000.000
                                                  200000000.000
  clock network delay (ideal)             0.000   200000000.000
  output external delay                   0.000   200000000.000
  data required time                              200000000.000
  -----------------------------------------------------------
  data required time                              200000000.000
  data arrival time                               -91995192.000
  -----------------------------------------------------------
  slack (MET)                                     108004808.000


1
