 
****************************************
Report : timing
        -path full
        -delay max
        -max_paths 1
Design : top
Version: S-2021.06-SP2
Date   : Fri Dec 16 13:31:54 2022
****************************************

Operating Conditions: TT   Library: PPDK_Standard_Library_0.8V_25C_TYP_X1
Wire Load Model Mode: top

  Startpoint: inp[17] (input port clocked by clk)
  Endpoint: out[0] (output port clocked by clk)
  Path Group: clk
  Path Type: max

  Point                                    Incr       Path
  -----------------------------------------------------------
  clock clk (rise edge)                   0.000      0.000
  clock network delay (ideal)             0.000      0.000
  input external delay                    0.000      0.000 f
  inp[17] (in)                            0.000      0.000 f
  U2042/Y (INVX1)                      602686.375 602686.375 r
  U2044/Y (XOR2X1)                     5639194.000
                                                  6241880.500 f
  U2046/Y (NAND2X1)                    1287222.500
                                                  7529103.000 r
  U2047/Y (INVX1)                      1235314.000
                                                  8764417.000 f
  U2048/Y (OR2X1)                      2437965.000
                                                  11202382.000 f
  U2050/Y (AND2X1)                     2045720.000
                                                  13248102.000 f
  U2051/Y (OR2X1)                      2418018.000
                                                  15666120.000 f
  U665/Y (XNOR2X1)                     6973300.000
                                                  22639420.000 f
  U666/Y (INVX1)                       -1290060.000
                                                  21349360.000 r
  U610/Y (XNOR2X1)                     6763808.000
                                                  28113168.000 r
  U611/Y (INVX1)                       1048158.000
                                                  29161326.000 f
  U693/Y (XNOR2X1)                     6852438.000
                                                  36013764.000 f
  U694/Y (INVX1)                       -1245272.000
                                                  34768492.000 r
  U2108/Y (XOR2X1)                     5463160.000
                                                  40231652.000 f
  U197/Y (XNOR2X1)                     7072416.000
                                                  47304068.000 f
  U198/Y (INVX1)                       -1326740.000
                                                  45977328.000 r
  U2173/Y (AND2X1)                     2093136.000
                                                  48070464.000 r
  U2174/Y (OR2X1)                      4670648.000
                                                  52741112.000 r
  U780/Y (XNOR2X1)                     6873524.000
                                                  59614636.000 r
  U781/Y (INVX1)                       1048272.000
                                                  60662908.000 f
  U549/Y (XOR2X1)                      5942128.000
                                                  66605036.000 r
  U1089/Y (OR2X1)                      5447052.000
                                                  72052088.000 r
  U2464/Y (NAND2X1)                    1007648.000
                                                  73059736.000 f
  U2465/Y (NAND2X1)                    1630232.000
                                                  74689968.000 r
  U2472/Y (NAND2X1)                    1071800.000
                                                  75761768.000 f
  U2473/Y (NAND2X1)                    1172064.000
                                                  76933832.000 r
  U2475/Y (XNOR2X1)                    7194728.000
                                                  84128560.000 r
  U1120/Y (OR2X1)                      5201144.000
                                                  89329704.000 r
  U2479/Y (NAND2X1)                    1373528.000
                                                  90703232.000 f
  U501/Y (NAND2X1)                     1790496.000
                                                  92493728.000 r
  U474/Y (INVX1)                       1357944.000
                                                  93851672.000 f
  U475/Y (INVX1)                       944128.000 94795800.000 r
  U193/Y (NOR2X1)                      1169208.000
                                                  95965008.000 f
  U194/Y (INVX1)                       -450664.000
                                                  95514344.000 r
  U4278/Y (NAND2X1)                    1591296.000
                                                  97105640.000 f
  U255/Y (NAND2X1)                     1270152.000
                                                  98375792.000 r
  U256/Y (INVX1)                       1239216.000
                                                  99615008.000 f
  U4302/Y (XOR2X1)                     5236480.000
                                                  104851488.000 r
  U195/Y (XNOR2X1)                     6627704.000
                                                  111479192.000 r
  U196/Y (INVX1)                       1043576.000
                                                  112522768.000 f
  U4329/Y (XOR2X1)                     6257680.000
                                                  118780448.000 r
  U4330/Y (INVX1)                      1337728.000
                                                  120118176.000 f
  U4332/Y (OR2X1)                      2431456.000
                                                  122549632.000 f
  U4333/Y (NAND2X1)                    1167096.000
                                                  123716728.000 r
  U4334/Y (NAND2X1)                    1054808.000
                                                  124771536.000 f
  U4341/Y (XOR2X1)                     6274408.000
                                                  131045944.000 r
  U509/Y (XNOR2X1)                     7180632.000
                                                  138226576.000 r
  U1017/Y (INVX1)                      1098784.000
                                                  139325360.000 f
  U4508/Y (XOR2X1)                     5942352.000
                                                  145267712.000 r
  U4509/Y (XOR2X1)                     5495888.000
                                                  150763600.000 f
  U4563/Y (NAND2X1)                    1172224.000
                                                  151935824.000 r
  U4564/Y (NAND2X1)                    2055312.000
                                                  153991136.000 f
  U4565/Y (NAND2X1)                    1165856.000
                                                  155156992.000 r
  U4568/Y (NAND2X1)                    1048992.000
                                                  156205984.000 f
  U4569/Y (NAND2X1)                    836352.000 157042336.000 r
  U448/Y (AND2X1)                      2164496.000
                                                  159206832.000 r
  U4609/Y (NAND2X1)                    2108848.000
                                                  161315680.000 f
  U4610/Y (NAND2X1)                    1624208.000
                                                  162939888.000 r
  U4611/Y (INVX1)                      1243296.000
                                                  164183184.000 f
  U4615/Y (NAND2X1)                    807248.000 164990432.000 r
  U4616/Y (NAND2X1)                    2147904.000
                                                  167138336.000 f
  U4619/Y (NAND2X1)                    836304.000 167974640.000 r
  U4628/Y (NAND2X1)                    1049696.000
                                                  169024336.000 f
  U4631/Y (NAND2X1)                    836480.000 169860816.000 r
  U4632/Y (NAND2X1)                    2161328.000
                                                  172022144.000 f
  U4635/Y (NAND2X1)                    836304.000 172858448.000 r
  U4644/Y (NAND2X1)                    1049696.000
                                                  173908144.000 f
  U4647/Y (NAND2X1)                    836480.000 174744624.000 r
  U4648/Y (NAND2X1)                    2161328.000
                                                  176905952.000 f
  U4651/Y (NAND2X1)                    836304.000 177742256.000 r
  U4660/Y (NAND2X1)                    1049696.000
                                                  178791952.000 f
  U4663/Y (NAND2X1)                    836480.000 179628432.000 r
  U4664/Y (NAND2X1)                    2161328.000
                                                  181789760.000 f
  U4667/Y (NAND2X1)                    836304.000 182626064.000 r
  U4668/Y (NAND2X1)                    2161328.000
                                                  184787392.000 f
  U389/Y (NAND2X1)                     1268224.000
                                                  186055616.000 r
  U377/Y (INVX1)                       1290912.000
                                                  187346528.000 f
  U378/Y (INVX1)                       445536.000 187792064.000 r
  U4968/Y (NAND2X1)                    1018592.000
                                                  188810656.000 f
  U4970/Y (NAND2X1)                    1277456.000
                                                  190088112.000 r
  U4971/Y (INVX1)                      1247088.000
                                                  191335200.000 f
  U4975/Y (NAND2X1)                    807232.000 192142432.000 r
  U4986/Y (NAND2X1)                    1048528.000
                                                  193190960.000 f
  U4989/Y (NAND2X1)                    836304.000 194027264.000 r
  U4990/Y (NAND2X1)                    2161328.000
                                                  196188592.000 f
  U4993/Y (NAND2X1)                    836304.000 197024896.000 r
  U5002/Y (NAND2X1)                    1049696.000
                                                  198074592.000 f
  U5005/Y (NAND2X1)                    836480.000 198911072.000 r
  U5014/Y (NAND2X1)                    1049696.000
                                                  199960768.000 f
  U5017/Y (NAND2X1)                    836480.000 200797248.000 r
  U5026/Y (NAND2X1)                    1049696.000
                                                  201846944.000 f
  U5029/Y (NAND2X1)                    836480.000 202683424.000 r
  U5038/Y (NAND2X1)                    1049696.000
                                                  203733120.000 f
  U5041/Y (NAND2X1)                    836480.000 204569600.000 r
  U5050/Y (NAND2X1)                    1049696.000
                                                  205619296.000 f
  U5053/Y (NAND2X1)                    1268304.000
                                                  206887600.000 r
  U5054/Y (INVX1)                      1238416.000
                                                  208126016.000 f
  U5057/Y (NOR2X1)                     1070768.000
                                                  209196784.000 r
  U514/Y (NOR2X1)                      971856.000 210168640.000 f
  U5067/Y (NAND2X1)                    826880.000 210995520.000 r
  U5068/Y (NAND2X1)                    2132144.000
                                                  213127664.000 f
  U5072/Y (NOR2X1)                     1074528.000
                                                  214202192.000 r
  U5076/Y (NOR2X1)                     957632.000 215159824.000 f
  U5080/Y (NAND2X1)                    821616.000 215981440.000 r
  U5082/Y (NAND2X1)                    1227376.000
                                                  217208816.000 f
  U5093/Y (NAND2X1)                    839984.000 218048800.000 r
  U5094/Y (NAND2X1)                    2141568.000
                                                  220190368.000 f
  U5102/Y (NAND2X1)                    836368.000 221026736.000 r
  U5104/Y (NAND2X1)                    1050368.000
                                                  222077104.000 f
  U1133/Y (NOR2X1)                     1074496.000
                                                  223151600.000 r
  U5108/Y (OR2X1)                      3884992.000
                                                  227036592.000 r
  U5110/Y (NAND2X1)                    1021648.000
                                                  228058240.000 f
  U5118/Y (NAND2X1)                    832224.000 228890464.000 r
  U5120/Y (NAND2X1)                    1050352.000
                                                  229940816.000 f
  U1132/Y (NOR2X1)                     1074496.000
                                                  231015312.000 r
  U5124/Y (OR2X1)                      3884992.000
                                                  234900304.000 r
  U5126/Y (NAND2X1)                    1021648.000
                                                  235921952.000 f
  U5134/Y (NAND2X1)                    832224.000 236754176.000 r
  U5136/Y (NAND2X1)                    1048064.000
                                                  237802240.000 f
  U1088/Y (OR2X1)                      2404320.000
                                                  240206560.000 f
  U1098/Y (OR2X1)                      2396032.000
                                                  242602592.000 f
  U5148/Y (NAND2X1)                    1277824.000
                                                  243880416.000 r
  U5149/Y (INVX1)                      1243280.000
                                                  245123696.000 f
  U5150/Y (NOR2X1)                     1070752.000
                                                  246194448.000 r
  U5161/Y (NAND2X1)                    1991536.000
                                                  248185984.000 f
  U5162/Y (NAND2X1)                    1159984.000
                                                  249345968.000 r
  out[0] (out)                            0.000   249345968.000 r
  data arrival time                               249345968.000

  clock clk (rise edge)                250000000.000
                                                  250000000.000
  clock network delay (ideal)             0.000   250000000.000
  output external delay                   0.000   250000000.000
  data required time                              250000000.000
  -----------------------------------------------------------
  data required time                              250000000.000
  data arrival time                               -249345968.000
  -----------------------------------------------------------
  slack (MET)                                     654032.000


1
