Information: Updating design information... (UID-85)
 
****************************************
Report : qor
Design : top
Version: S-2021.06-SP2
Date   : Tue Nov 29 14:31:53 2022
****************************************


  Timing Path Group 'clk'
  -----------------------------------
  Levels of Logic:             125.00
  Critical Path Length:  248524224.00
  Critical Path Slack:     1475776.00
  Critical Path Clk Period:
                         250000000.00
  Total Negative Slack:          0.00
  No. of Violating Paths:        0.00
  Worst Hold Violation:          0.00
  Total Hold Violation:          0.00
  No. of Hold Violations:        0.00
  -----------------------------------


  Cell Count
  -----------------------------------
  Hierarchical Cell Count:          0
  Hierarchical Port Count:          0
  Leaf Cell Count:               3087
  Buf/Inv Cell Count:             643
  Buf Cell Count:                   0
  Inv Cell Count:                 643
  CT Buf/Inv Cell Count:            0
  Combinational Cell Count:      3087
  Sequential Cell Count:            0
  Macro Count:                      0
  -----------------------------------


  Area
  -----------------------------------
  Combinational Area:
                    1324582423.000000
  Noncombinational Area:     0.000000
  Buf/Inv Area:      146874060.000000
  Total Buffer Area:             0.00
  Total Inverter Area:   146874060.00
  Macro/Black Box Area:      0.000000
  Net Area:                  0.000000
  -----------------------------------
  Cell Area:        1324582423.000000
  Design Area:      1324582423.000000


  Design Rules
  -----------------------------------
  Total Number of Nets:          3151
  Nets With Violations:          3087
  Max Trans Violations:          3087
  Max Cap Violations:               0
  -----------------------------------


  Hostname: leoforos

  Compile CPU Statistics
  -----------------------------------------
  Resource Sharing:                    1.38
  Logic Optimization:                  0.48
  Mapping Optimization:                2.96
  -----------------------------------------
  Overall Compile Time:                9.63
  Overall Compile Wall Clock Time:    10.01

  --------------------------------------------------------------------

  Design  WNS: 0.00  TNS: 0.00  Number of Violating Paths: 0


  Design (Hold)  WNS: 0.00  TNS: 0.00  Number of Violating Paths: 0

  --------------------------------------------------------------------


1
