****************************************
Report : timing
	-path_type full
	-delay_type max
	-max_paths 1
	-sort_by slack
Design : top
Version: S-2021.06-SP1
Date   : Sat Dec  3 11:28:16 2022
****************************************


  Startpoint: inp[18] (input port clocked by clk)
  Endpoint: out[0] (output port clocked by clk)
  Path Group: clk
  Path Type: max

  Point                                    Incr       Path
  ---------------------------------------------------------------
  clock clk (rise edge)                   0.000      0.000
  clock network delay (ideal)             0.000      0.000
  input external delay                    0.000      0.000 r
  inp[18] (in)                            0.000      0.000 r
  U690/Y (INVX1)                       53904.000  53904.000 f
  U721/Y (NAND2X1)                     1288000.000
                                                  1341904.000 r
  U300/Y (AND2X1)                      2174368.000
                                                  3516272.000 r
  U301/Y (INVX1)                       732848.000 4249120.000 f
  U421/Y (AND2X1)                      2035952.000
                                                  6285072.000 f
  U422/Y (INVX1)                       -1173040.000
                                                  5112032.000 r
  U473/Y (AND2X1)                      1881344.000
                                                  6993376.000 r
  U474/Y (INVX1)                       707904.000 7701280.000 f
  U262/Y (AND2X1)                      2034880.000
                                                  9736160.000 f
  U263/Y (INVX1)                       -1267888.000
                                                  8468272.000 r
  U431/Y (AND2X1)                      1880912.000
                                                  10349184.000 r
  U432/Y (INVX1)                       715568.000 11064752.000 f
  U348/Y (AND2X1)                      2458072.000
                                                  13522824.000 f
  U349/Y (INVX1)                       -229848.000
                                                  13292976.000 r
  U747/Y (INVX1)                       651872.000 13944848.000 f
  U748/Y (NAND2X1)                     1291776.000
                                                  15236624.000 r
  U152/Y (AND2X1)                      2174376.000
                                                  17411000.000 r
  U153/Y (INVX1)                       715840.000 18126840.000 f
  U752/Y (XOR2X1)                      4914944.000
                                                  23041784.000 r
  U78/Y (AND2X1)                       2173696.000
                                                  25215480.000 r
  U79/Y (INVX1)                        716064.000 25931544.000 f
  U80/Y (AND2X1)                       2034888.000
                                                  27966432.000 f
  U81/Y (INVX1)                        -1199376.000
                                                  26767056.000 r
  U571/Y (AND2X1)                      1881848.000
                                                  28648904.000 r
  U572/Y (INVX1)                       708824.000 29357728.000 f
  U759/Y (NAND2X1)                     1285904.000
                                                  30643632.000 r
  U382/Y (AND2X1)                      1818728.000
                                                  32462360.000 r
  U383/Y (INVX1)                       716288.000 33178648.000 f
  U766/Y (OR2X1)                       2115224.000
                                                  35293872.000 f
  U577/Y (AND2X1)                      2434376.000
                                                  37728248.000 f
  U578/Y (INVX1)                       -1327760.000
                                                  36400488.000 r
  U88/Y (AND2X1)                       1881432.000
                                                  38281920.000 r
  U89/Y (INVX1)                        715600.000 38997520.000 f
  U773/Y (NAND2X1)                     1285744.000
                                                  40283264.000 r
  U104/Y (AND2X1)                      1818760.000
                                                  42102024.000 r
  U105/Y (INVX1)                       709040.000 42811064.000 f
  U775/Y (OR2X1)                       2115208.000
                                                  44926272.000 f
  U557/Y (AND2X1)                      2048488.000
                                                  46974760.000 f
  U558/Y (INVX1)                       -1453048.000
                                                  45521712.000 r
  U437/Y (AND2X1)                      1882000.000
                                                  47403712.000 r
  U438/Y (INVX1)                       715800.000 48119512.000 f
  U463/Y (AND2X1)                      2034888.000
                                                  50154400.000 f
  U464/Y (INVX1)                       -1301232.000
                                                  48853168.000 r
  U144/Y (AND2X1)                      1881912.000
                                                  50735080.000 r
  U145/Y (INVX1)                       715576.000 51450656.000 f
  U889/Y (NAND2X1)                     1357288.000
                                                  52807944.000 r
  U890/Y (INVX1)                       1071808.000
                                                  53879752.000 f
  U952/Y (NAND2X1)                     1285720.000
                                                  55165472.000 r
  U655/Y (OR2X1)                       1528024.000
                                                  56693496.000 r
  U954/Y (XOR2X1)                      4698360.000
                                                  61391856.000 f
  U961/Y (XOR2X1)                      5091024.000
                                                  66482880.000 r
  U497/Y (AND2X1)                      1816184.000
                                                  68299064.000 r
  U498/Y (INVX1)                       708376.000 69007440.000 f
  U356/Y (AND2X1)                      2458080.000
                                                  71465520.000 f
  U357/Y (INVX1)                       -229832.000
                                                  71235688.000 r
  U965/Y (INVX1)                       651864.000 71887552.000 f
  U966/Y (NAND2X1)                     1291792.000
                                                  73179344.000 r
  U160/Y (AND2X1)                      2174376.000
                                                  75353720.000 r
  U161/Y (INVX1)                       715624.000 76069344.000 f
  U563/Y (AND2X1)                      2034872.000
                                                  78104216.000 f
  U564/Y (INVX1)                       -1279272.000
                                                  76824944.000 r
  U968/Y (OR2X1)                       1641584.000
                                                  78466528.000 r
  U509/Y (AND2X1)                      2196640.000
                                                  80663168.000 r
  U510/Y (INVX1)                       708376.000 81371544.000 f
  U969/Y (AND2X1)                      1869144.000
                                                  83240688.000 f
  U120/Y (AND2X1)                      2431200.000
                                                  85671888.000 f
  U121/Y (INVX1)                       -1361000.000
                                                  84310888.000 r
  U593/Y (AND2X1)                      1889104.000
                                                  86199992.000 r
  U988/Y (NAND2X1)                     928696.000 87128688.000 f
  U628/Y (INVX1)                       221616.000 87350304.000 r
  U629/Y (INVX1)                       646464.000 87996768.000 f
  U989/Y (NAND2X1)                     1286000.000
                                                  89282768.000 r
  U254/Y (AND2X1)                      2174528.000
                                                  91457296.000 r
  U255/Y (INVX1)                       716008.000 92173304.000 f
  U996/Y (NAND2X1)                     918776.000 93092080.000 r
  U457/Y (AND2X1)                      2174528.000
                                                  95266608.000 r
  U458/Y (INVX1)                       716016.000 95982624.000 f
  U1000/Y (NAND2X1)                    918768.000 96901392.000 r
  U244/Y (AND2X1)                      2174528.000
                                                  99075920.000 r
  U245/Y (INVX1)                       715800.000 99791720.000 f
  U573/Y (AND2X1)                      2034888.000
                                                  101826608.000 f
  U574/Y (INVX1)                       -1278992.000
                                                  100547616.000 r
  U1003/Y (NAND2X1)                    1052648.000
                                                  101600264.000 f
  U1013/Y (XOR2X1)                     5383768.000
                                                  106984032.000 r
  U1014/Y (OR2X1)                      2357120.000
                                                  109341152.000 r
  U188/Y (AND2X1)                      2199568.000
                                                  111540720.000 r
  U189/Y (INVX1)                       707424.000 112248144.000 f
  U1053/Y (NAND2X1)                    924544.000 113172688.000 r
  U1054/Y (OR2X1)                      2340032.000
                                                  115512720.000 r
  U527/Y (AND2X1)                      1876048.000
                                                  117388768.000 r
  U528/Y (INVX1)                       715016.000 118103784.000 f
  U1070/Y (NAND2X1)                    1291584.000
                                                  119395368.000 r
  U1079/Y (NOR2X1)                     -88616.000 119306752.000 f
  U1082/Y (NOR2X1)                     1193344.000
                                                  120500096.000 r
  U134/Y (AND2X1)                      1837424.000
                                                  122337520.000 r
  U135/Y (INVX1)                       715568.000 123053088.000 f
  U447/Y (AND2X1)                      2034872.000
                                                  125087960.000 f
  U448/Y (INVX1)                       -1174984.000
                                                  123912976.000 r
  U1084/Y (OR2X1)                      1640560.000
                                                  125553536.000 r
  U539/Y (AND2X1)                      1876048.000
                                                  127429584.000 r
  U540/Y (INVX1)                       715768.000 128145352.000 f
  U565/Y (AND2X1)                      2458080.000
                                                  130603432.000 f
  U566/Y (INVX1)                       -1174992.000
                                                  129428440.000 r
  U1097/Y (OR2X1)                      1640560.000
                                                  131069000.000 r
  U569/Y (AND2X1)                      2196824.000
                                                  133265824.000 r
  U570/Y (INVX1)                       708544.000 133974368.000 f
  U1103/Y (NAND2X1)                    1285776.000
                                                  135260144.000 r
  U116/Y (AND2X1)                      2174544.000
                                                  137434688.000 r
  U117/Y (INVX1)                       715584.000 138150272.000 f
  U200/Y (AND2X1)                      2034864.000
                                                  140185136.000 f
  U201/Y (INVX1)                       -1186176.000
                                                  138998960.000 r
  U459/Y (AND2X1)                      1881840.000
                                                  140880800.000 r
  U460/Y (INVX1)                       707648.000 141588448.000 f
  U481/Y (AND2X1)                      2458080.000
                                                  144046528.000 f
  U482/Y (INVX1)                       -1187264.000
                                                  142859264.000 r
  U1104/Y (AND2X1)                     1973392.000
                                                  144832656.000 r
  U1108/Y (NAND2X1)                    814528.000 145647184.000 f
  out[0] (out)                            0.000   145647184.000 f
  data arrival time                               145647184.000

  clock clk (rise edge)                200000000.000
                                                  200000000.000
  clock network delay (ideal)             0.000   200000000.000
  clock reconvergence pessimism           0.000   200000000.000
  output external delay                   0.000   200000000.000
  data required time                              200000000.000
  ---------------------------------------------------------------
  data required time                              200000000.000
  data arrival time                               -145647184.000
  ---------------------------------------------------------------
  slack (MET)                                     54352816.000


1
