 
****************************************
Report : timing
        -path full
        -delay max
        -max_paths 1
Design : top
Version: S-2021.06-SP2
Date   : Fri Dec 16 15:53:44 2022
****************************************

Operating Conditions: TT   Library: PPDK_Standard_Library_0.8V_25C_TYP_X1
Wire Load Model Mode: top

  Startpoint: inp[5] (input port clocked by clk)
  Endpoint: out[0] (output port clocked by clk)
  Path Group: clk
  Path Type: max

  Point                                    Incr       Path
  -----------------------------------------------------------
  clock clk (rise edge)                   0.000      0.000
  clock network delay (ideal)             0.000      0.000
  input external delay                    0.000      0.000 r
  inp[5] (in)                             0.000      0.000 r
  U1300/Y (XOR2X1)                     5477164.500
                                                  5477164.500 f
  U1305/Y (XOR2X1)                     4481309.500
                                                  9958474.000 r
  U1309/Y (XOR2X1)                     6315100.000
                                                  16273574.000 f
  U644/Y (XNOR2X1)                     7078890.000
                                                  23352464.000 f
  U645/Y (INVX1)                       -1329138.000
                                                  22023326.000 r
  U1329/Y (AND2X1)                     2093136.000
                                                  24116462.000 r
  U1330/Y (OR2X1)                      4706314.000
                                                  28822776.000 r
  U742/Y (XNOR2X1)                     6874392.000
                                                  35697168.000 r
  U743/Y (INVX1)                       1043836.000
                                                  36741004.000 f
  U1376/Y (NAND2X1)                    1255140.000
                                                  37996144.000 r
  U1377/Y (INVX1)                      1229060.000
                                                  39225204.000 f
  U1378/Y (OR2X1)                      2437976.000
                                                  41663180.000 f
  U1407/Y (XOR2X1)                     4829300.000
                                                  46492480.000 r
  U770/Y (XNOR2X1)                     7068584.000
                                                  53561064.000 r
  U771/Y (INVX1)                       1096908.000
                                                  54657972.000 f
  U573/Y (OR2X1)                       2437964.000
                                                  57095936.000 f
  U1479/Y (NAND2X1)                    1167120.000
                                                  58263056.000 r
  U1480/Y (NAND2X1)                    1470044.000
                                                  59733100.000 f
  U1536/Y (NAND2X1)                    839996.000 60573096.000 r
  U1537/Y (NAND2X1)                    2124308.000
                                                  62697404.000 f
  U1539/Y (XNOR2X1)                    6769508.000
                                                  69466912.000 f
  U1540/Y (NAND2X1)                    1191776.000
                                                  70658688.000 r
  U1788/Y (NAND2X1)                    1477592.000
                                                  72136280.000 f
  U488/Y (INVX1)                       280008.000 72416288.000 r
  U489/Y (INVX1)                       768608.000 73184896.000 f
  U575/Y (XNOR2X1)                     7128720.000
                                                  80313616.000 f
  U1789/Y (NAND2X1)                    1168264.000
                                                  81481880.000 r
  U1792/Y (NAND2X1)                    1051552.000
                                                  82533432.000 f
  U2292/Y (XOR2X1)                     6272640.000
                                                  88806072.000 r
  U754/Y (XNOR2X1)                     6630040.000
                                                  95436112.000 r
  U755/Y (INVX1)                       1047544.000
                                                  96483656.000 f
  U2302/Y (XOR2X1)                     5236328.000
                                                  101719984.000 r
  U563/Y (XNOR2X1)                     7358712.000
                                                  109078696.000 r
  U2363/Y (OR2X1)                      4058184.000
                                                  113136880.000 r
  U2364/Y (NAND2X1)                    1361000.000
                                                  114497880.000 f
  U2365/Y (NAND2X1)                    1625104.000
                                                  116122984.000 r
  U2371/Y (INVX1)                      1243240.000
                                                  117366224.000 f
  U2373/Y (NAND2X1)                    807336.000 118173560.000 r
  U2374/Y (NAND2X1)                    2206280.000
                                                  120379840.000 f
  U2375/Y (NAND2X1)                    1177480.000
                                                  121557320.000 r
  U2379/Y (NAND2X1)                    1049552.000
                                                  122606872.000 f
  U2380/Y (NAND2X1)                    1177488.000
                                                  123784360.000 r
  U2383/Y (NAND2X1)                    1049552.000
                                                  124833912.000 f
  U2384/Y (NAND2X1)                    1177488.000
                                                  126011400.000 r
  U293/Y (XNOR2X1)                     7044328.000
                                                  133055728.000 r
  U294/Y (INVX1)                       1044744.000
                                                  134100472.000 f
  U2480/Y (NAND2X1)                    1161960.000
                                                  135262432.000 r
  U2481/Y (NAND2X1)                    1052208.000
                                                  136314640.000 f
  U2542/Y (NAND2X1)                    836848.000 137151488.000 r
  U2545/Y (NAND2X1)                    1227344.000
                                                  138378832.000 f
  U2817/Y (NOR2X1)                     1081872.000
                                                  139460704.000 r
  U796/Y (XNOR2X1)                     6980240.000
                                                  146440944.000 r
  U797/Y (INVX1)                       1056960.000
                                                  147497904.000 f
  U2823/Y (NAND2X1)                    807344.000 148305248.000 r
  U2824/Y (NAND2X1)                    2206352.000
                                                  150511600.000 f
  U2827/Y (NAND2X1)                    836304.000 151347904.000 r
  U2828/Y (NAND2X1)                    2161328.000
                                                  153509232.000 f
  U2831/Y (NAND2X1)                    836864.000 154346096.000 r
  U2832/Y (NAND2X1)                    2142016.000
                                                  156488112.000 f
  U2835/Y (NAND2X1)                    836864.000 157324976.000 r
  U2836/Y (NAND2X1)                    2142000.000
                                                  159466976.000 f
  U2839/Y (NAND2X1)                    836864.000 160303840.000 r
  U2840/Y (NAND2X1)                    2142000.000
                                                  162445840.000 f
  U2843/Y (NAND2X1)                    836864.000 163282704.000 r
  U2844/Y (NAND2X1)                    1476672.000
                                                  164759376.000 f
  U2845/Y (INVX1)                      -658112.000
                                                  164101264.000 r
  U1048/Y (OR2X1)                      1799184.000
                                                  165900448.000 r
  U2847/Y (NAND2X1)                    1667728.000
                                                  167568176.000 f
  U2850/Y (NAND2X1)                    1279664.000
                                                  168847840.000 r
  U496/Y (INVX1)                       1291104.000
                                                  170138944.000 f
  U497/Y (INVX1)                       993376.000 171132320.000 r
  U707/Y (INVX1)                       743248.000 171875568.000 f
  U2852/Y (NAND2X1)                    1162032.000
                                                  173037600.000 r
  U2853/Y (NAND2X1)                    1447392.000
                                                  174484992.000 f
  U3449/Y (NAND2X1)                    840432.000 175325424.000 r
  U274/Y (OR2X1)                       5408000.000
                                                  180733424.000 r
  U273/Y (AND2X1)                      2093104.000
                                                  182826528.000 r
  U3501/Y (NAND2X1)                    1071248.000
                                                  183897776.000 f
  U3506/Y (AND2X1)                     2051584.000
                                                  185949360.000 f
  U3509/Y (NAND2X1)                    838928.000 186788288.000 r
  U3518/Y (NAND2X1)                    1048608.000
                                                  187836896.000 f
  U3521/Y (NAND2X1)                    836304.000 188673200.000 r
  U3530/Y (NAND2X1)                    1048608.000
                                                  189721808.000 f
  U551/Y (NAND2X1)                     1329280.000
                                                  191051088.000 r
  U3533/Y (INVX1)                      1290240.000
                                                  192341328.000 f
  U3853/Y (NAND2X1)                    807664.000 193148992.000 r
  U3854/Y (NAND2X1)                    2141680.000
                                                  195290672.000 f
  U3858/Y (NAND2X1)                    836384.000 196127056.000 r
  U3859/Y (NAND2X1)                    2149040.000
                                                  198276096.000 f
  U3863/Y (NAND2X1)                    841984.000 199118080.000 r
  U3864/Y (OR2X1)                      5170576.000
                                                  204288656.000 r
  U3868/Y (NAND2X1)                    1004960.000
                                                  205293616.000 f
  U3870/Y (NAND2X1)                    835328.000 206128944.000 r
  U3874/Y (OR2X1)                      5170016.000
                                                  211298960.000 r
  U3878/Y (NAND2X1)                    1004960.000
                                                  212303920.000 f
  U3880/Y (NAND2X1)                    835312.000 213139232.000 r
  U3881/Y (OR2X1)                      5170480.000
                                                  218309712.000 r
  U3885/Y (NAND2X1)                    1004960.000
                                                  219314672.000 f
  U3887/Y (NAND2X1)                    835328.000 220150000.000 r
  U1072/Y (OR2X1)                      5170016.000
                                                  225320016.000 r
  U3894/Y (NAND2X1)                    1004960.000
                                                  226324976.000 f
  U3896/Y (NAND2X1)                    835312.000 227160288.000 r
  U1074/Y (OR2X1)                      5170480.000
                                                  232330768.000 r
  U3900/Y (NAND2X1)                    1004960.000
                                                  233335728.000 f
  U3902/Y (NAND2X1)                    835296.000 234171024.000 r
  U3903/Y (NAND2X1)                    2153840.000
                                                  236324864.000 f
  U3908/Y (NAND2X1)                    842000.000 237166864.000 r
  U3913/Y (NOR2X1)                     959568.000 238126432.000 f
  U1073/Y (OR2X1)                      2420992.000
                                                  240547424.000 f
  U3917/Y (NAND2X1)                    1626304.000
                                                  242173728.000 r
  U3918/Y (INVX1)                      1241728.000
                                                  243415456.000 f
  U3919/Y (NOR2X1)                     1070752.000
                                                  244486208.000 r
  U3930/Y (NAND2X1)                    1991536.000
                                                  246477744.000 f
  U3931/Y (NAND2X1)                    1159984.000
                                                  247637728.000 r
  out[0] (out)                            0.000   247637728.000 r
  data arrival time                               247637728.000

  clock clk (rise edge)                250000000.000
                                                  250000000.000
  clock network delay (ideal)             0.000   250000000.000
  output external delay                   0.000   250000000.000
  data required time                              250000000.000
  -----------------------------------------------------------
  data required time                              250000000.000
  data arrival time                               -247637728.000
  -----------------------------------------------------------
  slack (MET)                                     2362272.000


1
