****************************************
Report : timing
	-path_type full
	-delay_type max
	-max_paths 1
	-sort_by slack
Design : top
Version: S-2021.06-SP1
Date   : Sun Dec  4 23:15:13 2022
****************************************


  Startpoint: inp[9] (input port clocked by clk)
  Endpoint: out[0] (output port clocked by clk)
  Path Group: clk
  Path Type: max

  Point                                    Incr       Path
  ---------------------------------------------------------------
  clock clk (rise edge)                   0.000      0.000
  clock network delay (ideal)             0.000      0.000
  input external delay                    0.000      0.000 r
  inp[9] (in)                             0.000      0.000 r
  U414/Y (INVX1)                       53904.000  53904.000 f
  U418/Y (NAND2X1)                     1287996.000
                                                  1341900.000 r
  U308/Y (AND2X1)                      2169248.000
                                                  3511148.000 r
  U240/Y (AND2X1)                      1835652.000
                                                  5346800.000 r
  U241/Y (INVX1)                       705216.000 6052016.000 f
  U434/Y (NAND2X1)                     1291604.000
                                                  7343620.000 r
  U136/Y (XNOR2X1)                     6321524.000
                                                  13665144.000 r
  U137/Y (INVX1)                       820428.000 14485572.000 f
  U458/Y (OR2X1)                       2115340.000
                                                  16600912.000 f
  U220/Y (AND2X1)                      2434376.000
                                                  19035288.000 f
  U221/Y (INVX1)                       -1340472.000
                                                  17694816.000 r
  U320/Y (AND2X1)                      2199108.000
                                                  19893924.000 r
  U321/Y (INVX1)                       707796.000 20601720.000 f
  U461/Y (NOR2X1)                      1157576.000
                                                  21759296.000 r
  U463/Y (NOR2X1)                      156772.000 21916068.000 f
  U188/Y (AND2X1)                      2441928.000
                                                  24357996.000 f
  U189/Y (INVX1)                       -1291640.000
                                                  23066356.000 r
  U324/Y (AND2X1)                      2199100.000
                                                  25265456.000 r
  U325/Y (INVX1)                       707800.000 25973256.000 f
  U466/Y (OR2X1)                       2117890.000
                                                  28091146.000 f
  U148/Y (NAND2X1)                     870662.000 28961808.000 r
  U122/Y (AND2X1)                      1818846.000
                                                  30780654.000 r
  U123/Y (INVX1)                       707870.000 31488524.000 f
  U467/Y (NOR2X1)                      1627636.000
                                                  33116160.000 r
  U468/Y (INVX1)                       1007136.000
                                                  34123296.000 f
  U474/Y (NAND2X1)                     1284756.000
                                                  35408052.000 r
  U338/Y (AND2X1)                      1830612.000
                                                  37238664.000 r
  U339/Y (INVX1)                       712324.000 37950988.000 f
  U282/Y (AND2X1)                      2458076.000
                                                  40409064.000 f
  U283/Y (INVX1)                       -1175052.000
                                                  39234012.000 r
  U354/Y (AND2X1)                      2198880.000
                                                  41432892.000 r
  U355/Y (INVX1)                       707872.000 42140764.000 f
  U478/Y (NAND2X1)                     1285772.000
                                                  43426536.000 r
  U194/Y (AND2X1)                      1818752.000
                                                  45245288.000 r
  U195/Y (INVX1)                       708160.000 45953448.000 f
  U87/Y (AND2X1)                       2034904.000
                                                  47988352.000 f
  U88/Y (INVX1)                        -1187232.000
                                                  46801120.000 r
  U150/Y (OR2X1)                       1775912.000
                                                  48577032.000 r
  U151/Y (INVX1)                       710200.000 49287232.000 f
  U146/Y (NAND2X1)                     1285764.000
                                                  50572996.000 r
  U200/Y (AND2X1)                      1818756.000
                                                  52391752.000 r
  U201/Y (INVX1)                       715568.000 53107320.000 f
  U486/Y (NOR2X1)                      1157492.000
                                                  54264812.000 r
  U143/Y (NAND2X1)                     833312.000 55098124.000 f
  U214/Y (AND2X1)                      2044128.000
                                                  57142252.000 f
  U215/Y (INVX1)                       -1187260.000
                                                  55954992.000 r
  U144/Y (NAND2X1)                     1050008.000
                                                  57005000.000 f
  U91/Y (AND2X1)                       2240744.000
                                                  59245744.000 f
  U496/Y (NOR2X1)                      1207840.000
                                                  60453584.000 r
  out[0] (out)                            0.000   60453584.000 r
  data arrival time                               60453584.000

  clock clk (rise edge)                200000000.000
                                                  200000000.000
  clock network delay (ideal)             0.000   200000000.000
  clock reconvergence pessimism           0.000   200000000.000
  output external delay                   0.000   200000000.000
  data required time                              200000000.000
  ---------------------------------------------------------------
  data required time                              200000000.000
  data arrival time                               -60453584.000
  ---------------------------------------------------------------
  slack (MET)                                     139546416.000


1
