 
****************************************
Report : timing
        -path full
        -delay max
        -max_paths 1
Design : top
Version: S-2021.06-SP2
Date   : Sat Dec  3 11:26:51 2022
****************************************

Operating Conditions: TT   Library: PPDK_Standard_Library_1.0V_25C_TYP_X1
Wire Load Model Mode: top

  Startpoint: inp[4] (input port clocked by clk)
  Endpoint: out[0] (output port clocked by clk)
  Path Group: clk
  Path Type: max

  Point                                    Incr       Path
  -----------------------------------------------------------
  clock clk (rise edge)                   0.000      0.000
  clock network delay (ideal)             0.000      0.000
  input external delay                    0.000      0.000 f
  inp[4] (in)                             0.000      0.000 f
  U889/Y (INVX1)                       601910.875 601910.875 r
  U903/Y (NAND2X1)                     1053646.500
                                                  1655557.375 f
  U602/Y (AND2X1)                      2444467.500
                                                  4100025.000 f
  U331/Y (AND2X1)                      2427185.000
                                                  6527210.000 f
  U332/Y (INVX1)                       -1374025.000
                                                  5153185.000 r
  U289/Y (AND2X1)                      2198932.000
                                                  7352117.000 r
  U290/Y (INVX1)                       725046.500 8077163.500 f
  U917/Y (NAND2X1)                     1302437.500
                                                  9379601.000 r
  U918/Y (NAND2X1)                     1129720.000
                                                  10509321.000 f
  U919/Y (NAND2X1)                     1752598.000
                                                  12261919.000 r
  U921/Y (INVX1)                       1100845.000
                                                  13362764.000 f
  U922/Y (NAND2X1)                     1290263.000
                                                  14653027.000 r
  U923/Y (NAND2X1)                     1127887.000
                                                  15780914.000 f
  U926/Y (XOR2X1)                      5351332.000
                                                  21132246.000 r
  U927/Y (INVX1)                       1253040.000
                                                  22385286.000 f
  U932/Y (NAND2X1)                     919380.000 23304666.000 r
  U205/Y (AND2X1)                      1795366.000
                                                  25100032.000 r
  U206/Y (INVX1)                       707698.000 25807730.000 f
  U961/Y (NAND2X1)                     1303382.000
                                                  27111112.000 r
  U963/Y (OR2X1)                       2349360.000
                                                  29460472.000 r
  U964/Y (NAND2X1)                     1217680.000
                                                  30678152.000 f
  U363/Y (INVX1)                       234278.000 30912430.000 r
  U364/Y (INVX1)                       646922.000 31559352.000 f
  U965/Y (OR2X1)                       2115160.000
                                                  33674512.000 f
  U550/Y (AND2X1)                      2048492.000
                                                  35723004.000 f
  U551/Y (INVX1)                       -1450612.000
                                                  34272392.000 r
  U299/Y (AND2X1)                      2199144.000
                                                  36471536.000 r
  U300/Y (INVX1)                       724980.000 37196516.000 f
  U971/Y (INVX1)                       440492.000 37637008.000 r
  U972/Y (NAND2X1)                     1053368.000
                                                  38690376.000 f
  U973/Y (NAND2X1)                     1380784.000
                                                  40071160.000 r
  U974/Y (NAND2X1)                     1152172.000
                                                  41223332.000 f
  U977/Y (NAND2X1)                     1403852.000
                                                  42627184.000 r
  U215/Y (AND2X1)                      2165136.000
                                                  44792320.000 r
  U216/Y (INVX1)                       718636.000 45510956.000 f
  U251/Y (AND2X1)                      2034872.000
                                                  47545828.000 f
  U252/Y (INVX1)                       -1327924.000
                                                  46217904.000 r
  U978/Y (OR2X1)                       1641260.000
                                                  47859164.000 r
  U510/Y (AND2X1)                      1875556.000
                                                  49734720.000 r
  U511/Y (INVX1)                       707708.000 50442428.000 f
  U985/Y (NAND2X1)                     1291608.000
                                                  51734036.000 r
  U989/Y (OR2X1)                       2330232.000
                                                  54064268.000 r
  U538/Y (AND2X1)                      1882936.000
                                                  55947204.000 r
  U539/Y (INVX1)                       715436.000 56662640.000 f
  U596/Y (AND2X1)                      2037088.000
                                                  58699728.000 f
  U235/Y (AND2X1)                      2426848.000
                                                  61126576.000 f
  U236/Y (INVX1)                       -1389068.000
                                                  59737508.000 r
  U995/Y (NAND2X1)                     1069372.000
                                                  60806880.000 f
  U1504/Y (NAND2X1)                    1381932.000
                                                  62188812.000 r
  U662/Y (AND2X1)                      2151004.000
                                                  64339816.000 r
  U663/Y (INVX1)                       730848.000 65070664.000 f
  U1509/Y (NAND2X1)                    1362884.000
                                                  66433548.000 r
  U1645/Y (NAND2X1)                    1147932.000
                                                  67581480.000 f
  U1646/Y (XOR2X1)                     5306008.000
                                                  72887488.000 r
  U1647/Y (XOR2X1)                     4753744.000
                                                  77641232.000 f
  U506/Y (AND2X1)                      2058496.000
                                                  79699728.000 f
  U507/Y (INVX1)                       -1375984.000
                                                  78323744.000 r
  U1648/Y (NAND2X1)                    1052032.000
                                                  79375776.000 f
  U1649/Y (OR2X1)                      2095464.000
                                                  81471240.000 f
  U472/Y (AND2X1)                      2434936.000
                                                  83906176.000 f
  U473/Y (INVX1)                       -1336800.000
                                                  82569376.000 r
  U1651/Y (NAND2X1)                    1052064.000
                                                  83621440.000 f
  U1654/Y (NAND2X1)                    1385272.000
                                                  85006712.000 r
  U1655/Y (NAND2X1)                    1151080.000
                                                  86157792.000 f
  U1656/Y (NAND2X1)                    1752592.000
                                                  87910384.000 r
  U1660/Y (INVX1)                      1096600.000
                                                  89006984.000 f
  U1661/Y (NAND2X1)                    1290264.000
                                                  90297248.000 r
  U119/Y (AND2X1)                      2174528.000
                                                  92471776.000 r
  U120/Y (INVX1)                       715576.000 93187352.000 f
  U1662/Y (NAND2X1)                    1362952.000
                                                  94550304.000 r
  U1664/Y (INVX1)                      1096488.000
                                                  95646792.000 f
  U1665/Y (NAND2X1)                    924968.000 96571760.000 r
  U530/Y (AND2X1)                      1795600.000
                                                  98367360.000 r
  U531/Y (INVX1)                       715576.000 99082936.000 f
  U1668/Y (NAND2X1)                    1291584.000
                                                  100374520.000 r
  U1675/Y (OR2X1)                      2330144.000
                                                  102704664.000 r
  U476/Y (AND2X1)                      2199472.000
                                                  104904136.000 r
  U477/Y (INVX1)                       707456.000 105611592.000 f
  U285/Y (AND2X1)                      2458072.000
                                                  108069664.000 f
  U286/Y (INVX1)                       -229848.000
                                                  107839816.000 r
  U1677/Y (INVX1)                      651864.000 108491680.000 f
  U1678/Y (NAND2X1)                    1357248.000
                                                  109848928.000 r
  U594/Y (INVX1)                       913544.000 110762472.000 f
  U595/Y (INVX1)                       446240.000 111208712.000 r
  U1679/Y (NAND2X1)                    1051800.000
                                                  112260512.000 f
  U1680/Y (NAND2X1)                    1385480.000
                                                  113645992.000 r
  U1682/Y (OR2X1)                      2548312.000
                                                  116194304.000 r
  U460/Y (AND2X1)                      2199272.000
                                                  118393576.000 r
  U461/Y (INVX1)                       707520.000 119101096.000 f
  U1683/Y (NAND2X1)                    1362952.000
                                                  120464048.000 r
  U1686/Y (INVX1)                      1096640.000
                                                  121560688.000 f
  U1687/Y (NAND2X1)                    1357536.000
                                                  122918224.000 r
  U582/Y (INVX1)                       912360.000 123830584.000 f
  U583/Y (INVX1)                       446256.000 124276840.000 r
  U1688/Y (NAND2X1)                    1051800.000
                                                  125328640.000 f
  U1689/Y (NAND2X1)                    1385472.000
                                                  126714112.000 r
  U1703/Y (OR2X1)                      2548312.000
                                                  129262424.000 r
  U462/Y (AND2X1)                      2200416.000
                                                  131462840.000 r
  U463/Y (INVX1)                       707152.000 132169992.000 f
  U1704/Y (NAND2X1)                    1291608.000
                                                  133461600.000 r
  U1711/Y (OR2X1)                      2330192.000
                                                  135791792.000 r
  U452/Y (AND2X1)                      2199504.000
                                                  137991296.000 r
  U453/Y (INVX1)                       707664.000 138698960.000 f
  U1736/Y (XOR2X1)                     5584160.000
                                                  144283120.000 r
  U560/Y (AND2X1)                      2176448.000
                                                  146459568.000 r
  U561/Y (INVX1)                       714960.000 147174528.000 f
  U1801/Y (NAND2X1)                    1285600.000
                                                  148460128.000 r
  U420/Y (AND2X1)                      1818784.000
                                                  150278912.000 r
  U421/Y (INVX1)                       707664.000 150986576.000 f
  U1805/Y (OR2X1)                      2115280.000
                                                  153101856.000 f
  U532/Y (AND2X1)                      2048496.000
                                                  155150352.000 f
  U533/Y (INVX1)                       -1447328.000
                                                  153703024.000 r
  U281/Y (AND2X1)                      1882000.000
                                                  155585024.000 r
  U282/Y (INVX1)                       724976.000 156310000.000 f
  U1807/Y (NAND2X1)                    915056.000 157225056.000 r
  U536/Y (AND2X1)                      1818736.000
                                                  159043792.000 r
  U537/Y (INVX1)                       715472.000 159759264.000 f
  U1812/Y (NAND2X1)                    924560.000 160683824.000 r
  U1814/Y (NOR2X1)                     -290576.000
                                                  160393248.000 f
  U1817/Y (NOR2X1)                     1195584.000
                                                  161588832.000 r
  U1818/Y (NAND2X1)                    1104224.000
                                                  162693056.000 f
  U1819/Y (NAND2X1)                    1390576.000
                                                  164083632.000 r
  U133/Y (AND2X1)                      2165856.000
                                                  166249488.000 r
  U134/Y (INVX1)                       718400.000 166967888.000 f
  U470/Y (AND2X1)                      2034864.000
                                                  169002752.000 f
  U471/Y (INVX1)                       -1327776.000
                                                  167674976.000 r
  U233/Y (AND2X1)                      1881424.000
                                                  169556400.000 r
  U234/Y (INVX1)                       713552.000 170269952.000 f
  U1833/Y (NAND2X1)                    924544.000 171194496.000 r
  U1834/Y (NOR2X1)                     -290320.000
                                                  170904176.000 f
  U1840/Y (NAND2X1)                    1396400.000
                                                  172300576.000 r
  U103/Y (AND2X1)                      1795056.000
                                                  174095632.000 r
  U104/Y (INVX1)                       718512.000 174814144.000 f
  U1846/Y (NAND2X1)                    913216.000 175727360.000 r
  out[0] (out)                            0.000   175727360.000 r
  data arrival time                               175727360.000

  clock clk (rise edge)                200000000.000
                                                  200000000.000
  clock network delay (ideal)             0.000   200000000.000
  output external delay                   0.000   200000000.000
  data required time                              200000000.000
  -----------------------------------------------------------
  data required time                              200000000.000
  data arrival time                               -175727360.000
  -----------------------------------------------------------
  slack (MET)                                     24272640.000


1
