****************************************
Report : timing
	-path_type full
	-delay_type max
	-max_paths 1
	-sort_by slack
Design : top
Version: S-2021.06-SP1
Date   : Fri Dec 16 15:42:11 2022
****************************************


  Startpoint: inp[12] (input port clocked by clk)
  Endpoint: out[0] (output port clocked by clk)
  Path Group: clk
  Path Type: max

  Point                                    Incr       Path
  ---------------------------------------------------------------
  clock clk (rise edge)                   0.000      0.000
  clock network delay (ideal)             0.000      0.000
  input external delay                    0.000      0.000 f
  inp[12] (in)                            0.000      0.000 f
  U849/Y (AND2X1)                      2573904.000
                                                  2573904.000 f
  U850/Y (NAND2X1)                     866592.000 3440496.000 r
  U852/Y (NAND2X1)                     1053072.000
                                                  4493568.000 f
  U853/Y (NAND2X1)                     1619296.000
                                                  6112864.000 r
  U854/Y (INVX1)                       1238192.000
                                                  7351056.000 f
  U855/Y (XOR2X1)                      5231536.000
                                                  12582592.000 r
  U856/Y (XOR2X1)                      5483424.000
                                                  18066016.000 f
  U950/Y (XOR2X1)                      5448752.000
                                                  23514768.000 r
  U953/Y (NAND2X1)                     2834848.000
                                                  26349616.000 f
  U954/Y (NAND2X1)                     1619680.000
                                                  27969296.000 r
  U955/Y (INVX1)                       1238208.000
                                                  29207504.000 f
  U966/Y (XOR2X1)                      5941856.000
                                                  35149360.000 r
  U470/Y (XNOR2X1)                     6627712.000
                                                  41777072.000 r
  U471/Y (INVX1)                       1045872.000
                                                  42822944.000 f
  U478/Y (XNOR2X1)                     4713568.000
                                                  47536512.000 r
  U479/Y (INVX1)                       985680.000 48522192.000 f
  U1014/Y (XOR2X1)                     6261840.000
                                                  54784032.000 r
  U1047/Y (INVX1)                      1394080.000
                                                  56178112.000 f
  U1048/Y (NAND2X1)                    1161968.000
                                                  57340080.000 r
  U1049/Y (AND2X1)                     1950288.000
                                                  59290368.000 r
  U1050/Y (NOR2X1)                     1242752.000
                                                  60533120.000 f
  U1051/Y (INVX1)                      -541904.000
                                                  59991216.000 r
  U1055/Y (NAND2X1)                    1009040.000
                                                  61000256.000 f
  U1056/Y (NAND2X1)                    1176656.000
                                                  62176912.000 r
  U1115/Y (NAND2X1)                    1050192.000
                                                  63227104.000 f
  U1116/Y (NAND2X1)                    1636752.000
                                                  64863856.000 r
  U1122/Y (INVX1)                      1251872.000
                                                  66115728.000 f
  U1123/Y (NAND2X1)                    807232.000 66922960.000 r
  U1124/Y (NAND2X1)                    2198912.000
                                                  69121872.000 f
  U1125/Y (NAND2X1)                    1165872.000
                                                  70287744.000 r
  U1126/Y (NAND2X1)                    2148640.000
                                                  72436384.000 f
  U1129/Y (NAND2X1)                    1274096.000
                                                  73710480.000 r
  U776/Y (OR2X1)                       6785072.000
                                                  80495552.000 r
  U1135/Y (NAND2X1)                    1542544.000
                                                  82038096.000 f
  U339/Y (INVX1)                       257280.000 82295376.000 r
  U340/Y (INVX1)                       816032.000 83111408.000 f
  U3011/Y (XOR2X1)                     6262656.000
                                                  89374064.000 r
  U3013/Y (NAND2X1)                    1077696.000
                                                  90451760.000 f
  U3016/Y (NAND2X1)                    1281376.000
                                                  91733136.000 r
  U3017/Y (INVX1)                      1252688.000
                                                  92985824.000 f
  U3300/Y (XOR2X1)                     5944544.000
                                                  98930368.000 r
  U298/Y (XNOR2X1)                     6627712.000
                                                  105558080.000 r
  U299/Y (INVX1)                       1093456.000
                                                  106651536.000 f
  U3842/Y (NAND2X1)                    1621696.000
                                                  108273232.000 r
  U3843/Y (INVX1)                      1247120.000
                                                  109520352.000 f
  U3844/Y (XNOR2X1)                    6855600.000
                                                  116375952.000 f
  U3848/Y (NAND2X1)                    856360.000 117232312.000 r
  U3849/Y (NAND2X1)                    2206320.000
                                                  119438632.000 f
  U3850/Y (NAND2X1)                    1182480.000
                                                  120621112.000 r
  U3853/Y (OR2X1)                      5273736.000
                                                  125894848.000 r
  U3854/Y (NAND2X1)                    1494744.000
                                                  127389592.000 f
  U3855/Y (NAND2X1)                    1182488.000
                                                  128572080.000 r
  U3859/Y (NOR2X1)                     959720.000 129531800.000 f
  U3860/Y (OR2X1)                      2421232.000
                                                  131953032.000 f
  U3861/Y (NAND2X1)                    1184632.000
                                                  133137664.000 r
  U3864/Y (OR2X1)                      5136320.000
                                                  138273984.000 r
  U3865/Y (NAND2X1)                    1472736.000
                                                  139746720.000 f
  U3866/Y (NAND2X1)                    1624816.000
                                                  141371536.000 r
  U3932/Y (NAND2X1)                    1071456.000
                                                  142442992.000 f
  U3933/Y (NAND2X1)                    1172208.000
                                                  143615200.000 r
  U318/Y (NAND2X1)                     1475824.000
                                                  145091024.000 f
  U306/Y (INVX1)                       268240.000 145359264.000 r
  U307/Y (INVX1)                       758752.000 146118016.000 f
  U3951/Y (NAND2X1)                    1255280.000
                                                  147373296.000 r
  U3952/Y (INVX1)                      1242896.000
                                                  148616192.000 f
  U408/Y (OR2X1)                       2438064.000
                                                  151054256.000 f
  U3954/Y (OR2X1)                      2395408.000
                                                  153449664.000 f
  U3965/Y (NAND2X1)                    1272416.000
                                                  154722080.000 r
  U3966/Y (INVX1)                      1237136.000
                                                  155959216.000 f
  U3969/Y (OR2X1)                      2431552.000
                                                  158390768.000 f
  U3978/Y (NAND2X1)                    845600.000 159236368.000 r
  U3981/Y (NAND2X1)                    1048608.000
                                                  160284976.000 f
  U3990/Y (NAND2X1)                    836304.000 161121280.000 r
  U3993/Y (NAND2X1)                    1048592.000
                                                  162169872.000 f
  U3994/Y (NAND2X1)                    1165840.000
                                                  163335712.000 r
  U3997/Y (NAND2X1)                    1049008.000
                                                  164384720.000 f
  U4006/Y (NAND2X1)                    836368.000 165221088.000 r
  U4009/Y (NAND2X1)                    1048608.000
                                                  166269696.000 f
  U4010/Y (NAND2X1)                    836304.000 167106000.000 r
  U4013/Y (NAND2X1)                    1048608.000
                                                  168154608.000 f
  U4022/Y (NAND2X1)                    1268224.000
                                                  169422832.000 r
  U4023/Y (INVX1)                      1237168.000
                                                  170660000.000 f
  U4029/Y (NAND2X1)                    813024.000 171473024.000 r
  U758/Y (NAND2X1)                     1068224.000
                                                  172541248.000 f
  U4050/Y (NAND2X1)                    836512.000 173377760.000 r
  U4052/Y (NAND2X1)                    1229120.000
                                                  174606880.000 f
  U4065/Y (NAND2X1)                    840416.000 175447296.000 r
  U4066/Y (NAND2X1)                    2206352.000
                                                  177653648.000 f
  U4075/Y (NAND2X1)                    836368.000 178490016.000 r
  U4078/Y (NAND2X1)                    1048608.000
                                                  179538624.000 f
  U4079/Y (NAND2X1)                    836304.000 180374928.000 r
  U4082/Y (NAND2X1)                    1048608.000
                                                  181423536.000 f
  U4091/Y (AND2X1)                     2054976.000
                                                  183478512.000 f
  U4093/Y (NOR2X1)                     1559200.000
                                                  185037712.000 r
  U4094/Y (INVX1)                      1053120.000
                                                  186090832.000 f
  U4103/Y (NAND2X1)                    807296.000 186898128.000 r
  U4106/Y (NAND2X1)                    1048608.000
                                                  187946736.000 f
  U4107/Y (NAND2X1)                    836304.000 188783040.000 r
  U4110/Y (NAND2X1)                    1048608.000
                                                  189831648.000 f
  U4118/Y (NAND2X1)                    836304.000 190667952.000 r
  U321/Y (NAND2X1)                     1225232.000
                                                  191893184.000 f
  U322/Y (INVX1)                       371504.000 192264688.000 r
  U4139/Y (NAND2X1)                    2115792.000
                                                  194380480.000 f
  U4140/Y (NAND2X1)                    1172224.000
                                                  195552704.000 r
  U778/Y (OR2X1)                       5139840.000
                                                  200692544.000 r
  U4151/Y (NAND2X1)                    1004960.000
                                                  201697504.000 f
  U4153/Y (NAND2X1)                    835328.000 202532832.000 r
  U4154/Y (NOR2X1)                     1185856.000
                                                  203718688.000 f
  U4155/Y (INVX1)                      -481120.000
                                                  203237568.000 r
  U4159/Y (NAND2X1)                    1008832.000
                                                  204246400.000 f
  U4161/Y (NAND2X1)                    835968.000 205082368.000 r
  U777/Y (OR2X1)                       5170016.000
                                                  210252384.000 r
  U4166/Y (NAND2X1)                    1004960.000
                                                  211257344.000 f
  U4167/Y (NAND2X1)                    1170864.000
                                                  212428208.000 r
  U4168/Y (OR2X1)                      5229840.000
                                                  217658048.000 r
  U4169/Y (NAND2X1)                    1360992.000
                                                  219019040.000 f
  U4171/Y (NAND2X1)                    842032.000 219861072.000 r
  U4175/Y (OR2X1)                      5168976.000
                                                  225030048.000 r
  U4176/Y (NAND2X1)                    1361008.000
                                                  226391056.000 f
  U4178/Y (NAND2X1)                    842016.000 227233072.000 r
  U4179/Y (OR2X1)                      5170448.000
                                                  232403520.000 r
  U4180/Y (NAND2X1)                    1360992.000
                                                  233764512.000 f
  U4182/Y (NAND2X1)                    842032.000 234606544.000 r
  U4192/Y (NAND2X1)                    1049264.000
                                                  235655808.000 f
  U4193/Y (NAND2X1)                    1171760.000
                                                  236827568.000 r
  U4199/Y (OR2X1)                      5169936.000
                                                  241997504.000 r
  U4200/Y (NAND2X1)                    1360992.000
                                                  243358496.000 f
  U4201/Y (NAND2X1)                    1273856.000
                                                  244632352.000 r
  U4202/Y (INVX1)                      1243264.000
                                                  245875616.000 f
  U4209/Y (NAND2X1)                    807344.000 246682960.000 r
  U4210/Y (NAND2X1)                    2198816.000
                                                  248881776.000 f
  U4215/Y (NAND2X1)                    830704.000 249712480.000 r
  out[0] (out)                            0.000   249712480.000 r
  data arrival time                               249712480.000

  clock clk (rise edge)                250000000.000
                                                  250000000.000
  clock network delay (ideal)             0.000   250000000.000
  clock reconvergence pessimism           0.000   250000000.000
  output external delay                   0.000   250000000.000
  data required time                              250000000.000
  ---------------------------------------------------------------
  data required time                              250000000.000
  data arrival time                               -249712480.000
  ---------------------------------------------------------------
  slack (MET)                                     287520.000


1
